/home/huangyating/miniconda3/envs/m2vllm/lib/python3.12/site-packages/torch/nn/modules/conv.py:186: UserWarning: Initializing zero-element tensors is a no-op
  init.kaiming_uniform_(self.weight, a=math.sqrt(5))
retrained_fcn v0 {'model': 'retrained_fcn', 'variant': 'v0', 'file_n': 8, 'file_accuracy': 0.25, 'file_macro_f1': 0.1, 'file_balanced_accuracy': 0.25, 'window_n': 58, 'window_accuracy': 0.3103448275862069, 'window_macro_f1': 0.11842105263157894, 'window_balanced_accuracy': 0.25}
retrained_fcn reference_bandlimited2k {'model': 'retrained_fcn', 'variant': 'reference_bandlimited2k', 'file_n': 8, 'file_accuracy': 0.25, 'file_macro_f1': 0.1111111111111111, 'file_balanced_accuracy': 0.25, 'window_n': 58, 'window_accuracy': 0.3275862068965517, 'window_macro_f1': 0.16904761904761906, 'window_balanced_accuracy': 0.26944444444444443}
retrained_fcn query_no_demean {'model': 'retrained_fcn', 'variant': 'query_no_demean', 'file_n': 8, 'file_accuracy': 0.25, 'file_macro_f1': 0.14285714285714285, 'file_balanced_accuracy': 0.25, 'window_n': 58, 'window_accuracy': 0.2413793103448276, 'window_macro_f1': 0.18353236957888122, 'window_balanced_accuracy': 0.2532051282051282}
retrained_fcn query_no_demean_ref2k {'model': 'retrained_fcn', 'variant': 'query_no_demean_ref2k', 'file_n': 8, 'file_accuracy': 0.25, 'file_macro_f1': 0.1111111111111111, 'file_balanced_accuracy': 0.25, 'window_n': 58, 'window_accuracy': 0.27586206896551724, 'window_macro_f1': 0.17610837438423643, 'window_balanced_accuracy': 0.29743589743589743}
retrained_fcn query_ref_demean {'model': 'retrained_fcn', 'variant': 'query_ref_demean', 'file_n': 8, 'file_accuracy': 0.25, 'file_macro_f1': 0.1, 'file_balanced_accuracy': 0.25, 'window_n': 58, 'window_accuracy': 0.3103448275862069, 'window_macro_f1': 0.11842105263157894, 'window_balanced_accuracy': 0.25}
retrained_fcn query_ref_demean_ref2k {'model': 'retrained_fcn', 'variant': 'query_ref_demean_ref2k', 'file_n': 8, 'file_accuracy': 0.25, 'file_macro_f1': 0.1111111111111111, 'file_balanced_accuracy': 0.25, 'window_n': 58, 'window_accuracy': 0.3103448275862069, 'window_macro_f1': 0.14471830985915493, 'window_balanced_accuracy': 0.25277777777777777}
/home/huangyating/miniconda3/envs/m2vllm/lib/python3.12/site-packages/torch/nn/modules/conv.py:186: UserWarning: Initializing zero-element tensors is a no-op
  init.kaiming_uniform_(self.weight, a=math.sqrt(5))
retrained_final v0 {'model': 'retrained_final', 'variant': 'v0', 'file_n': 8, 'file_accuracy': 0.25, 'file_macro_f1': 0.1, 'file_balanced_accuracy': 0.25, 'window_n': 58, 'window_accuracy': 0.3103448275862069, 'window_macro_f1': 0.11842105263157894, 'window_balanced_accuracy': 0.25}
retrained_final reference_bandlimited2k {'model': 'retrained_final', 'variant': 'reference_bandlimited2k', 'file_n': 8, 'file_accuracy': 0.25, 'file_macro_f1': 0.1111111111111111, 'file_balanced_accuracy': 0.25, 'window_n': 58, 'window_accuracy': 0.29310344827586204, 'window_macro_f1': 0.11805555555555555, 'window_balanced_accuracy': 0.2361111111111111}
retrained_final query_no_demean {'model': 'retrained_final', 'variant': 'query_no_demean', 'file_n': 8, 'file_accuracy': 0.25, 'file_macro_f1': 0.1, 'file_balanced_accuracy': 0.25, 'window_n': 58, 'window_accuracy': 0.3103448275862069, 'window_macro_f1': 0.11842105263157894, 'window_balanced_accuracy': 0.25}
retrained_final query_no_demean_ref2k {'model': 'retrained_final', 'variant': 'query_no_demean_ref2k', 'file_n': 8, 'file_accuracy': 0.25, 'file_macro_f1': 0.16666666666666666, 'file_balanced_accuracy': 0.25, 'window_n': 58, 'window_accuracy': 0.25862068965517243, 'window_macro_f1': 0.19169066227889758, 'window_balanced_accuracy': 0.2728632478632479}
retrained_final query_ref_demean {'model': 'retrained_final', 'variant': 'query_ref_demean', 'file_n': 8, 'file_accuracy': 0.25, 'file_macro_f1': 0.1, 'file_balanced_accuracy': 0.25, 'window_n': 58, 'window_accuracy': 0.3103448275862069, 'window_macro_f1': 0.11842105263157894, 'window_balanced_accuracy': 0.25}
retrained_final query_ref_demean_ref2k {'model': 'retrained_final', 'variant': 'query_ref_demean_ref2k', 'file_n': 8, 'file_accuracy': 0.25, 'file_macro_f1': 0.1111111111111111, 'file_balanced_accuracy': 0.25, 'window_n': 58, 'window_accuracy': 0.29310344827586204, 'window_macro_f1': 0.11805555555555555, 'window_balanced_accuracy': 0.2361111111111111}
/home/huangyating/miniconda3/envs/m2vllm/lib/python3.12/site-packages/torch/nn/modules/conv.py:186: UserWarning: Initializing zero-element tensors is a no-op
  init.kaiming_uniform_(self.weight, a=math.sqrt(5))
official_final v0 {'model': 'official_final', 'variant': 'v0', 'file_n': 8, 'file_accuracy': 0.0, 'file_macro_f1': 0.0, 'file_balanced_accuracy': 0.0, 'window_n': 58, 'window_accuracy': 0.10344827586206896, 'window_macro_f1': 0.0858000858000858, 'window_balanced_accuracy': 0.09561965811965811}
official_final reference_bandlimited2k {'model': 'official_final', 'variant': 'reference_bandlimited2k', 'file_n': 8, 'file_accuracy': 0.25, 'file_macro_f1': 0.1, 'file_balanced_accuracy': 0.25, 'window_n': 58, 'window_accuracy': 0.22413793103448276, 'window_macro_f1': 0.09154929577464789, 'window_balanced_accuracy': 0.25}
official_final query_no_demean {'model': 'official_final', 'variant': 'query_no_demean', 'file_n': 8, 'file_accuracy': 0.25, 'file_macro_f1': 0.1, 'file_balanced_accuracy': 0.25, 'window_n': 58, 'window_accuracy': 0.22413793103448276, 'window_macro_f1': 0.09154929577464789, 'window_balanced_accuracy': 0.25}
official_final query_no_demean_ref2k {'model': 'official_final', 'variant': 'query_no_demean_ref2k', 'file_n': 8, 'file_accuracy': 0.25, 'file_macro_f1': 0.1, 'file_balanced_accuracy': 0.25, 'window_n': 58, 'window_accuracy': 0.22413793103448276, 'window_macro_f1': 0.09154929577464789, 'window_balanced_accuracy': 0.25}
official_final query_ref_demean {'model': 'official_final', 'variant': 'query_ref_demean', 'file_n': 8, 'file_accuracy': 0.0, 'file_macro_f1': 0.0, 'file_balanced_accuracy': 0.0, 'window_n': 58, 'window_accuracy': 0.1206896551724138, 'window_macro_f1': 0.09819688109161792, 'window_balanced_accuracy': 0.10950854700854701}
official_final query_ref_demean_ref2k {'model': 'official_final', 'variant': 'query_ref_demean_ref2k', 'file_n': 8, 'file_accuracy': 0.25, 'file_macro_f1': 0.1, 'file_balanced_accuracy': 0.25, 'window_n': 58, 'window_accuracy': 0.22413793103448276, 'window_macro_f1': 0.09154929577464789, 'window_balanced_accuracy': 0.25}
