{"task": "four_class_provisional_roi", "fold": "0000", "method": "supervised", "seed": 17, "seconds": 0.43}
{"task": "four_class_provisional_roi", "fold": "0000", "method": "supervised", "seed": 42, "seconds": 0.22}
{"task": "four_class_provisional_roi", "fold": "0000", "method": "supervised", "seed": 73, "seconds": 0.23}
{"task": "four_class_provisional_roi", "fold": "0000", "method": "head_only", "seed": 17, "seconds": 0.24}
{"task": "four_class_provisional_roi", "fold": "0000", "method": "head_only", "seed": 42, "seconds": 0.25}
{"task": "four_class_provisional_roi", "fold": "0000", "method": "head_only", "seed": 73, "seconds": 0.24}
{"task": "four_class_provisional_roi", "fold": "0000", "method": "distill", "seed": 17, "seconds": 0.34}
{"task": "four_class_provisional_roi", "fold": "0000", "method": "distill", "seed": 42, "seconds": 0.32}
{"task": "four_class_provisional_roi", "fold": "0000", "method": "distill", "seed": 73, "seconds": 0.34}
{"task": "four_class_provisional_roi", "fold": "0000", "method": "no_contrast", "seed": 17, "seconds": 0.28}
{"task": "four_class_provisional_roi", "fold": "0000", "method": "no_contrast", "seed": 42, "seconds": 0.28}
{"task": "four_class_provisional_roi", "fold": "0000", "method": "no_contrast", "seed": 73, "seconds": 0.27}
{"task": "four_class_provisional_roi", "fold": "0000", "method": "no_radar_CE", "seed": 17, "seconds": 0.28}
{"task": "four_class_provisional_roi", "fold": "0000", "method": "no_radar_CE", "seed": 42, "seconds": 0.29}
{"task": "four_class_provisional_roi", "fold": "0000", "method": "no_radar_CE", "seed": 73, "seconds": 0.29}
{"task": "four_class_provisional_roi", "fold": "0000", "method": "shuffled", "seed": 17, "seconds": 0.3}
{"task": "four_class_provisional_roi", "fold": "0000", "method": "shuffled", "seed": 42, "seconds": 0.3}
{"task": "four_class_provisional_roi", "fold": "0000", "method": "shuffled", "seed": 73, "seconds": 0.28}
{"task": "four_class_provisional_roi", "fold": "0000", "method": "distill_phase", "seed": 17, "seconds": 0.27}
{"task": "four_class_provisional_roi", "fold": "0000", "method": "distill_phase", "seed": 42, "seconds": 0.25}
{"task": "four_class_provisional_roi", "fold": "0000", "method": "distill_phase", "seed": 73, "seconds": 0.25}
{"task": "four_class_provisional_roi", "fold": "0000", "method": "original_head", "seed": 17, "seconds": 0.22}
{"task": "four_class_provisional_roi", "fold": "0000", "method": "original_head", "seed": 42, "seconds": 0.22}
{"task": "four_class_provisional_roi", "fold": "0000", "method": "original_head", "seed": 73, "seconds": 0.22}
{"task": "four_class_provisional_roi", "fold": "0001", "method": "supervised", "seed": 17, "seconds": 0.23}
{"task": "four_class_provisional_roi", "fold": "0001", "method": "supervised", "seed": 42, "seconds": 0.23}
{"task": "four_class_provisional_roi", "fold": "0001", "method": "supervised", "seed": 73, "seconds": 0.23}
{"task": "four_class_provisional_roi", "fold": "0001", "method": "head_only", "seed": 17, "seconds": 0.22}
{"task": "four_class_provisional_roi", "fold": "0001", "method": "head_only", "seed": 42, "seconds": 0.22}
{"task": "four_class_provisional_roi", "fold": "0001", "method": "head_only", "seed": 73, "seconds": 0.22}
{"task": "four_class_provisional_roi", "fold": "0001", "method": "distill", "seed": 17, "seconds": 0.3}
{"task": "four_class_provisional_roi", "fold": "0001", "method": "distill", "seed": 42, "seconds": 0.31}
{"task": "four_class_provisional_roi", "fold": "0001", "method": "distill", "seed": 73, "seconds": 0.31}
{"task": "four_class_provisional_roi", "fold": "0001", "method": "no_contrast", "seed": 17, "seconds": 0.25}
{"task": "four_class_provisional_roi", "fold": "0001", "method": "no_contrast", "seed": 42, "seconds": 0.26}
{"task": "four_class_provisional_roi", "fold": "0001", "method": "no_contrast", "seed": 73, "seconds": 0.25}
{"task": "four_class_provisional_roi", "fold": "0001", "method": "no_radar_CE", "seed": 17, "seconds": 0.27}
{"task": "four_class_provisional_roi", "fold": "0001", "method": "no_radar_CE", "seed": 42, "seconds": 0.27}
{"task": "four_class_provisional_roi", "fold": "0001", "method": "no_radar_CE", "seed": 73, "seconds": 0.27}
{"task": "four_class_provisional_roi", "fold": "0001", "method": "shuffled", "seed": 17, "seconds": 0.28}
{"task": "four_class_provisional_roi", "fold": "0001", "method": "shuffled", "seed": 42, "seconds": 0.28}
{"task": "four_class_provisional_roi", "fold": "0001", "method": "shuffled", "seed": 73, "seconds": 0.28}
{"task": "four_class_provisional_roi", "fold": "0001", "method": "distill_phase", "seed": 17, "seconds": 0.28}
{"task": "four_class_provisional_roi", "fold": "0001", "method": "distill_phase", "seed": 42, "seconds": 0.28}
{"task": "four_class_provisional_roi", "fold": "0001", "method": "distill_phase", "seed": 73, "seconds": 0.27}
{"task": "four_class_provisional_roi", "fold": "0001", "method": "original_head", "seed": 17, "seconds": 0.21}
{"task": "four_class_provisional_roi", "fold": "0001", "method": "original_head", "seed": 42, "seconds": 0.21}
{"task": "four_class_provisional_roi", "fold": "0001", "method": "original_head", "seed": 73, "seconds": 0.21}
{"task": "four_class_provisional_roi", "fold": "0010", "method": "supervised", "seed": 17, "seconds": 0.22}
{"task": "four_class_provisional_roi", "fold": "0010", "method": "supervised", "seed": 42, "seconds": 0.22}
{"task": "four_class_provisional_roi", "fold": "0010", "method": "supervised", "seed": 73, "seconds": 0.24}
{"task": "four_class_provisional_roi", "fold": "0010", "method": "head_only", "seed": 17, "seconds": 0.25}
{"task": "four_class_provisional_roi", "fold": "0010", "method": "head_only", "seed": 42, "seconds": 0.25}
{"task": "four_class_provisional_roi", "fold": "0010", "method": "head_only", "seed": 73, "seconds": 0.25}
{"task": "four_class_provisional_roi", "fold": "0010", "method": "distill", "seed": 17, "seconds": 0.32}
{"task": "four_class_provisional_roi", "fold": "0010", "method": "distill", "seed": 42, "seconds": 0.32}
{"task": "four_class_provisional_roi", "fold": "0010", "method": "distill", "seed": 73, "seconds": 0.32}
{"task": "four_class_provisional_roi", "fold": "0010", "method": "no_contrast", "seed": 17, "seconds": 0.28}
{"task": "four_class_provisional_roi", "fold": "0010", "method": "no_contrast", "seed": 42, "seconds": 0.28}
{"task": "four_class_provisional_roi", "fold": "0010", "method": "no_contrast", "seed": 73, "seconds": 0.29}
{"task": "four_class_provisional_roi", "fold": "0010", "method": "no_radar_CE", "seed": 17, "seconds": 0.33}
{"task": "four_class_provisional_roi", "fold": "0010", "method": "no_radar_CE", "seed": 42, "seconds": 0.3}
{"task": "four_class_provisional_roi", "fold": "0010", "method": "no_radar_CE", "seed": 73, "seconds": 0.27}
{"task": "four_class_provisional_roi", "fold": "0010", "method": "shuffled", "seed": 17, "seconds": 0.28}
{"task": "four_class_provisional_roi", "fold": "0010", "method": "shuffled", "seed": 42, "seconds": 0.28}
{"task": "four_class_provisional_roi", "fold": "0010", "method": "shuffled", "seed": 73, "seconds": 0.28}
{"task": "four_class_provisional_roi", "fold": "0010", "method": "distill_phase", "seed": 17, "seconds": 0.27}
{"task": "four_class_provisional_roi", "fold": "0010", "method": "distill_phase", "seed": 42, "seconds": 0.27}
{"task": "four_class_provisional_roi", "fold": "0010", "method": "distill_phase", "seed": 73, "seconds": 0.28}
{"task": "four_class_provisional_roi", "fold": "0010", "method": "original_head", "seed": 17, "seconds": 0.23}
{"task": "four_class_provisional_roi", "fold": "0010", "method": "original_head", "seed": 42, "seconds": 0.21}
{"task": "four_class_provisional_roi", "fold": "0010", "method": "original_head", "seed": 73, "seconds": 0.22}
{"task": "four_class_provisional_roi", "fold": "0011", "method": "supervised", "seed": 17, "seconds": 0.22}
{"task": "four_class_provisional_roi", "fold": "0011", "method": "supervised", "seed": 42, "seconds": 0.22}
{"task": "four_class_provisional_roi", "fold": "0011", "method": "supervised", "seed": 73, "seconds": 0.22}
{"task": "four_class_provisional_roi", "fold": "0011", "method": "head_only", "seed": 17, "seconds": 0.22}
{"task": "four_class_provisional_roi", "fold": "0011", "method": "head_only", "seed": 42, "seconds": 0.22}
{"task": "four_class_provisional_roi", "fold": "0011", "method": "head_only", "seed": 73, "seconds": 0.22}
{"task": "four_class_provisional_roi", "fold": "0011", "method": "distill", "seed": 17, "seconds": 0.29}
{"task": "four_class_provisional_roi", "fold": "0011", "method": "distill", "seed": 42, "seconds": 0.28}
{"task": "four_class_provisional_roi", "fold": "0011", "method": "distill", "seed": 73, "seconds": 0.28}
{"task": "four_class_provisional_roi", "fold": "0011", "method": "no_contrast", "seed": 17, "seconds": 0.24}
{"task": "four_class_provisional_roi", "fold": "0011", "method": "no_contrast", "seed": 42, "seconds": 0.24}
{"task": "four_class_provisional_roi", "fold": "0011", "method": "no_contrast", "seed": 73, "seconds": 0.24}
{"task": "four_class_provisional_roi", "fold": "0011", "method": "no_radar_CE", "seed": 17, "seconds": 0.27}
{"task": "four_class_provisional_roi", "fold": "0011", "method": "no_radar_CE", "seed": 42, "seconds": 0.26}
{"task": "four_class_provisional_roi", "fold": "0011", "method": "no_radar_CE", "seed": 73, "seconds": 0.24}
{"task": "four_class_provisional_roi", "fold": "0011", "method": "shuffled", "seed": 17, "seconds": 0.24}
{"task": "four_class_provisional_roi", "fold": "0011", "method": "shuffled", "seed": 42, "seconds": 0.25}
{"task": "four_class_provisional_roi", "fold": "0011", "method": "shuffled", "seed": 73, "seconds": 0.24}
{"task": "four_class_provisional_roi", "fold": "0011", "method": "distill_phase", "seed": 17, "seconds": 0.25}
{"task": "four_class_provisional_roi", "fold": "0011", "method": "distill_phase", "seed": 42, "seconds": 0.24}
{"task": "four_class_provisional_roi", "fold": "0011", "method": "distill_phase", "seed": 73, "seconds": 0.24}
{"task": "four_class_provisional_roi", "fold": "0011", "method": "original_head", "seed": 17, "seconds": 0.2}
{"task": "four_class_provisional_roi", "fold": "0011", "method": "original_head", "seed": 42, "seconds": 0.2}
{"task": "four_class_provisional_roi", "fold": "0011", "method": "original_head", "seed": 73, "seconds": 0.19}
{"task": "four_class_provisional_roi", "fold": "0100", "method": "supervised", "seed": 17, "seconds": 0.2}
{"task": "four_class_provisional_roi", "fold": "0100", "method": "supervised", "seed": 42, "seconds": 0.19}
{"task": "four_class_provisional_roi", "fold": "0100", "method": "supervised", "seed": 73, "seconds": 0.19}
{"task": "four_class_provisional_roi", "fold": "0100", "method": "head_only", "seed": 17, "seconds": 0.19}
{"task": "four_class_provisional_roi", "fold": "0100", "method": "head_only", "seed": 42, "seconds": 0.19}
{"task": "four_class_provisional_roi", "fold": "0100", "method": "head_only", "seed": 73, "seconds": 0.19}
{"task": "four_class_provisional_roi", "fold": "0100", "method": "distill", "seed": 17, "seconds": 0.24}
{"task": "four_class_provisional_roi", "fold": "0100", "method": "distill", "seed": 42, "seconds": 0.24}
{"task": "four_class_provisional_roi", "fold": "0100", "method": "distill", "seed": 73, "seconds": 0.24}
{"task": "four_class_provisional_roi", "fold": "0100", "method": "no_contrast", "seed": 17, "seconds": 0.21}
{"task": "four_class_provisional_roi", "fold": "0100", "method": "no_contrast", "seed": 42, "seconds": 0.22}
{"task": "four_class_provisional_roi", "fold": "0100", "method": "no_contrast", "seed": 73, "seconds": 0.24}
{"task": "four_class_provisional_roi", "fold": "0100", "method": "no_radar_CE", "seed": 17, "seconds": 0.27}
{"task": "four_class_provisional_roi", "fold": "0100", "method": "no_radar_CE", "seed": 42, "seconds": 0.27}
{"task": "four_class_provisional_roi", "fold": "0100", "method": "no_radar_CE", "seed": 73, "seconds": 0.27}
{"task": "four_class_provisional_roi", "fold": "0100", "method": "shuffled", "seed": 17, "seconds": 0.28}
{"task": "four_class_provisional_roi", "fold": "0100", "method": "shuffled", "seed": 42, "seconds": 0.28}
{"task": "four_class_provisional_roi", "fold": "0100", "method": "shuffled", "seed": 73, "seconds": 0.28}
{"task": "four_class_provisional_roi", "fold": "0100", "method": "distill_phase", "seed": 17, "seconds": 0.28}
{"task": "four_class_provisional_roi", "fold": "0100", "method": "distill_phase", "seed": 42, "seconds": 0.28}
{"task": "four_class_provisional_roi", "fold": "0100", "method": "distill_phase", "seed": 73, "seconds": 0.28}
{"task": "four_class_provisional_roi", "fold": "0100", "method": "original_head", "seed": 17, "seconds": 0.21}
{"task": "four_class_provisional_roi", "fold": "0100", "method": "original_head", "seed": 42, "seconds": 0.21}
{"task": "four_class_provisional_roi", "fold": "0100", "method": "original_head", "seed": 73, "seconds": 0.22}
{"task": "four_class_provisional_roi", "fold": "0101", "method": "supervised", "seed": 17, "seconds": 0.21}
{"task": "four_class_provisional_roi", "fold": "0101", "method": "supervised", "seed": 42, "seconds": 0.22}
{"task": "four_class_provisional_roi", "fold": "0101", "method": "supervised", "seed": 73, "seconds": 0.22}
{"task": "four_class_provisional_roi", "fold": "0101", "method": "head_only", "seed": 17, "seconds": 0.21}
{"task": "four_class_provisional_roi", "fold": "0101", "method": "head_only", "seed": 42, "seconds": 0.22}
{"task": "four_class_provisional_roi", "fold": "0101", "method": "head_only", "seed": 73, "seconds": 0.22}
{"task": "four_class_provisional_roi", "fold": "0101", "method": "distill", "seed": 17, "seconds": 0.28}
{"task": "four_class_provisional_roi", "fold": "0101", "method": "distill", "seed": 42, "seconds": 0.28}
{"task": "four_class_provisional_roi", "fold": "0101", "method": "distill", "seed": 73, "seconds": 0.28}
{"task": "four_class_provisional_roi", "fold": "0101", "method": "no_contrast", "seed": 17, "seconds": 0.24}
{"task": "four_class_provisional_roi", "fold": "0101", "method": "no_contrast", "seed": 42, "seconds": 0.24}
{"task": "four_class_provisional_roi", "fold": "0101", "method": "no_contrast", "seed": 73, "seconds": 0.24}
{"task": "four_class_provisional_roi", "fold": "0101", "method": "no_radar_CE", "seed": 17, "seconds": 0.27}
{"task": "four_class_provisional_roi", "fold": "0101", "method": "no_radar_CE", "seed": 42, "seconds": 0.27}
{"task": "four_class_provisional_roi", "fold": "0101", "method": "no_radar_CE", "seed": 73, "seconds": 0.27}
{"task": "four_class_provisional_roi", "fold": "0101", "method": "shuffled", "seed": 17, "seconds": 0.28}
{"task": "four_class_provisional_roi", "fold": "0101", "method": "shuffled", "seed": 42, "seconds": 0.28}
{"task": "four_class_provisional_roi", "fold": "0101", "method": "shuffled", "seed": 73, "seconds": 0.28}
{"task": "four_class_provisional_roi", "fold": "0101", "method": "distill_phase", "seed": 17, "seconds": 0.28}
{"task": "four_class_provisional_roi", "fold": "0101", "method": "distill_phase", "seed": 42, "seconds": 0.28}
{"task": "four_class_provisional_roi", "fold": "0101", "method": "distill_phase", "seed": 73, "seconds": 0.28}
{"task": "four_class_provisional_roi", "fold": "0101", "method": "original_head", "seed": 17, "seconds": 0.21}
{"task": "four_class_provisional_roi", "fold": "0101", "method": "original_head", "seed": 42, "seconds": 0.21}
{"task": "four_class_provisional_roi", "fold": "0101", "method": "original_head", "seed": 73, "seconds": 0.21}
{"task": "four_class_provisional_roi", "fold": "0110", "method": "supervised", "seed": 17, "seconds": 0.22}
{"task": "four_class_provisional_roi", "fold": "0110", "method": "supervised", "seed": 42, "seconds": 0.21}
{"task": "four_class_provisional_roi", "fold": "0110", "method": "supervised", "seed": 73, "seconds": 0.22}
{"task": "four_class_provisional_roi", "fold": "0110", "method": "head_only", "seed": 17, "seconds": 0.21}
{"task": "four_class_provisional_roi", "fold": "0110", "method": "head_only", "seed": 42, "seconds": 0.21}
{"task": "four_class_provisional_roi", "fold": "0110", "method": "head_only", "seed": 73, "seconds": 0.21}
{"task": "four_class_provisional_roi", "fold": "0110", "method": "distill", "seed": 17, "seconds": 0.28}
{"task": "four_class_provisional_roi", "fold": "0110", "method": "distill", "seed": 42, "seconds": 0.28}
{"task": "four_class_provisional_roi", "fold": "0110", "method": "distill", "seed": 73, "seconds": 0.28}
{"task": "four_class_provisional_roi", "fold": "0110", "method": "no_contrast", "seed": 17, "seconds": 0.25}
{"task": "four_class_provisional_roi", "fold": "0110", "method": "no_contrast", "seed": 42, "seconds": 0.25}
{"task": "four_class_provisional_roi", "fold": "0110", "method": "no_contrast", "seed": 73, "seconds": 0.24}
{"task": "four_class_provisional_roi", "fold": "0110", "method": "no_radar_CE", "seed": 17, "seconds": 0.27}
{"task": "four_class_provisional_roi", "fold": "0110", "method": "no_radar_CE", "seed": 42, "seconds": 0.27}
{"task": "four_class_provisional_roi", "fold": "0110", "method": "no_radar_CE", "seed": 73, "seconds": 0.27}
{"task": "four_class_provisional_roi", "fold": "0110", "method": "shuffled", "seed": 17, "seconds": 0.28}
{"task": "four_class_provisional_roi", "fold": "0110", "method": "shuffled", "seed": 42, "seconds": 0.25}
{"task": "four_class_provisional_roi", "fold": "0110", "method": "shuffled", "seed": 73, "seconds": 0.24}
{"task": "four_class_provisional_roi", "fold": "0110", "method": "distill_phase", "seed": 17, "seconds": 0.24}
{"task": "four_class_provisional_roi", "fold": "0110", "method": "distill_phase", "seed": 42, "seconds": 0.24}
{"task": "four_class_provisional_roi", "fold": "0110", "method": "distill_phase", "seed": 73, "seconds": 0.24}
{"task": "four_class_provisional_roi", "fold": "0110", "method": "original_head", "seed": 17, "seconds": 0.2}
{"task": "four_class_provisional_roi", "fold": "0110", "method": "original_head", "seed": 42, "seconds": 0.19}
{"task": "four_class_provisional_roi", "fold": "0110", "method": "original_head", "seed": 73, "seconds": 0.2}
{"task": "four_class_provisional_roi", "fold": "0111", "method": "supervised", "seed": 17, "seconds": 0.2}
{"task": "four_class_provisional_roi", "fold": "0111", "method": "supervised", "seed": 42, "seconds": 0.19}
{"task": "four_class_provisional_roi", "fold": "0111", "method": "supervised", "seed": 73, "seconds": 0.19}
{"task": "four_class_provisional_roi", "fold": "0111", "method": "head_only", "seed": 17, "seconds": 0.19}
{"task": "four_class_provisional_roi", "fold": "0111", "method": "head_only", "seed": 42, "seconds": 0.19}
{"task": "four_class_provisional_roi", "fold": "0111", "method": "head_only", "seed": 73, "seconds": 0.19}
{"task": "four_class_provisional_roi", "fold": "0111", "method": "distill", "seed": 17, "seconds": 0.24}
{"task": "four_class_provisional_roi", "fold": "0111", "method": "distill", "seed": 42, "seconds": 0.24}
{"task": "four_class_provisional_roi", "fold": "0111", "method": "distill", "seed": 73, "seconds": 0.24}
{"task": "four_class_provisional_roi", "fold": "0111", "method": "no_contrast", "seed": 17, "seconds": 0.21}
{"task": "four_class_provisional_roi", "fold": "0111", "method": "no_contrast", "seed": 42, "seconds": 0.21}
{"task": "four_class_provisional_roi", "fold": "0111", "method": "no_contrast", "seed": 73, "seconds": 0.21}
{"task": "four_class_provisional_roi", "fold": "0111", "method": "no_radar_CE", "seed": 17, "seconds": 0.24}
{"task": "four_class_provisional_roi", "fold": "0111", "method": "no_radar_CE", "seed": 42, "seconds": 0.24}
{"task": "four_class_provisional_roi", "fold": "0111", "method": "no_radar_CE", "seed": 73, "seconds": 0.24}
{"task": "four_class_provisional_roi", "fold": "0111", "method": "shuffled", "seed": 17, "seconds": 0.25}
{"task": "four_class_provisional_roi", "fold": "0111", "method": "shuffled", "seed": 42, "seconds": 0.24}
{"task": "four_class_provisional_roi", "fold": "0111", "method": "shuffled", "seed": 73, "seconds": 0.3}
{"task": "four_class_provisional_roi", "fold": "0111", "method": "distill_phase", "seed": 17, "seconds": 0.32}
{"task": "four_class_provisional_roi", "fold": "0111", "method": "distill_phase", "seed": 42, "seconds": 0.32}
{"task": "four_class_provisional_roi", "fold": "0111", "method": "distill_phase", "seed": 73, "seconds": 0.32}
{"task": "four_class_provisional_roi", "fold": "0111", "method": "original_head", "seed": 17, "seconds": 0.24}
{"task": "four_class_provisional_roi", "fold": "0111", "method": "original_head", "seed": 42, "seconds": 0.23}
{"task": "four_class_provisional_roi", "fold": "0111", "method": "original_head", "seed": 73, "seconds": 0.23}
{"task": "four_class_provisional_roi", "fold": "1000", "method": "supervised", "seed": 17, "seconds": 0.25}
{"task": "four_class_provisional_roi", "fold": "1000", "method": "supervised", "seed": 42, "seconds": 0.24}
{"task": "four_class_provisional_roi", "fold": "1000", "method": "supervised", "seed": 73, "seconds": 0.24}
{"task": "four_class_provisional_roi", "fold": "1000", "method": "head_only", "seed": 17, "seconds": 0.24}
{"task": "four_class_provisional_roi", "fold": "1000", "method": "head_only", "seed": 42, "seconds": 0.24}
{"task": "four_class_provisional_roi", "fold": "1000", "method": "head_only", "seed": 73, "seconds": 0.24}
{"task": "four_class_provisional_roi", "fold": "1000", "method": "distill", "seed": 17, "seconds": 0.31}
{"task": "four_class_provisional_roi", "fold": "1000", "method": "distill", "seed": 42, "seconds": 0.29}
{"task": "four_class_provisional_roi", "fold": "1000", "method": "distill", "seed": 73, "seconds": 0.29}
{"task": "four_class_provisional_roi", "fold": "1000", "method": "no_contrast", "seed": 17, "seconds": 0.25}
{"task": "four_class_provisional_roi", "fold": "1000", "method": "no_contrast", "seed": 42, "seconds": 0.25}
{"task": "four_class_provisional_roi", "fold": "1000", "method": "no_contrast", "seed": 73, "seconds": 0.25}
{"task": "four_class_provisional_roi", "fold": "1000", "method": "no_radar_CE", "seed": 17, "seconds": 0.28}
{"task": "four_class_provisional_roi", "fold": "1000", "method": "no_radar_CE", "seed": 42, "seconds": 0.27}
{"task": "four_class_provisional_roi", "fold": "1000", "method": "no_radar_CE", "seed": 73, "seconds": 0.27}
{"task": "four_class_provisional_roi", "fold": "1000", "method": "shuffled", "seed": 17, "seconds": 0.28}
{"task": "four_class_provisional_roi", "fold": "1000", "method": "shuffled", "seed": 42, "seconds": 0.28}
{"task": "four_class_provisional_roi", "fold": "1000", "method": "shuffled", "seed": 73, "seconds": 0.28}
{"task": "four_class_provisional_roi", "fold": "1000", "method": "distill_phase", "seed": 17, "seconds": 0.28}
{"task": "four_class_provisional_roi", "fold": "1000", "method": "distill_phase", "seed": 42, "seconds": 0.28}
{"task": "four_class_provisional_roi", "fold": "1000", "method": "distill_phase", "seed": 73, "seconds": 0.28}
{"task": "four_class_provisional_roi", "fold": "1000", "method": "original_head", "seed": 17, "seconds": 0.21}
{"task": "four_class_provisional_roi", "fold": "1000", "method": "original_head", "seed": 42, "seconds": 0.21}
{"task": "four_class_provisional_roi", "fold": "1000", "method": "original_head", "seed": 73, "seconds": 0.21}
{"task": "four_class_provisional_roi", "fold": "1001", "method": "supervised", "seed": 17, "seconds": 0.22}
{"task": "four_class_provisional_roi", "fold": "1001", "method": "supervised", "seed": 42, "seconds": 0.22}
{"task": "four_class_provisional_roi", "fold": "1001", "method": "supervised", "seed": 73, "seconds": 0.22}
{"task": "four_class_provisional_roi", "fold": "1001", "method": "head_only", "seed": 17, "seconds": 0.21}
{"task": "four_class_provisional_roi", "fold": "1001", "method": "head_only", "seed": 42, "seconds": 0.21}
{"task": "four_class_provisional_roi", "fold": "1001", "method": "head_only", "seed": 73, "seconds": 0.21}
{"task": "four_class_provisional_roi", "fold": "1001", "method": "distill", "seed": 17, "seconds": 0.28}
{"task": "four_class_provisional_roi", "fold": "1001", "method": "distill", "seed": 42, "seconds": 0.28}
{"task": "four_class_provisional_roi", "fold": "1001", "method": "distill", "seed": 73, "seconds": 0.28}
{"task": "four_class_provisional_roi", "fold": "1001", "method": "no_contrast", "seed": 17, "seconds": 0.25}
{"task": "four_class_provisional_roi", "fold": "1001", "method": "no_contrast", "seed": 42, "seconds": 0.25}
{"task": "four_class_provisional_roi", "fold": "1001", "method": "no_contrast", "seed": 73, "seconds": 0.25}
{"task": "four_class_provisional_roi", "fold": "1001", "method": "no_radar_CE", "seed": 17, "seconds": 0.27}
{"task": "four_class_provisional_roi", "fold": "1001", "method": "no_radar_CE", "seed": 42, "seconds": 0.27}
{"task": "four_class_provisional_roi", "fold": "1001", "method": "no_radar_CE", "seed": 73, "seconds": 0.27}
{"task": "four_class_provisional_roi", "fold": "1001", "method": "shuffled", "seed": 17, "seconds": 0.28}
{"task": "four_class_provisional_roi", "fold": "1001", "method": "shuffled", "seed": 42, "seconds": 0.28}
{"task": "four_class_provisional_roi", "fold": "1001", "method": "shuffled", "seed": 73, "seconds": 0.28}
{"task": "four_class_provisional_roi", "fold": "1001", "method": "distill_phase", "seed": 17, "seconds": 0.28}
{"task": "four_class_provisional_roi", "fold": "1001", "method": "distill_phase", "seed": 42, "seconds": 0.28}
{"task": "four_class_provisional_roi", "fold": "1001", "method": "distill_phase", "seed": 73, "seconds": 0.28}
{"task": "four_class_provisional_roi", "fold": "1001", "method": "original_head", "seed": 17, "seconds": 0.22}
{"task": "four_class_provisional_roi", "fold": "1001", "method": "original_head", "seed": 42, "seconds": 0.21}
{"task": "four_class_provisional_roi", "fold": "1001", "method": "original_head", "seed": 73, "seconds": 0.21}
{"task": "four_class_provisional_roi", "fold": "1010", "method": "supervised", "seed": 17, "seconds": 0.21}
{"task": "four_class_provisional_roi", "fold": "1010", "method": "supervised", "seed": 42, "seconds": 0.21}
{"task": "four_class_provisional_roi", "fold": "1010", "method": "supervised", "seed": 73, "seconds": 0.21}
{"task": "four_class_provisional_roi", "fold": "1010", "method": "head_only", "seed": 17, "seconds": 0.21}
{"task": "four_class_provisional_roi", "fold": "1010", "method": "head_only", "seed": 42, "seconds": 0.21}
{"task": "four_class_provisional_roi", "fold": "1010", "method": "head_only", "seed": 73, "seconds": 0.21}
{"task": "four_class_provisional_roi", "fold": "1010", "method": "distill", "seed": 17, "seconds": 0.28}
{"task": "four_class_provisional_roi", "fold": "1010", "method": "distill", "seed": 42, "seconds": 0.28}
{"task": "four_class_provisional_roi", "fold": "1010", "method": "distill", "seed": 73, "seconds": 0.28}
{"task": "four_class_provisional_roi", "fold": "1010", "method": "no_contrast", "seed": 17, "seconds": 0.24}
{"task": "four_class_provisional_roi", "fold": "1010", "method": "no_contrast", "seed": 42, "seconds": 0.24}
{"task": "four_class_provisional_roi", "fold": "1010", "method": "no_contrast", "seed": 73, "seconds": 0.24}
{"task": "four_class_provisional_roi", "fold": "1010", "method": "no_radar_CE", "seed": 17, "seconds": 0.27}
{"task": "four_class_provisional_roi", "fold": "1010", "method": "no_radar_CE", "seed": 42, "seconds": 0.28}
{"task": "four_class_provisional_roi", "fold": "1010", "method": "no_radar_CE", "seed": 73, "seconds": 0.27}
{"task": "four_class_provisional_roi", "fold": "1010", "method": "shuffled", "seed": 17, "seconds": 0.28}
{"task": "four_class_provisional_roi", "fold": "1010", "method": "shuffled", "seed": 42, "seconds": 0.28}
{"task": "four_class_provisional_roi", "fold": "1010", "method": "shuffled", "seed": 73, "seconds": 0.28}
{"task": "four_class_provisional_roi", "fold": "1010", "method": "distill_phase", "seed": 17, "seconds": 0.29}
{"task": "four_class_provisional_roi", "fold": "1010", "method": "distill_phase", "seed": 42, "seconds": 0.28}
{"task": "four_class_provisional_roi", "fold": "1010", "method": "distill_phase", "seed": 73, "seconds": 0.28}
{"task": "four_class_provisional_roi", "fold": "1010", "method": "original_head", "seed": 17, "seconds": 0.22}
{"task": "four_class_provisional_roi", "fold": "1010", "method": "original_head", "seed": 42, "seconds": 0.21}
{"task": "four_class_provisional_roi", "fold": "1010", "method": "original_head", "seed": 73, "seconds": 0.21}
{"task": "four_class_provisional_roi", "fold": "1011", "method": "supervised", "seed": 17, "seconds": 0.22}
{"task": "four_class_provisional_roi", "fold": "1011", "method": "supervised", "seed": 42, "seconds": 0.21}
{"task": "four_class_provisional_roi", "fold": "1011", "method": "supervised", "seed": 73, "seconds": 0.21}
{"task": "four_class_provisional_roi", "fold": "1011", "method": "head_only", "seed": 17, "seconds": 0.21}
{"task": "four_class_provisional_roi", "fold": "1011", "method": "head_only", "seed": 42, "seconds": 0.21}
{"task": "four_class_provisional_roi", "fold": "1011", "method": "head_only", "seed": 73, "seconds": 0.21}
{"task": "four_class_provisional_roi", "fold": "1011", "method": "distill", "seed": 17, "seconds": 0.28}
{"task": "four_class_provisional_roi", "fold": "1011", "method": "distill", "seed": 42, "seconds": 0.28}
{"task": "four_class_provisional_roi", "fold": "1011", "method": "distill", "seed": 73, "seconds": 0.28}
{"task": "four_class_provisional_roi", "fold": "1011", "method": "no_contrast", "seed": 17, "seconds": 0.24}
{"task": "four_class_provisional_roi", "fold": "1011", "method": "no_contrast", "seed": 42, "seconds": 0.25}
{"task": "four_class_provisional_roi", "fold": "1011", "method": "no_contrast", "seed": 73, "seconds": 0.25}
{"task": "four_class_provisional_roi", "fold": "1011", "method": "no_radar_CE", "seed": 17, "seconds": 0.27}
{"task": "four_class_provisional_roi", "fold": "1011", "method": "no_radar_CE", "seed": 42, "seconds": 0.26}
{"task": "four_class_provisional_roi", "fold": "1011", "method": "no_radar_CE", "seed": 73, "seconds": 0.26}
{"task": "four_class_provisional_roi", "fold": "1011", "method": "shuffled", "seed": 17, "seconds": 0.28}
{"task": "four_class_provisional_roi", "fold": "1011", "method": "shuffled", "seed": 42, "seconds": 0.27}
{"task": "four_class_provisional_roi", "fold": "1011", "method": "shuffled", "seed": 73, "seconds": 0.27}
{"task": "four_class_provisional_roi", "fold": "1011", "method": "distill_phase", "seed": 17, "seconds": 0.27}
{"task": "four_class_provisional_roi", "fold": "1011", "method": "distill_phase", "seed": 42, "seconds": 0.27}
{"task": "four_class_provisional_roi", "fold": "1011", "method": "distill_phase", "seed": 73, "seconds": 0.28}
{"task": "four_class_provisional_roi", "fold": "1011", "method": "original_head", "seed": 17, "seconds": 0.21}
{"task": "four_class_provisional_roi", "fold": "1011", "method": "original_head", "seed": 42, "seconds": 0.21}
{"task": "four_class_provisional_roi", "fold": "1011", "method": "original_head", "seed": 73, "seconds": 0.21}
{"task": "four_class_provisional_roi", "fold": "1100", "method": "supervised", "seed": 17, "seconds": 0.22}
{"task": "four_class_provisional_roi", "fold": "1100", "method": "supervised", "seed": 42, "seconds": 0.22}
{"task": "four_class_provisional_roi", "fold": "1100", "method": "supervised", "seed": 73, "seconds": 0.21}
{"task": "four_class_provisional_roi", "fold": "1100", "method": "head_only", "seed": 17, "seconds": 0.21}
{"task": "four_class_provisional_roi", "fold": "1100", "method": "head_only", "seed": 42, "seconds": 0.21}
{"task": "four_class_provisional_roi", "fold": "1100", "method": "head_only", "seed": 73, "seconds": 0.21}
{"task": "four_class_provisional_roi", "fold": "1100", "method": "distill", "seed": 17, "seconds": 0.28}
{"task": "four_class_provisional_roi", "fold": "1100", "method": "distill", "seed": 42, "seconds": 0.28}
{"task": "four_class_provisional_roi", "fold": "1100", "method": "distill", "seed": 73, "seconds": 0.28}
{"task": "four_class_provisional_roi", "fold": "1100", "method": "no_contrast", "seed": 17, "seconds": 0.24}
{"task": "four_class_provisional_roi", "fold": "1100", "method": "no_contrast", "seed": 42, "seconds": 0.24}
{"task": "four_class_provisional_roi", "fold": "1100", "method": "no_contrast", "seed": 73, "seconds": 0.25}
{"task": "four_class_provisional_roi", "fold": "1100", "method": "no_radar_CE", "seed": 17, "seconds": 0.27}
{"task": "four_class_provisional_roi", "fold": "1100", "method": "no_radar_CE", "seed": 42, "seconds": 0.27}
{"task": "four_class_provisional_roi", "fold": "1100", "method": "no_radar_CE", "seed": 73, "seconds": 0.27}
{"task": "four_class_provisional_roi", "fold": "1100", "method": "shuffled", "seed": 17, "seconds": 0.28}
{"task": "four_class_provisional_roi", "fold": "1100", "method": "shuffled", "seed": 42, "seconds": 0.28}
{"task": "four_class_provisional_roi", "fold": "1100", "method": "shuffled", "seed": 73, "seconds": 0.26}
{"task": "four_class_provisional_roi", "fold": "1100", "method": "distill_phase", "seed": 17, "seconds": 0.24}
{"task": "four_class_provisional_roi", "fold": "1100", "method": "distill_phase", "seed": 42, "seconds": 0.24}
{"task": "four_class_provisional_roi", "fold": "1100", "method": "distill_phase", "seed": 73, "seconds": 0.24}
{"task": "four_class_provisional_roi", "fold": "1100", "method": "original_head", "seed": 17, "seconds": 0.21}
{"task": "four_class_provisional_roi", "fold": "1100", "method": "original_head", "seed": 42, "seconds": 0.21}
{"task": "four_class_provisional_roi", "fold": "1100", "method": "original_head", "seed": 73, "seconds": 0.21}
{"task": "four_class_provisional_roi", "fold": "1101", "method": "supervised", "seed": 17, "seconds": 0.21}
{"task": "four_class_provisional_roi", "fold": "1101", "method": "supervised", "seed": 42, "seconds": 0.21}
{"task": "four_class_provisional_roi", "fold": "1101", "method": "supervised", "seed": 73, "seconds": 0.21}
{"task": "four_class_provisional_roi", "fold": "1101", "method": "head_only", "seed": 17, "seconds": 0.21}
{"task": "four_class_provisional_roi", "fold": "1101", "method": "head_only", "seed": 42, "seconds": 0.21}
{"task": "four_class_provisional_roi", "fold": "1101", "method": "head_only", "seed": 73, "seconds": 0.21}
{"task": "four_class_provisional_roi", "fold": "1101", "method": "distill", "seed": 17, "seconds": 0.28}
{"task": "four_class_provisional_roi", "fold": "1101", "method": "distill", "seed": 42, "seconds": 0.27}
{"task": "four_class_provisional_roi", "fold": "1101", "method": "distill", "seed": 73, "seconds": 0.28}
{"task": "four_class_provisional_roi", "fold": "1101", "method": "no_contrast", "seed": 17, "seconds": 0.24}
{"task": "four_class_provisional_roi", "fold": "1101", "method": "no_contrast", "seed": 42, "seconds": 0.24}
{"task": "four_class_provisional_roi", "fold": "1101", "method": "no_contrast", "seed": 73, "seconds": 0.24}
{"task": "four_class_provisional_roi", "fold": "1101", "method": "no_radar_CE", "seed": 17, "seconds": 0.27}
{"task": "four_class_provisional_roi", "fold": "1101", "method": "no_radar_CE", "seed": 42, "seconds": 0.27}
{"task": "four_class_provisional_roi", "fold": "1101", "method": "no_radar_CE", "seed": 73, "seconds": 0.27}
{"task": "four_class_provisional_roi", "fold": "1101", "method": "shuffled", "seed": 17, "seconds": 0.27}
{"task": "four_class_provisional_roi", "fold": "1101", "method": "shuffled", "seed": 42, "seconds": 0.28}
{"task": "four_class_provisional_roi", "fold": "1101", "method": "shuffled", "seed": 73, "seconds": 0.27}
{"task": "four_class_provisional_roi", "fold": "1101", "method": "distill_phase", "seed": 17, "seconds": 0.27}
{"task": "four_class_provisional_roi", "fold": "1101", "method": "distill_phase", "seed": 42, "seconds": 0.27}
{"task": "four_class_provisional_roi", "fold": "1101", "method": "distill_phase", "seed": 73, "seconds": 0.27}
{"task": "four_class_provisional_roi", "fold": "1101", "method": "original_head", "seed": 17, "seconds": 0.21}
{"task": "four_class_provisional_roi", "fold": "1101", "method": "original_head", "seed": 42, "seconds": 0.21}
{"task": "four_class_provisional_roi", "fold": "1101", "method": "original_head", "seed": 73, "seconds": 0.21}
{"task": "four_class_provisional_roi", "fold": "1110", "method": "supervised", "seed": 17, "seconds": 0.22}
{"task": "four_class_provisional_roi", "fold": "1110", "method": "supervised", "seed": 42, "seconds": 0.21}
{"task": "four_class_provisional_roi", "fold": "1110", "method": "supervised", "seed": 73, "seconds": 0.22}
{"task": "four_class_provisional_roi", "fold": "1110", "method": "head_only", "seed": 17, "seconds": 0.21}
{"task": "four_class_provisional_roi", "fold": "1110", "method": "head_only", "seed": 42, "seconds": 0.21}
{"task": "four_class_provisional_roi", "fold": "1110", "method": "head_only", "seed": 73, "seconds": 0.21}
{"task": "four_class_provisional_roi", "fold": "1110", "method": "distill", "seed": 17, "seconds": 0.28}
{"task": "four_class_provisional_roi", "fold": "1110", "method": "distill", "seed": 42, "seconds": 0.28}
{"task": "four_class_provisional_roi", "fold": "1110", "method": "distill", "seed": 73, "seconds": 0.27}
{"task": "four_class_provisional_roi", "fold": "1110", "method": "no_contrast", "seed": 17, "seconds": 0.24}
{"task": "four_class_provisional_roi", "fold": "1110", "method": "no_contrast", "seed": 42, "seconds": 0.24}
{"task": "four_class_provisional_roi", "fold": "1110", "method": "no_contrast", "seed": 73, "seconds": 0.24}
{"task": "four_class_provisional_roi", "fold": "1110", "method": "no_radar_CE", "seed": 17, "seconds": 0.27}
{"task": "four_class_provisional_roi", "fold": "1110", "method": "no_radar_CE", "seed": 42, "seconds": 0.27}
{"task": "four_class_provisional_roi", "fold": "1110", "method": "no_radar_CE", "seed": 73, "seconds": 0.27}
{"task": "four_class_provisional_roi", "fold": "1110", "method": "shuffled", "seed": 17, "seconds": 0.27}
{"task": "four_class_provisional_roi", "fold": "1110", "method": "shuffled", "seed": 42, "seconds": 0.27}
{"task": "four_class_provisional_roi", "fold": "1110", "method": "shuffled", "seed": 73, "seconds": 0.28}
{"task": "four_class_provisional_roi", "fold": "1110", "method": "distill_phase", "seed": 17, "seconds": 0.28}
{"task": "four_class_provisional_roi", "fold": "1110", "method": "distill_phase", "seed": 42, "seconds": 0.28}
{"task": "four_class_provisional_roi", "fold": "1110", "method": "distill_phase", "seed": 73, "seconds": 0.28}
{"task": "four_class_provisional_roi", "fold": "1110", "method": "original_head", "seed": 17, "seconds": 0.21}
{"task": "four_class_provisional_roi", "fold": "1110", "method": "original_head", "seed": 42, "seconds": 0.21}
{"task": "four_class_provisional_roi", "fold": "1110", "method": "original_head", "seed": 73, "seconds": 0.21}
{"task": "four_class_provisional_roi", "fold": "1111", "method": "supervised", "seed": 17, "seconds": 0.22}
{"task": "four_class_provisional_roi", "fold": "1111", "method": "supervised", "seed": 42, "seconds": 0.21}
{"task": "four_class_provisional_roi", "fold": "1111", "method": "supervised", "seed": 73, "seconds": 0.21}
{"task": "four_class_provisional_roi", "fold": "1111", "method": "head_only", "seed": 17, "seconds": 0.21}
{"task": "four_class_provisional_roi", "fold": "1111", "method": "head_only", "seed": 42, "seconds": 0.21}
{"task": "four_class_provisional_roi", "fold": "1111", "method": "head_only", "seed": 73, "seconds": 0.21}
{"task": "four_class_provisional_roi", "fold": "1111", "method": "distill", "seed": 17, "seconds": 0.27}
{"task": "four_class_provisional_roi", "fold": "1111", "method": "distill", "seed": 42, "seconds": 0.27}
{"task": "four_class_provisional_roi", "fold": "1111", "method": "distill", "seed": 73, "seconds": 0.27}
{"task": "four_class_provisional_roi", "fold": "1111", "method": "no_contrast", "seed": 17, "seconds": 0.24}
{"task": "four_class_provisional_roi", "fold": "1111", "method": "no_contrast", "seed": 42, "seconds": 0.24}
{"task": "four_class_provisional_roi", "fold": "1111", "method": "no_contrast", "seed": 73, "seconds": 0.24}
{"task": "four_class_provisional_roi", "fold": "1111", "method": "no_radar_CE", "seed": 17, "seconds": 0.27}
{"task": "four_class_provisional_roi", "fold": "1111", "method": "no_radar_CE", "seed": 42, "seconds": 0.27}
{"task": "four_class_provisional_roi", "fold": "1111", "method": "no_radar_CE", "seed": 73, "seconds": 0.27}
{"task": "four_class_provisional_roi", "fold": "1111", "method": "shuffled", "seed": 17, "seconds": 0.28}
{"task": "four_class_provisional_roi", "fold": "1111", "method": "shuffled", "seed": 42, "seconds": 0.27}
{"task": "four_class_provisional_roi", "fold": "1111", "method": "shuffled", "seed": 73, "seconds": 0.27}
{"task": "four_class_provisional_roi", "fold": "1111", "method": "distill_phase", "seed": 17, "seconds": 0.27}
{"task": "four_class_provisional_roi", "fold": "1111", "method": "distill_phase", "seed": 42, "seconds": 0.27}
{"task": "four_class_provisional_roi", "fold": "1111", "method": "distill_phase", "seed": 73, "seconds": 0.27}
{"task": "four_class_provisional_roi", "fold": "1111", "method": "original_head", "seed": 17, "seconds": 0.21}
{"task": "four_class_provisional_roi", "fold": "1111", "method": "original_head", "seed": 42, "seconds": 0.21}
{"task": "four_class_provisional_roi", "fold": "1111", "method": "original_head", "seed": 73, "seconds": 0.21}
{"task": "four_class_provisional_roi", "fold": "all_known", "method": "supervised", "seed": 42, "seconds": 0.22}
{"task": "four_class_provisional_roi", "fold": "all_known", "method": "head_only", "seed": 42, "seconds": 0.21}
{"task": "four_class_provisional_roi", "fold": "all_known", "method": "distill", "seed": 42, "seconds": 0.28}
{"task": "four_class_provisional_roi", "fold": "all_known", "method": "no_contrast", "seed": 42, "seconds": 0.25}
{"task": "four_class_provisional_roi", "fold": "all_known", "method": "no_radar_CE", "seed": 42, "seconds": 0.27}
{"task": "four_class_provisional_roi", "fold": "all_known", "method": "shuffled", "seed": 42, "seconds": 0.28}
{"task": "four_class_provisional_roi", "fold": "all_known", "method": "distill_phase", "seed": 42, "seconds": 0.28}
{"task": "four_class_provisional_roi", "fold": "all_known", "method": "original_head", "seed": 42, "seconds": 0.22}
{"task": "three_class_geometry_compatible", "fold": "000", "method": "supervised", "seed": 17, "seconds": 0.21}
{"task": "three_class_geometry_compatible", "fold": "000", "method": "supervised", "seed": 42, "seconds": 0.21}
{"task": "three_class_geometry_compatible", "fold": "000", "method": "supervised", "seed": 73, "seconds": 0.21}
{"task": "three_class_geometry_compatible", "fold": "000", "method": "head_only", "seed": 17, "seconds": 0.21}
{"task": "three_class_geometry_compatible", "fold": "000", "method": "head_only", "seed": 42, "seconds": 0.21}
{"task": "three_class_geometry_compatible", "fold": "000", "method": "head_only", "seed": 73, "seconds": 0.21}
{"task": "three_class_geometry_compatible", "fold": "000", "method": "distill", "seed": 17, "seconds": 0.27}
{"task": "three_class_geometry_compatible", "fold": "000", "method": "distill", "seed": 42, "seconds": 0.27}
{"task": "three_class_geometry_compatible", "fold": "000", "method": "distill", "seed": 73, "seconds": 0.28}
{"task": "three_class_geometry_compatible", "fold": "000", "method": "no_contrast", "seed": 17, "seconds": 0.24}
{"task": "three_class_geometry_compatible", "fold": "000", "method": "no_contrast", "seed": 42, "seconds": 0.24}
{"task": "three_class_geometry_compatible", "fold": "000", "method": "no_contrast", "seed": 73, "seconds": 0.24}
{"task": "three_class_geometry_compatible", "fold": "000", "method": "no_radar_CE", "seed": 17, "seconds": 0.27}
{"task": "three_class_geometry_compatible", "fold": "000", "method": "no_radar_CE", "seed": 42, "seconds": 0.27}
{"task": "three_class_geometry_compatible", "fold": "000", "method": "no_radar_CE", "seed": 73, "seconds": 0.27}
{"task": "three_class_geometry_compatible", "fold": "000", "method": "shuffled", "seed": 17, "seconds": 0.28}
{"task": "three_class_geometry_compatible", "fold": "000", "method": "shuffled", "seed": 42, "seconds": 0.28}
{"task": "three_class_geometry_compatible", "fold": "000", "method": "shuffled", "seed": 73, "seconds": 0.29}
{"task": "three_class_geometry_compatible", "fold": "000", "method": "distill_phase", "seed": 17, "seconds": 0.27}
{"task": "three_class_geometry_compatible", "fold": "000", "method": "distill_phase", "seed": 42, "seconds": 0.28}
{"task": "three_class_geometry_compatible", "fold": "000", "method": "distill_phase", "seed": 73, "seconds": 0.28}
{"task": "three_class_geometry_compatible", "fold": "000", "method": "original_head", "seed": 17, "seconds": 0.21}
{"task": "three_class_geometry_compatible", "fold": "000", "method": "original_head", "seed": 42, "seconds": 0.22}
{"task": "three_class_geometry_compatible", "fold": "000", "method": "original_head", "seed": 73, "seconds": 0.21}
{"task": "three_class_geometry_compatible", "fold": "001", "method": "supervised", "seed": 17, "seconds": 0.21}
{"task": "three_class_geometry_compatible", "fold": "001", "method": "supervised", "seed": 42, "seconds": 0.21}
{"task": "three_class_geometry_compatible", "fold": "001", "method": "supervised", "seed": 73, "seconds": 0.21}
{"task": "three_class_geometry_compatible", "fold": "001", "method": "head_only", "seed": 17, "seconds": 0.21}
{"task": "three_class_geometry_compatible", "fold": "001", "method": "head_only", "seed": 42, "seconds": 0.21}
{"task": "three_class_geometry_compatible", "fold": "001", "method": "head_only", "seed": 73, "seconds": 0.21}
{"task": "three_class_geometry_compatible", "fold": "001", "method": "distill", "seed": 17, "seconds": 0.25}
{"task": "three_class_geometry_compatible", "fold": "001", "method": "distill", "seed": 42, "seconds": 0.24}
{"task": "three_class_geometry_compatible", "fold": "001", "method": "distill", "seed": 73, "seconds": 0.24}
{"task": "three_class_geometry_compatible", "fold": "001", "method": "no_contrast", "seed": 17, "seconds": 0.21}
{"task": "three_class_geometry_compatible", "fold": "001", "method": "no_contrast", "seed": 42, "seconds": 0.21}
{"task": "three_class_geometry_compatible", "fold": "001", "method": "no_contrast", "seed": 73, "seconds": 0.23}
{"task": "three_class_geometry_compatible", "fold": "001", "method": "no_radar_CE", "seed": 17, "seconds": 0.27}
{"task": "three_class_geometry_compatible", "fold": "001", "method": "no_radar_CE", "seed": 42, "seconds": 0.26}
{"task": "three_class_geometry_compatible", "fold": "001", "method": "no_radar_CE", "seed": 73, "seconds": 0.27}
{"task": "three_class_geometry_compatible", "fold": "001", "method": "shuffled", "seed": 17, "seconds": 0.27}
{"task": "three_class_geometry_compatible", "fold": "001", "method": "shuffled", "seed": 42, "seconds": 0.26}
{"task": "three_class_geometry_compatible", "fold": "001", "method": "shuffled", "seed": 73, "seconds": 0.24}
{"task": "three_class_geometry_compatible", "fold": "001", "method": "distill_phase", "seed": 17, "seconds": 0.24}
{"task": "three_class_geometry_compatible", "fold": "001", "method": "distill_phase", "seed": 42, "seconds": 0.24}
{"task": "three_class_geometry_compatible", "fold": "001", "method": "distill_phase", "seed": 73, "seconds": 0.36}
{"task": "three_class_geometry_compatible", "fold": "001", "method": "original_head", "seed": 17, "seconds": 0.19}
{"task": "three_class_geometry_compatible", "fold": "001", "method": "original_head", "seed": 42, "seconds": 0.19}
{"task": "three_class_geometry_compatible", "fold": "001", "method": "original_head", "seed": 73, "seconds": 0.19}
{"task": "three_class_geometry_compatible", "fold": "010", "method": "supervised", "seed": 17, "seconds": 0.19}
{"task": "three_class_geometry_compatible", "fold": "010", "method": "supervised", "seed": 42, "seconds": 0.19}
{"task": "three_class_geometry_compatible", "fold": "010", "method": "supervised", "seed": 73, "seconds": 0.19}
{"task": "three_class_geometry_compatible", "fold": "010", "method": "head_only", "seed": 17, "seconds": 0.19}
{"task": "three_class_geometry_compatible", "fold": "010", "method": "head_only", "seed": 42, "seconds": 0.2}
{"task": "three_class_geometry_compatible", "fold": "010", "method": "head_only", "seed": 73, "seconds": 0.21}
{"task": "three_class_geometry_compatible", "fold": "010", "method": "distill", "seed": 17, "seconds": 0.28}
{"task": "three_class_geometry_compatible", "fold": "010", "method": "distill", "seed": 42, "seconds": 0.28}
{"task": "three_class_geometry_compatible", "fold": "010", "method": "distill", "seed": 73, "seconds": 0.28}
{"task": "three_class_geometry_compatible", "fold": "010", "method": "no_contrast", "seed": 17, "seconds": 0.24}
{"task": "three_class_geometry_compatible", "fold": "010", "method": "no_contrast", "seed": 42, "seconds": 0.24}
{"task": "three_class_geometry_compatible", "fold": "010", "method": "no_contrast", "seed": 73, "seconds": 0.24}
{"task": "three_class_geometry_compatible", "fold": "010", "method": "no_radar_CE", "seed": 17, "seconds": 0.27}
{"task": "three_class_geometry_compatible", "fold": "010", "method": "no_radar_CE", "seed": 42, "seconds": 0.27}
{"task": "three_class_geometry_compatible", "fold": "010", "method": "no_radar_CE", "seed": 73, "seconds": 0.27}
{"task": "three_class_geometry_compatible", "fold": "010", "method": "shuffled", "seed": 17, "seconds": 0.28}
{"task": "three_class_geometry_compatible", "fold": "010", "method": "shuffled", "seed": 42, "seconds": 0.27}
{"task": "three_class_geometry_compatible", "fold": "010", "method": "shuffled", "seed": 73, "seconds": 0.28}
{"task": "three_class_geometry_compatible", "fold": "010", "method": "distill_phase", "seed": 17, "seconds": 0.28}
{"task": "three_class_geometry_compatible", "fold": "010", "method": "distill_phase", "seed": 42, "seconds": 0.28}
{"task": "three_class_geometry_compatible", "fold": "010", "method": "distill_phase", "seed": 73, "seconds": 0.28}
{"task": "three_class_geometry_compatible", "fold": "010", "method": "original_head", "seed": 17, "seconds": 0.22}
{"task": "three_class_geometry_compatible", "fold": "010", "method": "original_head", "seed": 42, "seconds": 0.21}
{"task": "three_class_geometry_compatible", "fold": "010", "method": "original_head", "seed": 73, "seconds": 0.21}
{"task": "three_class_geometry_compatible", "fold": "011", "method": "supervised", "seed": 17, "seconds": 0.22}
{"task": "three_class_geometry_compatible", "fold": "011", "method": "supervised", "seed": 42, "seconds": 0.21}
{"task": "three_class_geometry_compatible", "fold": "011", "method": "supervised", "seed": 73, "seconds": 0.21}
{"task": "three_class_geometry_compatible", "fold": "011", "method": "head_only", "seed": 17, "seconds": 0.22}
{"task": "three_class_geometry_compatible", "fold": "011", "method": "head_only", "seed": 42, "seconds": 0.21}
{"task": "three_class_geometry_compatible", "fold": "011", "method": "head_only", "seed": 73, "seconds": 0.21}
{"task": "three_class_geometry_compatible", "fold": "011", "method": "distill", "seed": 17, "seconds": 0.28}
{"task": "three_class_geometry_compatible", "fold": "011", "method": "distill", "seed": 42, "seconds": 0.28}
{"task": "three_class_geometry_compatible", "fold": "011", "method": "distill", "seed": 73, "seconds": 0.28}
{"task": "three_class_geometry_compatible", "fold": "011", "method": "no_contrast", "seed": 17, "seconds": 0.24}
{"task": "three_class_geometry_compatible", "fold": "011", "method": "no_contrast", "seed": 42, "seconds": 0.24}
{"task": "three_class_geometry_compatible", "fold": "011", "method": "no_contrast", "seed": 73, "seconds": 0.24}
{"task": "three_class_geometry_compatible", "fold": "011", "method": "no_radar_CE", "seed": 17, "seconds": 0.27}
{"task": "three_class_geometry_compatible", "fold": "011", "method": "no_radar_CE", "seed": 42, "seconds": 0.27}
{"task": "three_class_geometry_compatible", "fold": "011", "method": "no_radar_CE", "seed": 73, "seconds": 0.27}
{"task": "three_class_geometry_compatible", "fold": "011", "method": "shuffled", "seed": 17, "seconds": 0.27}
{"task": "three_class_geometry_compatible", "fold": "011", "method": "shuffled", "seed": 42, "seconds": 0.27}
{"task": "three_class_geometry_compatible", "fold": "011", "method": "shuffled", "seed": 73, "seconds": 0.27}
{"task": "three_class_geometry_compatible", "fold": "011", "method": "distill_phase", "seed": 17, "seconds": 0.27}
{"task": "three_class_geometry_compatible", "fold": "011", "method": "distill_phase", "seed": 42, "seconds": 0.27}
{"task": "three_class_geometry_compatible", "fold": "011", "method": "distill_phase", "seed": 73, "seconds": 0.27}
{"task": "three_class_geometry_compatible", "fold": "011", "method": "original_head", "seed": 17, "seconds": 0.21}
{"task": "three_class_geometry_compatible", "fold": "011", "method": "original_head", "seed": 42, "seconds": 0.21}
{"task": "three_class_geometry_compatible", "fold": "011", "method": "original_head", "seed": 73, "seconds": 0.2}
{"task": "three_class_geometry_compatible", "fold": "100", "method": "supervised", "seed": 17, "seconds": 0.21}
{"task": "three_class_geometry_compatible", "fold": "100", "method": "supervised", "seed": 42, "seconds": 0.21}
{"task": "three_class_geometry_compatible", "fold": "100", "method": "supervised", "seed": 73, "seconds": 0.21}
{"task": "three_class_geometry_compatible", "fold": "100", "method": "head_only", "seed": 17, "seconds": 0.21}
{"task": "three_class_geometry_compatible", "fold": "100", "method": "head_only", "seed": 42, "seconds": 0.21}
{"task": "three_class_geometry_compatible", "fold": "100", "method": "head_only", "seed": 73, "seconds": 0.21}
{"task": "three_class_geometry_compatible", "fold": "100", "method": "distill", "seed": 17, "seconds": 0.27}
{"task": "three_class_geometry_compatible", "fold": "100", "method": "distill", "seed": 42, "seconds": 0.27}
{"task": "three_class_geometry_compatible", "fold": "100", "method": "distill", "seed": 73, "seconds": 0.27}
{"task": "three_class_geometry_compatible", "fold": "100", "method": "no_contrast", "seed": 17, "seconds": 0.24}
{"task": "three_class_geometry_compatible", "fold": "100", "method": "no_contrast", "seed": 42, "seconds": 0.24}
{"task": "three_class_geometry_compatible", "fold": "100", "method": "no_contrast", "seed": 73, "seconds": 0.24}
{"task": "three_class_geometry_compatible", "fold": "100", "method": "no_radar_CE", "seed": 17, "seconds": 0.26}
{"task": "three_class_geometry_compatible", "fold": "100", "method": "no_radar_CE", "seed": 42, "seconds": 0.26}
{"task": "three_class_geometry_compatible", "fold": "100", "method": "no_radar_CE", "seed": 73, "seconds": 0.26}
{"task": "three_class_geometry_compatible", "fold": "100", "method": "shuffled", "seed": 17, "seconds": 0.27}
{"task": "three_class_geometry_compatible", "fold": "100", "method": "shuffled", "seed": 42, "seconds": 0.25}
{"task": "three_class_geometry_compatible", "fold": "100", "method": "shuffled", "seed": 73, "seconds": 0.24}
{"task": "three_class_geometry_compatible", "fold": "100", "method": "distill_phase", "seed": 17, "seconds": 0.24}
{"task": "three_class_geometry_compatible", "fold": "100", "method": "distill_phase", "seed": 42, "seconds": 0.24}
{"task": "three_class_geometry_compatible", "fold": "100", "method": "distill_phase", "seed": 73, "seconds": 0.24}
{"task": "three_class_geometry_compatible", "fold": "100", "method": "original_head", "seed": 17, "seconds": 0.19}
{"task": "three_class_geometry_compatible", "fold": "100", "method": "original_head", "seed": 42, "seconds": 0.19}
{"task": "three_class_geometry_compatible", "fold": "100", "method": "original_head", "seed": 73, "seconds": 0.19}
{"task": "three_class_geometry_compatible", "fold": "101", "method": "supervised", "seed": 17, "seconds": 0.19}
{"task": "three_class_geometry_compatible", "fold": "101", "method": "supervised", "seed": 42, "seconds": 0.19}
{"task": "three_class_geometry_compatible", "fold": "101", "method": "supervised", "seed": 73, "seconds": 0.19}
{"task": "three_class_geometry_compatible", "fold": "101", "method": "head_only", "seed": 17, "seconds": 0.19}
{"task": "three_class_geometry_compatible", "fold": "101", "method": "head_only", "seed": 42, "seconds": 0.19}
{"task": "three_class_geometry_compatible", "fold": "101", "method": "head_only", "seed": 73, "seconds": 0.2}
{"task": "three_class_geometry_compatible", "fold": "101", "method": "distill", "seed": 17, "seconds": 0.25}
{"task": "three_class_geometry_compatible", "fold": "101", "method": "distill", "seed": 42, "seconds": 0.24}
{"task": "three_class_geometry_compatible", "fold": "101", "method": "distill", "seed": 73, "seconds": 0.25}
{"task": "three_class_geometry_compatible", "fold": "101", "method": "no_contrast", "seed": 17, "seconds": 0.22}
{"task": "three_class_geometry_compatible", "fold": "101", "method": "no_contrast", "seed": 42, "seconds": 0.21}
{"task": "three_class_geometry_compatible", "fold": "101", "method": "no_contrast", "seed": 73, "seconds": 0.21}
{"task": "three_class_geometry_compatible", "fold": "101", "method": "no_radar_CE", "seed": 17, "seconds": 0.24}
{"task": "three_class_geometry_compatible", "fold": "101", "method": "no_radar_CE", "seed": 42, "seconds": 0.24}
{"task": "three_class_geometry_compatible", "fold": "101", "method": "no_radar_CE", "seed": 73, "seconds": 0.23}
{"task": "three_class_geometry_compatible", "fold": "101", "method": "shuffled", "seed": 17, "seconds": 0.24}
{"task": "three_class_geometry_compatible", "fold": "101", "method": "shuffled", "seed": 42, "seconds": 0.24}
{"task": "three_class_geometry_compatible", "fold": "101", "method": "shuffled", "seed": 73, "seconds": 0.24}
{"task": "three_class_geometry_compatible", "fold": "101", "method": "distill_phase", "seed": 17, "seconds": 0.24}
{"task": "three_class_geometry_compatible", "fold": "101", "method": "distill_phase", "seed": 42, "seconds": 0.25}
{"task": "three_class_geometry_compatible", "fold": "101", "method": "distill_phase", "seed": 73, "seconds": 0.27}
{"task": "three_class_geometry_compatible", "fold": "101", "method": "original_head", "seed": 17, "seconds": 0.21}
{"task": "three_class_geometry_compatible", "fold": "101", "method": "original_head", "seed": 42, "seconds": 0.21}
{"task": "three_class_geometry_compatible", "fold": "101", "method": "original_head", "seed": 73, "seconds": 0.21}
{"task": "three_class_geometry_compatible", "fold": "110", "method": "supervised", "seed": 17, "seconds": 0.22}
{"task": "three_class_geometry_compatible", "fold": "110", "method": "supervised", "seed": 42, "seconds": 0.22}
{"task": "three_class_geometry_compatible", "fold": "110", "method": "supervised", "seed": 73, "seconds": 0.22}
{"task": "three_class_geometry_compatible", "fold": "110", "method": "head_only", "seed": 17, "seconds": 0.21}
{"task": "three_class_geometry_compatible", "fold": "110", "method": "head_only", "seed": 42, "seconds": 0.21}
{"task": "three_class_geometry_compatible", "fold": "110", "method": "head_only", "seed": 73, "seconds": 0.22}
{"task": "three_class_geometry_compatible", "fold": "110", "method": "distill", "seed": 17, "seconds": 0.28}
{"task": "three_class_geometry_compatible", "fold": "110", "method": "distill", "seed": 42, "seconds": 0.28}
{"task": "three_class_geometry_compatible", "fold": "110", "method": "distill", "seed": 73, "seconds": 0.28}
{"task": "three_class_geometry_compatible", "fold": "110", "method": "no_contrast", "seed": 17, "seconds": 0.24}
{"task": "three_class_geometry_compatible", "fold": "110", "method": "no_contrast", "seed": 42, "seconds": 0.24}
{"task": "three_class_geometry_compatible", "fold": "110", "method": "no_contrast", "seed": 73, "seconds": 0.24}
{"task": "three_class_geometry_compatible", "fold": "110", "method": "no_radar_CE", "seed": 17, "seconds": 0.27}
{"task": "three_class_geometry_compatible", "fold": "110", "method": "no_radar_CE", "seed": 42, "seconds": 0.26}
{"task": "three_class_geometry_compatible", "fold": "110", "method": "no_radar_CE", "seed": 73, "seconds": 0.24}
{"task": "three_class_geometry_compatible", "fold": "110", "method": "shuffled", "seed": 17, "seconds": 0.24}
{"task": "three_class_geometry_compatible", "fold": "110", "method": "shuffled", "seed": 42, "seconds": 0.24}
{"task": "three_class_geometry_compatible", "fold": "110", "method": "shuffled", "seed": 73, "seconds": 0.24}
{"task": "three_class_geometry_compatible", "fold": "110", "method": "distill_phase", "seed": 17, "seconds": 0.24}
{"task": "three_class_geometry_compatible", "fold": "110", "method": "distill_phase", "seed": 42, "seconds": 0.24}
{"task": "three_class_geometry_compatible", "fold": "110", "method": "distill_phase", "seed": 73, "seconds": 0.24}
{"task": "three_class_geometry_compatible", "fold": "110", "method": "original_head", "seed": 17, "seconds": 0.19}
{"task": "three_class_geometry_compatible", "fold": "110", "method": "original_head", "seed": 42, "seconds": 0.19}
{"task": "three_class_geometry_compatible", "fold": "110", "method": "original_head", "seed": 73, "seconds": 0.19}
{"task": "three_class_geometry_compatible", "fold": "111", "method": "supervised", "seed": 17, "seconds": 0.19}
{"task": "three_class_geometry_compatible", "fold": "111", "method": "supervised", "seed": 42, "seconds": 0.19}
{"task": "three_class_geometry_compatible", "fold": "111", "method": "supervised", "seed": 73, "seconds": 0.19}
{"task": "three_class_geometry_compatible", "fold": "111", "method": "head_only", "seed": 17, "seconds": 0.19}
{"task": "three_class_geometry_compatible", "fold": "111", "method": "head_only", "seed": 42, "seconds": 0.19}
{"task": "three_class_geometry_compatible", "fold": "111", "method": "head_only", "seed": 73, "seconds": 0.19}
{"task": "three_class_geometry_compatible", "fold": "111", "method": "distill", "seed": 17, "seconds": 0.24}
{"task": "three_class_geometry_compatible", "fold": "111", "method": "distill", "seed": 42, "seconds": 0.24}
{"task": "three_class_geometry_compatible", "fold": "111", "method": "distill", "seed": 73, "seconds": 0.24}
{"task": "three_class_geometry_compatible", "fold": "111", "method": "no_contrast", "seed": 17, "seconds": 0.21}
{"task": "three_class_geometry_compatible", "fold": "111", "method": "no_contrast", "seed": 42, "seconds": 0.21}
{"task": "three_class_geometry_compatible", "fold": "111", "method": "no_contrast", "seed": 73, "seconds": 0.21}
{"task": "three_class_geometry_compatible", "fold": "111", "method": "no_radar_CE", "seed": 17, "seconds": 0.23}
{"task": "three_class_geometry_compatible", "fold": "111", "method": "no_radar_CE", "seed": 42, "seconds": 0.23}
{"task": "three_class_geometry_compatible", "fold": "111", "method": "no_radar_CE", "seed": 73, "seconds": 0.23}
{"task": "three_class_geometry_compatible", "fold": "111", "method": "shuffled", "seed": 17, "seconds": 0.24}
{"task": "three_class_geometry_compatible", "fold": "111", "method": "shuffled", "seed": 42, "seconds": 0.24}
{"task": "three_class_geometry_compatible", "fold": "111", "method": "shuffled", "seed": 73, "seconds": 0.24}
{"task": "three_class_geometry_compatible", "fold": "111", "method": "distill_phase", "seed": 17, "seconds": 0.24}
{"task": "three_class_geometry_compatible", "fold": "111", "method": "distill_phase", "seed": 42, "seconds": 0.24}
{"task": "three_class_geometry_compatible", "fold": "111", "method": "distill_phase", "seed": 73, "seconds": 0.24}
{"task": "three_class_geometry_compatible", "fold": "111", "method": "original_head", "seed": 17, "seconds": 0.21}
{"task": "three_class_geometry_compatible", "fold": "111", "method": "original_head", "seed": 42, "seconds": 0.21}
{"task": "three_class_geometry_compatible", "fold": "111", "method": "original_head", "seed": 73, "seconds": 0.21}
{"task": "three_class_geometry_compatible", "fold": "all_known", "method": "supervised", "seed": 42, "seconds": 0.21}
{"task": "three_class_geometry_compatible", "fold": "all_known", "method": "head_only", "seed": 42, "seconds": 0.21}
{"task": "three_class_geometry_compatible", "fold": "all_known", "method": "distill", "seed": 42, "seconds": 0.27}
{"task": "three_class_geometry_compatible", "fold": "all_known", "method": "no_contrast", "seed": 42, "seconds": 0.24}
{"task": "three_class_geometry_compatible", "fold": "all_known", "method": "no_radar_CE", "seed": 42, "seconds": 0.27}
{"task": "three_class_geometry_compatible", "fold": "all_known", "method": "shuffled", "seed": 42, "seconds": 0.28}
{"task": "three_class_geometry_compatible", "fold": "all_known", "method": "distill_phase", "seed": 42, "seconds": 0.28}
{"task": "three_class_geometry_compatible", "fold": "all_known", "method": "original_head", "seed": 42, "seconds": 0.21}
COMPLETE results/chain_v1
