                           task                       method modality  n_metric_rows  n_overlapping_folds  file_macro_f1_mean  file_macro_f1_min  file_macro_f1_max  file_accuracy_mean
     four_class_provisional_roi               contact_hidden  contact             16                   16            1.000000           1.000000           1.000000            1.000000
     four_class_provisional_roi           contact_xyz_hidden  contact             16                   16            0.854167           0.666667           1.000000            0.890625
     four_class_provisional_roi             contact_spectral  contact             16                   16            1.000000           1.000000           1.000000            1.000000
     four_class_provisional_roi           contact_statistics  contact             16                   16            1.000000           1.000000           1.000000            1.000000
     four_class_provisional_roi         contact_final_hidden  contact             16                   16            0.937500           0.666667           1.000000            0.953125
     four_class_provisional_roi             contact_original  contact             16                   16            0.100000           0.100000           0.100000            0.250000
     four_class_provisional_roi contact_original_mean_hidden  contact             16                   16            0.100000           0.100000           0.100000            0.250000
     four_class_provisional_roi            radar_frame_shape    radar             16                   16            1.000000           1.000000           1.000000            1.000000
     four_class_provisional_roi            radar_shape_phase    radar             16                   16            1.000000           1.000000           1.000000            1.000000
     four_class_provisional_roi         radar_coherent_shape    radar             16                   16            0.562500           0.333333           0.666667            0.656250
     four_class_provisional_roi             radar_time_stats    radar             16                   16            0.750000           0.666667           1.000000            0.812500
     four_class_provisional_roi      radar_confound_distance    radar             16                   16            0.666667           0.666667           0.666667            0.750000
     four_class_provisional_roi       radar_confound_raw_amp    radar             16                   16            1.000000           1.000000           1.000000            1.000000
     four_class_provisional_roi                   supervised    radar             48                   16            1.000000           1.000000           1.000000            1.000000
     four_class_provisional_roi                    head_only    radar             48                   16            1.000000           1.000000           1.000000            1.000000
     four_class_provisional_roi                      distill    radar             48                   16            1.000000           1.000000           1.000000            1.000000
     four_class_provisional_roi                  no_contrast    radar             48                   16            1.000000           1.000000           1.000000            1.000000
     four_class_provisional_roi                  no_radar_CE    radar             48                   16            1.000000           1.000000           1.000000            1.000000
     four_class_provisional_roi                     shuffled    radar             48                   16            0.513889           0.000000           1.000000            0.598958
     four_class_provisional_roi                distill_phase    radar             48                   16            1.000000           1.000000           1.000000            1.000000
     four_class_provisional_roi                original_head    radar             48                   16            0.100000           0.100000           0.100000            0.250000
three_class_geometry_compatible               contact_hidden  contact              8                    8            1.000000           1.000000           1.000000            1.000000
three_class_geometry_compatible           contact_xyz_hidden  contact              8                    8            0.833333           0.555556           1.000000            0.875000
three_class_geometry_compatible             contact_spectral  contact              8                    8            1.000000           1.000000           1.000000            1.000000
three_class_geometry_compatible           contact_statistics  contact              8                    8            1.000000           1.000000           1.000000            1.000000
three_class_geometry_compatible         contact_final_hidden  contact              8                    8            1.000000           1.000000           1.000000            1.000000
three_class_geometry_compatible             contact_original  contact              8                    8            0.000000           0.000000           0.000000            0.000000
three_class_geometry_compatible contact_original_mean_hidden  contact              8                    8            0.000000           0.000000           0.000000            0.000000
three_class_geometry_compatible            radar_frame_shape    radar              8                    8            1.000000           1.000000           1.000000            1.000000
three_class_geometry_compatible            radar_shape_phase    radar              8                    8            1.000000           1.000000           1.000000            1.000000
three_class_geometry_compatible         radar_coherent_shape    radar              8                    8            0.472222           0.222222           0.555556            0.583333
three_class_geometry_compatible             radar_time_stats    radar              8                    8            0.777778           0.555556           1.000000            0.833333
three_class_geometry_compatible      radar_confound_distance    radar              8                    8            0.555556           0.555556           0.555556            0.666667
three_class_geometry_compatible       radar_confound_raw_amp    radar              8                    8            1.000000           1.000000           1.000000            1.000000
three_class_geometry_compatible                   supervised    radar             24                    8            1.000000           1.000000           1.000000            1.000000
three_class_geometry_compatible                    head_only    radar             24                    8            1.000000           1.000000           1.000000            1.000000
three_class_geometry_compatible                      distill    radar             24                    8            1.000000           1.000000           1.000000            1.000000
three_class_geometry_compatible                  no_contrast    radar             24                    8            1.000000           1.000000           1.000000            1.000000
three_class_geometry_compatible                  no_radar_CE    radar             24                    8            1.000000           1.000000           1.000000            1.000000
three_class_geometry_compatible                     shuffled    radar             24                    8            0.685185           0.222222           1.000000            0.750000
three_class_geometry_compatible                distill_phase    radar             24                    8            1.000000           1.000000           1.000000            1.000000
three_class_geometry_compatible                original_head    radar             24                    8            0.000000           0.000000           0.000000            0.000000
                           task                       method modality  n_healthy_recordings  healthy_accepted  mean_healthy_probability  false_alarm_fraction
     four_class_provisional_roi               contact_hidden  contact                     2                 0              6.227051e-37                   1.0
     four_class_provisional_roi           contact_xyz_hidden  contact                     2                 0             7.126903e-144                   1.0
     four_class_provisional_roi             contact_spectral  contact                     2                 0              5.691432e-04                   1.0
     four_class_provisional_roi           contact_statistics  contact                     2                 0              1.149509e-20                   1.0
     four_class_provisional_roi         contact_final_hidden  contact                     2                 0              2.801906e-79                   1.0
     four_class_provisional_roi             contact_original  contact                     2                 0              6.809009e-08                   1.0
     four_class_provisional_roi contact_original_mean_hidden  contact                     2                 0              1.579176e-12                   1.0
     four_class_provisional_roi            radar_frame_shape    radar                     2                 0              1.222324e-07                   1.0
     four_class_provisional_roi            radar_shape_phase    radar                     2                 0              3.038287e-06                   1.0
     four_class_provisional_roi         radar_coherent_shape    radar                     2                 0              3.352663e-09                   1.0
     four_class_provisional_roi             radar_time_stats    radar                     2                 0              7.163584e-23                   1.0
     four_class_provisional_roi      radar_confound_distance    radar                     2                 0              1.529624e-01                   1.0
     four_class_provisional_roi       radar_confound_raw_amp    radar                     2                 0              4.418176e-07                   1.0
     four_class_provisional_roi                   supervised    radar                     2                 0              5.923048e-03                   1.0
     four_class_provisional_roi                    head_only    radar                     2                 0              9.856699e-03                   1.0
     four_class_provisional_roi                      distill    radar                     2                 0              3.547143e-02                   1.0
     four_class_provisional_roi                  no_contrast    radar                     2                 0              3.304849e-02                   1.0
     four_class_provisional_roi                  no_radar_CE    radar                     2                 0              3.571928e-02                   1.0
     four_class_provisional_roi                     shuffled    radar                     2                 0              5.099940e-02                   1.0
     four_class_provisional_roi                distill_phase    radar                     2                 0              3.544146e-02                   1.0
     four_class_provisional_roi                original_head    radar                     2                 0              4.596075e-06                   1.0
three_class_geometry_compatible               contact_hidden  contact                     2                 0              4.203420e-10                   1.0
three_class_geometry_compatible           contact_xyz_hidden  contact                     2                 0              6.329568e-84                   1.0
three_class_geometry_compatible             contact_spectral  contact                     2                 2              9.153199e-01                   0.0
three_class_geometry_compatible           contact_statistics  contact                     2                 0              1.357400e-09                   1.0
three_class_geometry_compatible         contact_final_hidden  contact                     2                 0             3.384316e-250                   1.0
three_class_geometry_compatible             contact_original  contact                     2                 0              6.809009e-08                   1.0
three_class_geometry_compatible contact_original_mean_hidden  contact                     2                 0              1.579176e-12                   1.0
three_class_geometry_compatible            radar_frame_shape    radar                     2                 0              2.024039e-08                   1.0
three_class_geometry_compatible            radar_shape_phase    radar                     2                 0              7.021693e-05                   1.0
three_class_geometry_compatible         radar_coherent_shape    radar                     2                 0              2.898829e-10                   1.0
three_class_geometry_compatible             radar_time_stats    radar                     2                 0              2.160680e-24                   1.0
three_class_geometry_compatible      radar_confound_distance    radar                     2                 0              5.504019e-11                   1.0
three_class_geometry_compatible       radar_confound_raw_amp    radar                     2                 0              1.084324e-05                   1.0
three_class_geometry_compatible                   supervised    radar                     2                 0              1.373588e-02                   1.0
three_class_geometry_compatible                    head_only    radar                     2                 0              4.471189e-03                   1.0
three_class_geometry_compatible                      distill    radar                     2                 0              3.871609e-02                   1.0
three_class_geometry_compatible                  no_contrast    radar                     2                 0              4.024010e-02                   1.0
three_class_geometry_compatible                  no_radar_CE    radar                     2                 0              4.358561e-02                   1.0
three_class_geometry_compatible                     shuffled    radar                     2                 0              2.104340e-01                   1.0
three_class_geometry_compatible                distill_phase    radar                     2                 0              1.203701e-01                   1.0
three_class_geometry_compatible                original_head    radar                     2                 0              4.841282e-07                   1.0
