{
  "status": "complete",
  "windows": 88,
  "axis_rows": 264,
  "recordings": 12,
  "heldout_windows": 58,
  "correct_windows": 46,
  "wrong_windows": 12,
  "finite_windows": 88,
  "shape_ok_windows": 88,
  "hard_invalid_windows": 0,
  "exact_duplicate_windows": 0,
  "review_proxy_windows": 28,
  "known_review_proxy_windows": 2,
  "observed_absolute_boundary": 1.9986040592193604,
  "representative_trace_global_row": 46,
  "representative_selection_uses_prediction": false,
  "all_input_hashes_unchanged": true,
  "metadata_sha256": "011e16034ac35cb2b7f4b77abda9fcc0a621b55d54fbf80c7e1e2594d797717d",
  "predictions_sha256": "f980d7f9633dc10039695e0c03b980957c53a0ab8ad11c429ae3728ebd16eb92",
  "script_sha256": "a67ff4a0c39aad5475ab0cfdbde34514a69683c19da79ae56bb48b206dd4da78",
  "python": "/home/huangyating/miniconda3/envs/m2vllm/bin/python",
  "quality_flags_use_prediction": false,
  "no_windows_removed": true,
  "no_training_or_threshold_optimization": true
}

