local hashed 20260920-184058-normal-11520.npz 61
local hashed 20260920-184857-normal-460800.npz 48
local hashed 20260920-190512-outBroken-115200.npz 50
local hashed 20260920-190913-outBroken-460800.npz 50
local hashed 20260920-192216-inBroken-115200.npz 50
local hashed 20260920-192610-inBroken-460800.npz 51
local hashed 20260920-193718-roll-115200.npz 51
local hashed 20260920-194108-roll-460800.npz 51
local hashed 20260920-195424-keep-115200.npz 51
local hashed 20260920-195753-keep-460800.npz 51
local hashed 20260920-201757-bigNormal-115200.npz 50
local hashed 20260920-202115-bigNormal-460800.npz 50
local hashed 2026_9_20_18-41-41-normal-115200.npz 7
local hashed 2026_9_20_18-48-45-normal-460800.npz 6
local hashed 2026_9_20_19-05-05-outBroken-115200.npz 8
local hashed 2026_9_20_19-09-18-outBroken-460800.npz 10
local hashed 2026_9_20_19-22-20-inBroken-115200.npz 8
local hashed 2026_9_20_19-26-17-inBroken-460800.npz 7
local hashed 2026_9_20_19-37-24-roll-115200.npz 9
local hashed 2026_9_20_19-41-02-roll-460800.npz 3
local hashed 2026_9_20_19-54-31-keep-115200.npz 8
local hashed 2026_9_20_19-58-01-keep-460800.npz 10
local hashed 2026_9_20_20-17-49-bigNormal-115200.npz 8
local hashed 2026_9_20_20-21-22-bigNormal-460800.npz 4
MBHM DCN rows hashed 256 elapsed 2.3
MBHM DCN rows hashed 16640 elapsed 9.1
MBHM DCN rows hashed 33024 elapsed 16.0
MBHM DCN rows hashed 49408 elapsed 23.0
MBHM DCN rows hashed 65792 elapsed 29.8
MBHM DCN rows hashed 82176 elapsed 36.6
MBHM DCN rows hashed 98560 elapsed 43.4
MBHM DCN rows hashed 114944 elapsed 50.2
MBHM DCN rows hashed 131328 elapsed 56.9
{"source_dcn_rows_hashed": 135516, "source_dcn_row_bytes": 96000, "source_exact_duplicate_groups": 600, "source_exact_duplicate_rows": 1504, "source_cross_split_exact_duplicate_groups": 148, "source_cross_split_exact_duplicate_rows": 299, "hdf5_file_attributes": {}, "hdf5_dataset_attributes": {}, "physical_origin_available": false, "limitation": "Byte-distinct derived DCN windows may still overlap in original raw recording or share physical bearing; no original time/start/recording fields available.", "elapsed_seconds": 58.81439396785572}
