Downloaded and verified .gitattributes (2,559 bytes)
Verified existing demo_data.json
Downloaded and verified README.md (2,802 bytes)
Downloaded and verified corpus.json (1,507,812 bytes)
Downloaded and verified metadata.parquet (836,365 bytes)
Downloaded and verified dcn.py (596 bytes)
Downloaded and verified demo.py (1,922 bytes)
Downloaded and verified metadata.sqlite (4,464,640 bytes)
data.hdf5: chunk 14/388 verified size
data.hdf5: chunk 8/388 verified size
data.hdf5: chunk 9/388 verified size
data.hdf5: chunk 11/388 verified size
data.hdf5: chunk 15/388 verified size
data.hdf5: chunk 7/388 verified size
data.hdf5: chunk 6/388 verified size
data.hdf5: chunk 5/388 verified size
data.hdf5: chunk 10/388 verified size
data.hdf5: chunk 16/388 verified size
data.hdf5: chunk 18/388 verified size
data.hdf5: chunk 20/388 verified size
data.hdf5: chunk 1/388 verified size
data.hdf5: chunk 17/388 verified size
data.hdf5: chunk 21/388 verified size
data.hdf5: chunk 27/388 verified size
data.hdf5: chunk 22/388 verified size
data.hdf5: chunk 24/388 verified size
data.hdf5: chunk 26/388 verified size
data.hdf5: chunk 25/388 verified size
data.hdf5: chunk 23/388 verified size
data.hdf5: chunk 32/388 verified size
data.hdf5: chunk 3/388 verified size
data.hdf5: chunk 31/388 verified size
data.hdf5: chunk 19/388 verified size
data.hdf5: chunk 33/388 verified size
data.hdf5: chunk 37/388 verified size
data.hdf5: chunk 39/388 verified size
data.hdf5: chunk 43/388 verified size
data.hdf5: chunk 2/388 verified size
data.hdf5: chunk 44/388 verified size
data.hdf5: chunk 42/388 verified size
data.hdf5: chunk 41/388 verified size
data.hdf5: chunk 45/388 verified size
data.hdf5: chunk 13/388 verified size
data.hdf5: chunk 30/388 verified size
data.hdf5: chunk 47/388 verified size
data.hdf5: chunk 36/388 verified size
data.hdf5: chunk 49/388 verified size
data.hdf5: chunk 50/388 verified size
data.hdf5: chunk 34/388 verified size
data.hdf5: chunk 46/388 verified size
data.hdf5: chunk 28/388 verified size
data.hdf5: chunk 38/388 verified size
data.hdf5: chunk 35/388 verified size
data.hdf5: chunk 4/388 verified size
data.hdf5: chunk 29/388 verified size
data.hdf5: chunk 53/388 verified size
data.hdf5: chunk 51/388 verified size
data.hdf5: chunk 40/388 verified size
data.hdf5: chunk 48/388 verified size
data.hdf5: chunk 54/388 verified size
data.hdf5: chunk 56/388 verified size
data.hdf5: chunk 52/388 verified size
data.hdf5: chunk 55/388 verified size
data.hdf5: chunk 60/388 verified size
data.hdf5: chunk 12/388 verified size
data.hdf5: chunk 58/388 verified size
data.hdf5: chunk 61/388 verified size
data.hdf5: chunk 59/388 verified size
data.hdf5: chunk 57/388 verified size
data.hdf5: chunk 63/388 verified size
data.hdf5: chunk 67/388 verified size
data.hdf5: chunk 64/388 verified size
data.hdf5: chunk 69/388 verified size
data.hdf5: chunk 66/388 verified size
data.hdf5: chunk 65/388 verified size
data.hdf5: chunk 68/388 verified size
data.hdf5: chunk 74/388 verified size
data.hdf5: chunk 77/388 verified size
data.hdf5: chunk 76/388 verified size
data.hdf5: chunk 71/388 verified size
data.hdf5: chunk 79/388 verified size
data.hdf5: chunk 78/388 verified size
data.hdf5: chunk 72/388 verified size
data.hdf5: chunk 84/388 verified size
data.hdf5: chunk 75/388 verified size
data.hdf5: chunk 80/388 verified size
data.hdf5: chunk 82/388 verified size
data.hdf5: chunk 86/388 verified size
data.hdf5: chunk 83/388 verified size
data.hdf5: chunk 62/388 verified size
data.hdf5: chunk 85/388 verified size
data.hdf5: chunk 70/388 verified size
data.hdf5: chunk 73/388 verified size
data.hdf5: chunk 91/388 verified size
data.hdf5: chunk 96/388 verified size
data.hdf5: chunk 81/388 verified size
data.hdf5: chunk 99/388 verified size
data.hdf5: chunk 97/388 verified size
data.hdf5: chunk 93/388 verified size
data.hdf5: chunk 89/388 verified size
data.hdf5: chunk 90/388 verified size
data.hdf5: chunk 92/388 verified size
data.hdf5: chunk 102/388 verified size
data.hdf5: chunk 104/388 verified size
data.hdf5: chunk 101/388 verified size
data.hdf5: chunk 108/388 verified size
data.hdf5: chunk 95/388 verified size
data.hdf5: chunk 88/388 verified size
data.hdf5: chunk 106/388 verified size
data.hdf5: chunk 111/388 verified size
data.hdf5: chunk 105/388 verified size
data.hdf5: chunk 117/388 verified size
data.hdf5: chunk 100/388 verified size
data.hdf5: chunk 119/388 verified size
data.hdf5: chunk 113/388 verified size
data.hdf5: chunk 121/388 verified size
data.hdf5: chunk 115/388 verified size
data.hdf5: chunk 122/388 verified size
data.hdf5: chunk 112/388 verified size
data.hdf5: chunk 120/388 verified size
data.hdf5: chunk 118/388 verified size
data.hdf5: chunk 109/388 verified size
data.hdf5: chunk 114/388 verified size
data.hdf5: chunk 125/388 verified size
data.hdf5: chunk 127/388 verified size
data.hdf5: chunk 128/388 verified size
data.hdf5: chunk 110/388 verified size
data.hdf5: chunk 126/388 verified size
data.hdf5: chunk 123/388 verified size
data.hdf5: chunk 132/388 verified size
data.hdf5: chunk 94/388 verified size
Verified existing .gitattributes
Verified existing README.md
Verified existing corpus.json
Verified existing demo_data.json
Verified existing metadata.parquet
Verified existing dcn.py
Verified existing demo.py
Verified existing metadata.sqlite
data.hdf5: chunk 129/388 verified size
data.hdf5: chunk 87/388 verified size
data.hdf5: chunk 116/388 verified size
data.hdf5: chunk 103/388 verified size
data.hdf5: chunk 98/388 verified size
data.hdf5: chunk 133/388 verified size
data.hdf5: chunk 107/388 verified size
data.hdf5: chunk 141/388 verified size
data.hdf5: chunk 150/388 verified size
data.hdf5: chunk 124/388 verified size
data.hdf5: chunk 153/388 verified size
data.hdf5: chunk 135/388 verified size
data.hdf5: chunk 137/388 verified size
data.hdf5: chunk 142/388 verified size
data.hdf5: chunk 139/388 verified size
data.hdf5: chunk 145/388 verified size
data.hdf5: chunk 152/388 verified size
data.hdf5: chunk 138/388 verified size
data.hdf5: chunk 143/388 verified size
data.hdf5: chunk 144/388 verified size
data.hdf5: chunk 131/388 verified size
data.hdf5: chunk 154/388 verified size
data.hdf5: chunk 149/388 verified size
data.hdf5: chunk 160/388 verified size
data.hdf5: chunk 134/388 verified size
data.hdf5: chunk 130/388 verified size
data.hdf5: chunk 156/388 verified size
data.hdf5: chunk 165/388 verified size
data.hdf5: chunk 169/388 verified size
data.hdf5: chunk 172/388 verified size
data.hdf5: chunk 177/388 verified size
data.hdf5: chunk 174/388 verified size
data.hdf5: chunk 171/388 verified size
data.hdf5: chunk 163/388 verified size
data.hdf5: chunk 140/388 verified size
data.hdf5: chunk 155/388 verified size
data.hdf5: chunk 179/388 verified size
data.hdf5: chunk 170/388 verified size
data.hdf5: chunk 175/388 verified size
Verified existing .gitattributes
Verified existing README.md
Verified existing corpus.json
Verified existing demo_data.json
Verified existing metadata.parquet
Verified existing dcn.py
Verified existing demo.py
Verified existing metadata.sqlite
data.hdf5: chunk 136/388 verified size
data.hdf5: chunk 147/388 verified size
data.hdf5: chunk 173/388 verified size
data.hdf5: chunk 168/388 verified size
data.hdf5: chunk 178/388 verified size
data.hdf5: chunk 162/388 verified size
data.hdf5: chunk 185/388 verified size
data.hdf5: chunk 167/388 verified size
Range 6311378944-6315573247: retry 1/24 (TimeoutError)
data.hdf5: chunk 183/388 verified size
data.hdf5: chunk 151/388 verified size
data.hdf5: chunk 161/388 verified size
data.hdf5: chunk 146/388 verified size
Verified existing .gitattributes
Verified existing README.md
Verified existing corpus.json
Verified existing demo_data.json
Verified existing metadata.parquet
Verified existing dcn.py
Verified existing demo.py
Verified existing metadata.sqlite
data.hdf5: chunk 166/388 verified size
data.hdf5: chunk 148/388 verified size
data.hdf5: chunk 164/388 verified size
data.hdf5: chunk 188/388 verified size
data.hdf5: chunk 194/388 verified size
data.hdf5: chunk 187/388 verified size
data.hdf5: chunk 181/388 verified size
data.hdf5: chunk 184/388 verified size
data.hdf5: chunk 159/388 verified size
data.hdf5: chunk 190/388 verified size
data.hdf5: chunk 157/388 verified size
data.hdf5: chunk 186/388 verified size
data.hdf5: chunk 182/388 verified size
data.hdf5: chunk 176/388 verified size
Range 6727663616-6731857919: retry 1/24 (TimeoutError)
Range 6661603328-6665797631: retry 1/24 (TimeoutError)
data.hdf5: chunk 191/388 verified size
data.hdf5: chunk 192/388 verified size
data.hdf5: chunk 158/388 verified size
data.hdf5: chunk 189/388 verified size
data.hdf5: chunk 180/388 verified size
data.hdf5: chunk 193/388 verified size
data.hdf5: chunk 195/388 verified size
data.hdf5: chunk 202/388 verified size
data.hdf5: chunk 196/388 verified size
data.hdf5: chunk 206/388 verified size
data.hdf5: chunk 198/388 verified size
data.hdf5: chunk 199/388 verified size
data.hdf5: chunk 204/388 verified size
data.hdf5: chunk 201/388 verified size
data.hdf5: chunk 200/388 verified size
data.hdf5: chunk 207/388 verified size
data.hdf5: chunk 215/388 verified size
data.hdf5: chunk 203/388 verified size
data.hdf5: chunk 213/388 verified size
data.hdf5: chunk 210/388 verified size
data.hdf5: chunk 209/388 verified size
data.hdf5: chunk 197/388 verified size
data.hdf5: chunk 205/388 verified size
data.hdf5: chunk 220/388 verified size
data.hdf5: chunk 211/388 verified size
data.hdf5: chunk 218/388 verified size
data.hdf5: chunk 216/388 verified size
data.hdf5: chunk 219/388 verified size
data.hdf5: chunk 212/388 verified size
data.hdf5: chunk 214/388 verified size
data.hdf5: chunk 208/388 verified size
data.hdf5: chunk 227/388 verified size
Range 7532969984-7537164287: retry 1/24 (TimeoutError)
data.hdf5: chunk 228/388 verified size
data.hdf5: chunk 217/388 verified size
data.hdf5: chunk 223/388 verified size
data.hdf5: chunk 222/388 verified size
data.hdf5: chunk 229/388 verified size
data.hdf5: chunk 235/388 verified size
data.hdf5: chunk 236/388 verified size
data.hdf5: chunk 224/388 verified size
data.hdf5: chunk 234/388 verified size
data.hdf5: chunk 221/388 verified size
data.hdf5: chunk 237/388 verified size
data.hdf5: chunk 232/388 verified size
data.hdf5: chunk 233/388 verified size
data.hdf5: chunk 226/388 verified size
data.hdf5: chunk 230/388 verified size
data.hdf5: chunk 241/388 verified size
data.hdf5: chunk 238/388 verified size
data.hdf5: chunk 242/388 verified size
data.hdf5: chunk 240/388 verified size
data.hdf5: chunk 243/388 verified size
data.hdf5: chunk 231/388 verified size
data.hdf5: chunk 245/388 verified size
data.hdf5: chunk 239/388 verified size
data.hdf5: chunk 246/388 verified size
data.hdf5: chunk 225/388 verified size
data.hdf5: chunk 244/388 verified size
data.hdf5: chunk 249/388 verified size
data.hdf5: chunk 252/388 verified size
data.hdf5: chunk 250/388 verified size
data.hdf5: chunk 247/388 verified size
data.hdf5: chunk 248/388 verified size
data.hdf5: chunk 262/388 verified size
data.hdf5: chunk 255/388 verified size
data.hdf5: chunk 251/388 verified size
Range 9261023232-9265217535: retry 1/24 (TimeoutError)
data.hdf5: chunk 258/388 verified size
data.hdf5: chunk 260/388 verified size
data.hdf5: chunk 253/388 verified size
data.hdf5: chunk 254/388 verified size
Range 9428795392-9432989695: retry 1/24 (TimeoutError)
data.hdf5: chunk 257/388 verified size
data.hdf5: chunk 256/388 verified size
data.hdf5: chunk 259/388 verified size
data.hdf5: chunk 264/388 verified size
data.hdf5: chunk 266/388 verified size
data.hdf5: chunk 261/388 verified size
data.hdf5: chunk 263/388 verified size
data.hdf5: chunk 267/388 verified size
Range 8975810560-8980004863: retry 1/24 (TimeoutError)
data.hdf5: chunk 271/388 verified size
Range 9110028288-9114222591: retry 1/24 (TimeoutError)
data.hdf5: chunk 269/388 verified size
data.hdf5: chunk 270/388 verified size
data.hdf5: chunk 279/388 verified size
data.hdf5: chunk 278/388 verified size
data.hdf5: chunk 274/388 verified size
data.hdf5: chunk 276/388 verified size
data.hdf5: chunk 280/388 verified size
data.hdf5: chunk 273/388 verified size
data.hdf5: chunk 265/388 verified size
data.hdf5: chunk 275/388 verified size
data.hdf5: chunk 286/388 verified size
data.hdf5: chunk 281/388 verified size
data.hdf5: chunk 268/388 verified size
data.hdf5: chunk 288/388 verified size
Range 10041163776-10045358079: retry 1/24 (TimeoutError)
data.hdf5: chunk 284/388 verified size
data.hdf5: chunk 283/388 verified size
data.hdf5: chunk 277/388 verified size
data.hdf5: chunk 272/388 verified size
data.hdf5: chunk 282/388 verified size
Range 9948889088-9953083391: retry 1/24 (TimeoutError)
data.hdf5: chunk 292/388 verified size
data.hdf5: chunk 293/388 verified size
Range 10406068224-10410262527: retry 1/24 (TimeoutError)
data.hdf5: chunk 295/388 verified size
data.hdf5: chunk 291/388 verified size
data.hdf5: chunk 287/388 verified size
data.hdf5: chunk 297/388 verified size
data.hdf5: chunk 285/388 verified size
data.hdf5: chunk 305/388 verified size
data.hdf5: chunk 294/388 verified size
data.hdf5: chunk 298/388 verified size
data.hdf5: chunk 299/388 verified size
data.hdf5: chunk 304/388 verified size
data.hdf5: chunk 308/388 verified size
data.hdf5: chunk 290/388 verified size
data.hdf5: chunk 303/388 verified size
data.hdf5: chunk 289/388 verified size
data.hdf5: chunk 310/388 verified size
data.hdf5: chunk 296/388 verified size
data.hdf5: chunk 300/388 verified size
data.hdf5: chunk 312/388 verified size
data.hdf5: chunk 302/388 verified size
data.hdf5: chunk 313/388 verified size
data.hdf5: chunk 306/388 verified size
data.hdf5: chunk 318/388 verified size
data.hdf5: chunk 301/388 verified size
data.hdf5: chunk 307/388 verified size
data.hdf5: chunk 317/388 verified size
data.hdf5: chunk 315/388 verified size
data.hdf5: chunk 316/388 verified size
data.hdf5: chunk 320/388 verified size
data.hdf5: chunk 309/388 verified size
data.hdf5: chunk 319/388 verified size
data.hdf5: chunk 311/388 verified size
Range 11609833472-11614027775: retry 1/24 (TimeoutError)
data.hdf5: chunk 323/388 verified size
data.hdf5: chunk 322/388 verified size
data.hdf5: chunk 331/388 verified size
data.hdf5: chunk 321/388 verified size
data.hdf5: chunk 330/388 verified size
data.hdf5: chunk 325/388 verified size
data.hdf5: chunk 328/388 verified size
data.hdf5: chunk 336/388 verified size
data.hdf5: chunk 326/388 verified size
data.hdf5: chunk 333/388 verified size
data.hdf5: chunk 332/388 verified size
data.hdf5: chunk 329/388 verified size
data.hdf5: chunk 314/388 verified size
data.hdf5: chunk 339/388 verified size
data.hdf5: chunk 341/388 verified size
data.hdf5: chunk 335/388 verified size
data.hdf5: chunk 334/388 verified size
data.hdf5: chunk 327/388 verified size
data.hdf5: chunk 338/388 verified size
data.hdf5: chunk 342/388 verified size
data.hdf5: chunk 345/388 verified size
data.hdf5: chunk 324/388 verified size
data.hdf5: chunk 344/388 verified size
data.hdf5: chunk 340/388 verified size
data.hdf5: chunk 337/388 verified size
data.hdf5: chunk 343/388 verified size
data.hdf5: chunk 350/388 verified size
data.hdf5: chunk 349/388 verified size
data.hdf5: chunk 346/388 verified size
data.hdf5: chunk 348/388 verified size
data.hdf5: chunk 353/388 verified size
data.hdf5: chunk 347/388 verified size
Range 11991515136-11995709439: retry 1/24 (TimeoutError)
data.hdf5: chunk 351/388 verified size
data.hdf5: chunk 357/388 verified size
data.hdf5: chunk 361/388 verified size
data.hdf5: chunk 354/388 verified size
data.hdf5: chunk 355/388 verified size
data.hdf5: chunk 366/388 verified size
data.hdf5: chunk 362/388 verified size
data.hdf5: chunk 363/388 verified size
data.hdf5: chunk 364/388 verified size
Range 12821987328-12826181631: retry 1/24 (TimeoutError)
data.hdf5: chunk 370/388 verified size
data.hdf5: chunk 359/388 verified size
data.hdf5: chunk 369/388 verified size
data.hdf5: chunk 367/388 verified size
data.hdf5: chunk 365/388 verified size
data.hdf5: chunk 352/388 verified size
data.hdf5: chunk 368/388 verified size
data.hdf5: chunk 374/388 verified size
data.hdf5: chunk 377/388 verified size
data.hdf5: chunk 373/388 verified size
data.hdf5: chunk 371/388 verified size
data.hdf5: chunk 360/388 verified size
data.hdf5: chunk 358/388 verified size
data.hdf5: chunk 356/388 verified size
data.hdf5: chunk 376/388 verified size
data.hdf5: chunk 372/388 verified size
data.hdf5: chunk 375/388 verified size
data.hdf5: chunk 379/388 verified size
data.hdf5: chunk 382/388 verified size
data.hdf5: chunk 378/388 verified size
data.hdf5: chunk 380/388 verified size
data.hdf5: chunk 387/388 verified size
data.hdf5: chunk 381/388 verified size
data.hdf5: chunk 384/388 verified size
data.hdf5: chunk 388/388 verified size
data.hdf5: chunk 386/388 verified size
data.hdf5: chunk 385/388 verified size
data.hdf5: chunk 383/388 verified size
Downloaded and verified data.hdf5 (13,009,537,400 bytes)
Complete MBHM release verified: /media/nas_users/huangyating/bearllm-assets/mbhm_dataset/mbhm_manifest.json
