Full HDF5 file ready; independently verifying hashes then every signal value.
Hash verified=True: .gitattributes
Hash verified=True: README.md
Hash verified=True: corpus.json
Hash verified=True: data.hdf5
Hash verified=True: demo_data.json
Hash verified=True: metadata.parquet
Hash verified=True: metadata.sqlite
Hash verified=True: src/dcn.py
Hash verified=True: src/demo.py
Validated signal values: 1024/135516
Validated signal values: 2048/135516
Validated signal values: 3072/135516
Validated signal values: 4096/135516
Validated signal values: 5120/135516
Validated signal values: 6144/135516
Validated signal values: 7168/135516
Validated signal values: 8192/135516
Validated signal values: 9216/135516
Validated signal values: 10240/135516
Validated signal values: 11264/135516
Validated signal values: 12288/135516
Validated signal values: 13312/135516
Validated signal values: 14336/135516
Validated signal values: 15360/135516
Validated signal values: 16384/135516
Validated signal values: 17408/135516
Validated signal values: 18432/135516
Validated signal values: 19456/135516
Validated signal values: 20480/135516
Validated signal values: 21504/135516
Validated signal values: 22528/135516
Validated signal values: 23552/135516
Validated signal values: 24576/135516
Validated signal values: 25600/135516
Validated signal values: 26624/135516
Validated signal values: 27648/135516
Validated signal values: 28672/135516
Validated signal values: 29696/135516
Validated signal values: 30720/135516
Validated signal values: 31744/135516
Validated signal values: 32768/135516
Validated signal values: 33792/135516
Validated signal values: 34816/135516
Validated signal values: 35840/135516
Validated signal values: 36864/135516
Validated signal values: 37888/135516
Validated signal values: 38912/135516
Validated signal values: 39936/135516
Validated signal values: 40960/135516
Validated signal values: 41984/135516
Validated signal values: 43008/135516
Validated signal values: 44032/135516
Validated signal values: 45056/135516
Validated signal values: 46080/135516
Validated signal values: 47104/135516
Validated signal values: 48128/135516
Validated signal values: 49152/135516
Validated signal values: 50176/135516
Validated signal values: 51200/135516
Validated signal values: 52224/135516
Validated signal values: 53248/135516
Validated signal values: 54272/135516
Validated signal values: 55296/135516
Validated signal values: 56320/135516
Validated signal values: 57344/135516
Validated signal values: 58368/135516
Validated signal values: 59392/135516
Validated signal values: 60416/135516
Validated signal values: 61440/135516
Validated signal values: 62464/135516
Validated signal values: 63488/135516
Validated signal values: 64512/135516
Validated signal values: 65536/135516
Validated signal values: 66560/135516
Validated signal values: 67584/135516
Validated signal values: 68608/135516
Validated signal values: 69632/135516
Validated signal values: 70656/135516
Validated signal values: 71680/135516
Validated signal values: 72704/135516
Validated signal values: 73728/135516
Validated signal values: 74752/135516
Validated signal values: 75776/135516
Validated signal values: 76800/135516
Validated signal values: 77824/135516
Validated signal values: 78848/135516
Validated signal values: 79872/135516
Validated signal values: 80896/135516
Validated signal values: 81920/135516
Validated signal values: 82944/135516
Validated signal values: 83968/135516
Validated signal values: 84992/135516
Validated signal values: 86016/135516
Validated signal values: 87040/135516
Validated signal values: 88064/135516
Validated signal values: 89088/135516
Validated signal values: 90112/135516
Validated signal values: 91136/135516
Validated signal values: 92160/135516
Validated signal values: 93184/135516
Validated signal values: 94208/135516
Validated signal values: 95232/135516
Validated signal values: 96256/135516
Validated signal values: 97280/135516
Validated signal values: 98304/135516
Validated signal values: 99328/135516
Validated signal values: 100352/135516
Validated signal values: 101376/135516
Validated signal values: 102400/135516
Validated signal values: 103424/135516
Validated signal values: 104448/135516
Validated signal values: 105472/135516
Validated signal values: 106496/135516
Validated signal values: 107520/135516
Validated signal values: 108544/135516
Validated signal values: 109568/135516
Validated signal values: 110592/135516
Validated signal values: 111616/135516
Validated signal values: 112640/135516
Validated signal values: 113664/135516
Validated signal values: 114688/135516
Validated signal values: 115712/135516
Validated signal values: 116736/135516
Validated signal values: 117760/135516
Validated signal values: 118784/135516
Validated signal values: 119808/135516
Validated signal values: 120832/135516
Validated signal values: 121856/135516
Validated signal values: 122880/135516
Validated signal values: 123904/135516
Validated signal values: 124928/135516
Validated signal values: 125952/135516
Validated signal values: 126976/135516
Validated signal values: 128000/135516
Validated signal values: 129024/135516
Validated signal values: 130048/135516
Validated signal values: 131072/135516
Validated signal values: 132096/135516
Validated signal values: 133120/135516
Validated signal values: 134144/135516
Validated signal values: 135168/135516
Validated signal values: 135516/135516
Audit passed=True; report=outputs/mbhm_audit.json
