four_class_provisional_roi 115200_to_460800 embedding_only 17 test= [(1.0, 0.3377)] elapsed 1.0
four_class_provisional_roi 115200_to_460800 embedding_only 42 test= [(1.0, 0.3324)] elapsed 1.5
four_class_provisional_roi 115200_to_460800 embedding_only 73 test= [(1.0, 0.3353)] elapsed 2.0
four_class_provisional_roi 115200_to_460800 ce_only 17 test= [(1.0, 1.0335)] elapsed 2.5
four_class_provisional_roi 115200_to_460800 ce_only 42 test= [(1.0, 1.0496)] elapsed 2.9
four_class_provisional_roi 115200_to_460800 ce_only 73 test= [(1.0, 1.0222)] elapsed 3.4
four_class_provisional_roi 115200_to_460800 ce_feat_1_kd 17 test= [(1.0, 0.3395)] elapsed 4.0
four_class_provisional_roi 115200_to_460800 ce_feat_1_kd 42 test= [(1.0, 0.3377)] elapsed 4.6
four_class_provisional_roi 115200_to_460800 ce_feat_1_kd 73 test= [(1.0, 0.335)] elapsed 5.1
four_class_provisional_roi 460800_to_115200 embedding_only 17 test= [(1.0, 0.2767)] elapsed 5.6
four_class_provisional_roi 460800_to_115200 embedding_only 42 test= [(1.0, 0.2705)] elapsed 6.0
four_class_provisional_roi 460800_to_115200 embedding_only 73 test= [(1.0, 0.2783)] elapsed 6.5
four_class_provisional_roi 460800_to_115200 ce_only 17 test= [(1.0, 0.7549)] elapsed 7.0
four_class_provisional_roi 460800_to_115200 ce_only 42 test= [(1.0, 0.796)] elapsed 7.4
four_class_provisional_roi 460800_to_115200 ce_only 73 test= [(1.0, 0.7873)] elapsed 7.9
four_class_provisional_roi 460800_to_115200 ce_feat_1_kd 17 test= [(1.0, 0.2735)] elapsed 8.5
four_class_provisional_roi 460800_to_115200 ce_feat_1_kd 42 test= [(1.0, 0.2724)] elapsed 9.0
four_class_provisional_roi 460800_to_115200 ce_feat_1_kd 73 test= [(1.0, 0.2737)] elapsed 9.6
four_class_provisional_roi all_known embedding_only 42 test= [(1.0, 0.2737)] elapsed 10.1
four_class_provisional_roi all_known ce_only 42 test= [] elapsed 10.6
four_class_provisional_roi all_known ce_feat_1_kd 42 test= [] elapsed 11.3
