four_class_provisional_roi 115200_to_460800 embedding_only 17 test= [(0.25, 0.3377)] elapsed 1.1
four_class_provisional_roi 115200_to_460800 embedding_only 73 test= [(0.25, 0.3353)] elapsed 1.5
four_class_provisional_roi 115200_to_460800 ce_only 17 test= [(1.0, 4.8053)] elapsed 2.0
four_class_provisional_roi 115200_to_460800 ce_only 73 test= [(1.0, 4.5756)] elapsed 2.5
four_class_provisional_roi 115200_to_460800 ce_feat_0p1 17 test= [(1.0, 1.4105)] elapsed 3.1
four_class_provisional_roi 115200_to_460800 ce_feat_0p1 73 test= [(1.0, 1.429)] elapsed 3.6
four_class_provisional_roi 115200_to_460800 ce_feat_1 17 test= [(1.0, 1.005)] elapsed 4.2
four_class_provisional_roi 115200_to_460800 ce_feat_1 73 test= [(1.0, 1.0034)] elapsed 4.7
four_class_provisional_roi 115200_to_460800 ce_feat_10 17 test= [(0.25, 0.4245)] elapsed 5.2
four_class_provisional_roi 115200_to_460800 ce_feat_10 73 test= [(0.25, 0.4222)] elapsed 5.8
four_class_provisional_roi 115200_to_460800 ce_feat_1_kd 17 test= [(0.5, 0.8662)] elapsed 6.4
four_class_provisional_roi 115200_to_460800 ce_feat_1_kd 73 test= [(0.5, 0.8625)] elapsed 7.0
four_class_provisional_roi 115200_to_460800 phase_ce_feat_1 17 test= [(1.0, 0.993)] elapsed 7.6
four_class_provisional_roi 115200_to_460800 phase_ce_feat_1 73 test= [(1.0, 0.9835)] elapsed 8.1
four_class_provisional_roi 115200_to_460800 smooth_ce_feat_1 17 test= [(1.0, 1.0163)] elapsed 8.7
four_class_provisional_roi 115200_to_460800 smooth_ce_feat_1 73 test= [(1.0, 1.0237)] elapsed 9.3
four_class_provisional_roi 460800_to_115200 embedding_only 17 test= [(0.25, 0.2767)] elapsed 9.7
four_class_provisional_roi 460800_to_115200 embedding_only 73 test= [(0.25, 0.2783)] elapsed 10.2
four_class_provisional_roi 460800_to_115200 ce_only 17 test= [(1.0, 3.9238)] elapsed 10.7
four_class_provisional_roi 460800_to_115200 ce_only 73 test= [(1.0, 4.1896)] elapsed 11.2
four_class_provisional_roi 460800_to_115200 ce_feat_0p1 17 test= [(1.0, 1.228)] elapsed 11.8
four_class_provisional_roi 460800_to_115200 ce_feat_0p1 73 test= [(1.0, 1.2293)] elapsed 12.3
four_class_provisional_roi 460800_to_115200 ce_feat_1 17 test= [(1.0, 0.8866)] elapsed 12.9
four_class_provisional_roi 460800_to_115200 ce_feat_1 73 test= [(1.0, 0.9023)] elapsed 13.4
four_class_provisional_roi 460800_to_115200 ce_feat_10 17 test= [(0.25, 0.3817)] elapsed 14.0
four_class_provisional_roi 460800_to_115200 ce_feat_10 73 test= [(0.25, 0.3761)] elapsed 14.6
four_class_provisional_roi 460800_to_115200 ce_feat_1_kd 17 test= [(0.5, 0.7358)] elapsed 15.3
four_class_provisional_roi 460800_to_115200 ce_feat_1_kd 73 test= [(0.5, 0.7399)] elapsed 15.9
four_class_provisional_roi 460800_to_115200 phase_ce_feat_1 17 test= [(1.0, 0.9124)] elapsed 16.5
four_class_provisional_roi 460800_to_115200 phase_ce_feat_1 73 test= [(1.0, 0.9194)] elapsed 17.1
four_class_provisional_roi 460800_to_115200 smooth_ce_feat_1 17 test= [(1.0, 0.9023)] elapsed 17.7
four_class_provisional_roi 460800_to_115200 smooth_ce_feat_1 73 test= [(1.0, 0.908)] elapsed 18.2
three_class_geometry_compatible 115200_to_460800 embedding_only 17 test= [(0.0, 0.4237)] elapsed 18.7
three_class_geometry_compatible 115200_to_460800 embedding_only 73 test= [(0.0, 0.4226)] elapsed 19.2
three_class_geometry_compatible 115200_to_460800 ce_only 17 test= [(1.0, 5.2276)] elapsed 19.7
three_class_geometry_compatible 115200_to_460800 ce_only 73 test= [(1.0, 5.4218)] elapsed 20.2
three_class_geometry_compatible 115200_to_460800 ce_feat_0p1 17 test= [(1.0, 1.7027)] elapsed 20.7
three_class_geometry_compatible 115200_to_460800 ce_feat_0p1 73 test= [(1.0, 1.725)] elapsed 21.3
three_class_geometry_compatible 115200_to_460800 ce_feat_1 17 test= [(1.0, 1.2265)] elapsed 21.9
three_class_geometry_compatible 115200_to_460800 ce_feat_1 73 test= [(1.0, 1.2205)] elapsed 22.4
three_class_geometry_compatible 115200_to_460800 ce_feat_10 17 test= [(0.0, 0.5434)] elapsed 23.0
three_class_geometry_compatible 115200_to_460800 ce_feat_10 73 test= [(0.0, 0.5329)] elapsed 23.5
three_class_geometry_compatible 115200_to_460800 ce_feat_1_kd 17 test= [(0.6666666666666666, 1.0595)] elapsed 24.1
three_class_geometry_compatible 115200_to_460800 ce_feat_1_kd 73 test= [(0.6666666666666666, 1.0327)] elapsed 24.6
three_class_geometry_compatible 115200_to_460800 phase_ce_feat_1 17 test= [(1.0, 1.2463)] elapsed 25.2
three_class_geometry_compatible 115200_to_460800 phase_ce_feat_1 73 test= [(1.0, 1.2737)] elapsed 25.8
three_class_geometry_compatible 115200_to_460800 smooth_ce_feat_1 17 test= [(1.0, 1.2652)] elapsed 26.3
three_class_geometry_compatible 115200_to_460800 smooth_ce_feat_1 73 test= [(1.0, 1.2468)] elapsed 26.9
three_class_geometry_compatible 460800_to_115200 embedding_only 17 test= [(0.0, 0.2827)] elapsed 27.3
three_class_geometry_compatible 460800_to_115200 embedding_only 73 test= [(0.0, 0.2844)] elapsed 27.8
three_class_geometry_compatible 460800_to_115200 ce_only 17 test= [(1.0, 5.434)] elapsed 28.3
three_class_geometry_compatible 460800_to_115200 ce_only 73 test= [(1.0, 5.4809)] elapsed 28.8
three_class_geometry_compatible 460800_to_115200 ce_feat_0p1 17 test= [(1.0, 1.6927)] elapsed 29.4
three_class_geometry_compatible 460800_to_115200 ce_feat_0p1 73 test= [(1.0, 1.7143)] elapsed 29.9
three_class_geometry_compatible 460800_to_115200 ce_feat_1 17 test= [(1.0, 1.1818)] elapsed 30.4
three_class_geometry_compatible 460800_to_115200 ce_feat_1 73 test= [(1.0, 1.1441)] elapsed 31.0
three_class_geometry_compatible 460800_to_115200 ce_feat_10 17 test= [(0.0, 0.4251)] elapsed 31.5
three_class_geometry_compatible 460800_to_115200 ce_feat_10 73 test= [(0.0, 0.4268)] elapsed 32.1
three_class_geometry_compatible 460800_to_115200 ce_feat_1_kd 17 test= [(0.6666666666666666, 0.9422)] elapsed 32.6
three_class_geometry_compatible 460800_to_115200 ce_feat_1_kd 73 test= [(0.6666666666666666, 0.9157)] elapsed 33.2
three_class_geometry_compatible 460800_to_115200 phase_ce_feat_1 17 test= [(1.0, 1.2177)] elapsed 33.7
three_class_geometry_compatible 460800_to_115200 phase_ce_feat_1 73 test= [(1.0, 1.2277)] elapsed 34.3
three_class_geometry_compatible 460800_to_115200 smooth_ce_feat_1 17 test= [(1.0, 1.1767)] elapsed 34.9
three_class_geometry_compatible 460800_to_115200 smooth_ce_feat_1 73 test= [(1.0, 1.1647)] elapsed 35.4
