four_class_provisional_roi 115200_to_460800 embedding_only 17 test= [(0.0, 0.4174)] elapsed 1.2
four_class_provisional_roi 115200_to_460800 embedding_only 42 test= [(0.0, 0.4086)] elapsed 1.7
four_class_provisional_roi 115200_to_460800 embedding_only 73 test= [(0.0, 0.4143)] elapsed 2.2
four_class_provisional_roi 115200_to_460800 ce_only 17 test= [(1.0, 3.1943)] elapsed 2.7
four_class_provisional_roi 115200_to_460800 ce_only 42 test= [(1.0, 3.107)] elapsed 3.2
four_class_provisional_roi 115200_to_460800 ce_only 73 test= [(1.0, 3.0724)] elapsed 3.7
four_class_provisional_roi 115200_to_460800 ce_feat_1 17 test= [(1.0, 0.6146)] elapsed 4.2
four_class_provisional_roi 115200_to_460800 ce_feat_1 42 test= [(1.0, 0.5981)] elapsed 4.8
four_class_provisional_roi 115200_to_460800 ce_feat_1 73 test= [(1.0, 0.6071)] elapsed 5.3
four_class_provisional_roi 460800_to_115200 embedding_only 17 test= [(0.25, 4.2768)] elapsed 5.8
four_class_provisional_roi 460800_to_115200 embedding_only 42 test= [(0.25, 4.2664)] elapsed 6.3
four_class_provisional_roi 460800_to_115200 embedding_only 73 test= [(0.25, 4.2808)] elapsed 6.8
four_class_provisional_roi 460800_to_115200 ce_only 17 test= [(1.0, 5.7979)] elapsed 7.3
four_class_provisional_roi 460800_to_115200 ce_only 42 test= [(1.0, 5.849)] elapsed 7.8
four_class_provisional_roi 460800_to_115200 ce_only 73 test= [(1.0, 5.9269)] elapsed 8.3
four_class_provisional_roi 460800_to_115200 ce_feat_1 17 test= [(1.0, 4.4396)] elapsed 8.9
four_class_provisional_roi 460800_to_115200 ce_feat_1 42 test= [(1.0, 4.4249)] elapsed 9.4
four_class_provisional_roi 460800_to_115200 ce_feat_1 73 test= [(1.0, 4.4356)] elapsed 9.9
four_class_provisional_roi all_known embedding_only 42 test= [(1.0, 4.4356)] elapsed 10.5
four_class_provisional_roi all_known ce_only 42 test= [] elapsed 11.0
four_class_provisional_roi all_known ce_feat_1 42 test= [] elapsed 11.6
three_class_geometry_compatible 115200_to_460800 embedding_only 17 test= [(0.0, 0.5638)] elapsed 12.1
three_class_geometry_compatible 115200_to_460800 embedding_only 42 test= [(0.0, 0.5562)] elapsed 12.5
three_class_geometry_compatible 115200_to_460800 embedding_only 73 test= [(0.0, 0.5625)] elapsed 13.0
three_class_geometry_compatible 115200_to_460800 ce_only 17 test= [(1.0, 3.4259)] elapsed 13.4
three_class_geometry_compatible 115200_to_460800 ce_only 42 test= [(1.0, 3.7263)] elapsed 13.9
three_class_geometry_compatible 115200_to_460800 ce_only 73 test= [(1.0, 3.3048)] elapsed 14.4
three_class_geometry_compatible 115200_to_460800 ce_feat_1 17 test= [(1.0, 0.7342)] elapsed 14.9
three_class_geometry_compatible 115200_to_460800 ce_feat_1 42 test= [(1.0, 0.7398)] elapsed 15.4
three_class_geometry_compatible 115200_to_460800 ce_feat_1 73 test= [(1.0, 0.726)] elapsed 15.9
three_class_geometry_compatible 460800_to_115200 embedding_only 17 test= [(0.3333333333333333, 4.7615)] elapsed 16.4
three_class_geometry_compatible 460800_to_115200 embedding_only 42 test= [(0.3333333333333333, 4.7623)] elapsed 16.8
three_class_geometry_compatible 460800_to_115200 embedding_only 73 test= [(0.3333333333333333, 4.7635)] elapsed 17.3
three_class_geometry_compatible 460800_to_115200 ce_only 17 test= [(1.0, 6.6779)] elapsed 17.8
three_class_geometry_compatible 460800_to_115200 ce_only 42 test= [(1.0, 6.694)] elapsed 18.2
three_class_geometry_compatible 460800_to_115200 ce_only 73 test= [(1.0, 6.8314)] elapsed 18.7
three_class_geometry_compatible 460800_to_115200 ce_feat_1 17 test= [(1.0, 4.9346)] elapsed 19.2
three_class_geometry_compatible 460800_to_115200 ce_feat_1 42 test= [(1.0, 4.9233)] elapsed 19.7
three_class_geometry_compatible 460800_to_115200 ce_feat_1 73 test= [(1.0, 4.9302)] elapsed 20.3
three_class_geometry_compatible all_known embedding_only 42 test= [(1.0, 4.9302)] elapsed 20.8
three_class_geometry_compatible all_known ce_only 42 test= [] elapsed 21.3
three_class_geometry_compatible all_known ce_feat_1 42 test= [] elapsed 21.9
