four_class_provisional_roi 115200_to_460800 embedding_only 17 test= [(1.0, 0.4174)] elapsed 1.0
four_class_provisional_roi 115200_to_460800 embedding_only 42 test= [(1.0, 0.4086)] elapsed 1.5
four_class_provisional_roi 115200_to_460800 embedding_only 73 test= [(1.0, 0.4143)] elapsed 2.0
four_class_provisional_roi 115200_to_460800 ce_only 17 test= [(1.0, 1.265)] elapsed 2.5
four_class_provisional_roi 115200_to_460800 ce_only 42 test= [(1.0, 1.2991)] elapsed 3.0
four_class_provisional_roi 115200_to_460800 ce_only 73 test= [(1.0, 1.2889)] elapsed 3.5
four_class_provisional_roi 115200_to_460800 ce_feat_1_kd 17 test= [(1.0, 0.4218)] elapsed 4.1
four_class_provisional_roi 115200_to_460800 ce_feat_1_kd 42 test= [(1.0, 0.4161)] elapsed 4.7
four_class_provisional_roi 115200_to_460800 ce_feat_1_kd 73 test= [(1.0, 0.4165)] elapsed 5.2
four_class_provisional_roi 460800_to_115200 embedding_only 17 test= [(1.0, 4.2768)] elapsed 5.7
four_class_provisional_roi 460800_to_115200 embedding_only 42 test= [(1.0, 4.2664)] elapsed 6.2
four_class_provisional_roi 460800_to_115200 embedding_only 73 test= [(1.0, 4.2808)] elapsed 6.7
four_class_provisional_roi 460800_to_115200 ce_only 17 test= [(1.0, 4.602)] elapsed 7.2
four_class_provisional_roi 460800_to_115200 ce_only 42 test= [(1.0, 4.6151)] elapsed 7.7
four_class_provisional_roi 460800_to_115200 ce_only 73 test= [(1.0, 4.6319)] elapsed 8.2
four_class_provisional_roi 460800_to_115200 ce_feat_1_kd 17 test= [(1.0, 4.2771)] elapsed 8.7
four_class_provisional_roi 460800_to_115200 ce_feat_1_kd 42 test= [(1.0, 4.2747)] elapsed 9.3
four_class_provisional_roi 460800_to_115200 ce_feat_1_kd 73 test= [(1.0, 4.2789)] elapsed 9.8
four_class_provisional_roi all_known embedding_only 42 test= [(1.0, 4.2789)] elapsed 10.4
four_class_provisional_roi all_known ce_only 42 test= [] elapsed 10.9
four_class_provisional_roi all_known ce_feat_1_kd 42 test= [] elapsed 11.6
