four_class_provisional_roi 115200_to_460800 embedding_only 42 test= [(0.25, 0.3324)] elapsed 1.1
four_class_provisional_roi 115200_to_460800 ce_only 42 test= [(1.0, 5.1765)] elapsed 1.7
four_class_provisional_roi 115200_to_460800 ce_feat_0p1 42 test= [(1.0, 1.3713)] elapsed 2.3
four_class_provisional_roi 115200_to_460800 ce_feat_1 42 test= [(1.0, 0.9579)] elapsed 2.9
four_class_provisional_roi 115200_to_460800 ce_feat_10 42 test= [(0.25, 0.415)] elapsed 3.5
four_class_provisional_roi 115200_to_460800 ce_feat_1_kd 42 test= [(0.5, 0.8306)] elapsed 4.2
four_class_provisional_roi 115200_to_460800 phase_ce_feat_1 42 test= [(1.0, 1.0065)] elapsed 4.8
four_class_provisional_roi 115200_to_460800 smooth_ce_feat_1 42 test= [(1.0, 0.9778)] elapsed 5.4
four_class_provisional_roi 460800_to_115200 embedding_only 42 test= [(0.25, 0.2705)] elapsed 5.9
four_class_provisional_roi 460800_to_115200 ce_only 42 test= [(1.0, 4.2271)] elapsed 6.5
four_class_provisional_roi 460800_to_115200 ce_feat_0p1 42 test= [(1.0, 1.2061)] elapsed 7.1
four_class_provisional_roi 460800_to_115200 ce_feat_1 42 test= [(1.0, 0.8675)] elapsed 7.7
four_class_provisional_roi 460800_to_115200 ce_feat_10 42 test= [(0.25, 0.372)] elapsed 8.3
four_class_provisional_roi 460800_to_115200 ce_feat_1_kd 42 test= [(0.5, 0.7152)] elapsed 9.0
four_class_provisional_roi 460800_to_115200 phase_ce_feat_1 42 test= [(1.0, 0.9008)] elapsed 9.6
four_class_provisional_roi 460800_to_115200 smooth_ce_feat_1 42 test= [(1.0, 0.8883)] elapsed 10.2
four_class_provisional_roi all_known embedding_only 42 test= [(1.0, 0.8883)] elapsed 10.9
four_class_provisional_roi all_known ce_only 42 test= [] elapsed 11.5
four_class_provisional_roi all_known ce_feat_0p1 42 test= [] elapsed 12.2
four_class_provisional_roi all_known ce_feat_1 42 test= [] elapsed 13.0
four_class_provisional_roi all_known ce_feat_10 42 test= [] elapsed 13.7
four_class_provisional_roi all_known ce_feat_1_kd 42 test= [] elapsed 14.4
four_class_provisional_roi all_known phase_ce_feat_1 42 test= [] elapsed 15.2
four_class_provisional_roi all_known smooth_ce_feat_1 42 test= [] elapsed 15.9
three_class_geometry_compatible 115200_to_460800 embedding_only 42 test= [(0.0, 0.419)] elapsed 16.4
three_class_geometry_compatible 115200_to_460800 ce_only 42 test= [(1.0, 5.6207)] elapsed 17.0
three_class_geometry_compatible 115200_to_460800 ce_feat_0p1 42 test= [(1.0, 1.7042)] elapsed 17.6
three_class_geometry_compatible 115200_to_460800 ce_feat_1 42 test= [(1.0, 1.2381)] elapsed 18.2
three_class_geometry_compatible 115200_to_460800 ce_feat_10 42 test= [(0.0, 0.5423)] elapsed 18.8
three_class_geometry_compatible 115200_to_460800 ce_feat_1_kd 42 test= [(0.6666666666666666, 1.0673)] elapsed 19.4
three_class_geometry_compatible 115200_to_460800 phase_ce_feat_1 42 test= [(1.0, 1.2462)] elapsed 20.0
three_class_geometry_compatible 115200_to_460800 smooth_ce_feat_1 42 test= [(1.0, 1.2458)] elapsed 20.6
three_class_geometry_compatible 460800_to_115200 embedding_only 42 test= [(0.0, 0.2833)] elapsed 21.2
three_class_geometry_compatible 460800_to_115200 ce_only 42 test= [(1.0, 5.5841)] elapsed 21.7
three_class_geometry_compatible 460800_to_115200 ce_feat_0p1 42 test= [(1.0, 1.6826)] elapsed 22.3
three_class_geometry_compatible 460800_to_115200 ce_feat_1 42 test= [(1.0, 1.1249)] elapsed 22.9
three_class_geometry_compatible 460800_to_115200 ce_feat_10 42 test= [(0.0, 0.4183)] elapsed 23.5
three_class_geometry_compatible 460800_to_115200 ce_feat_1_kd 42 test= [(0.6666666666666666, 0.9134)] elapsed 24.2
three_class_geometry_compatible 460800_to_115200 phase_ce_feat_1 42 test= [(1.0, 1.1916)] elapsed 24.8
three_class_geometry_compatible 460800_to_115200 smooth_ce_feat_1 42 test= [(1.0, 1.1476)] elapsed 25.4
three_class_geometry_compatible all_known embedding_only 42 test= [(1.0, 1.1476)] elapsed 26.0
three_class_geometry_compatible all_known ce_only 42 test= [] elapsed 26.6
three_class_geometry_compatible all_known ce_feat_0p1 42 test= [] elapsed 27.3
three_class_geometry_compatible all_known ce_feat_1 42 test= [] elapsed 28.0
three_class_geometry_compatible all_known ce_feat_10 42 test= [] elapsed 28.6
three_class_geometry_compatible all_known ce_feat_1_kd 42 test= [] elapsed 29.3
three_class_geometry_compatible all_known phase_ce_feat_1 42 test= [] elapsed 30.0
three_class_geometry_compatible all_known smooth_ce_feat_1 42 test= [] elapsed 30.7
