Verified existing config.json
Verified existing generation_config.json
Verified existing tokenizer_config.json
Verified existing merges.txt
Verified existing LICENSE
Verified existing adapter_config.json
Verified existing tokenizer.json
Verified existing vocab.json
Verified existing demo_data.json
Verified existing vibration_adapter.pth
Verified existing adapter_model.safetensors
model.safetensors: chunk 10/93 verified size
model.safetensors: chunk 15/93 verified size
model.safetensors: chunk 3/93 verified size
model.safetensors: chunk 16/93 verified size
model.safetensors: chunk 13/93 verified size
model.safetensors: chunk 8/93 verified size
model.safetensors: chunk 2/93 verified size
model.safetensors: chunk 7/93 verified size
model.safetensors: chunk 6/93 verified size
model.safetensors: chunk 4/93 verified size
model.safetensors: chunk 17/93 verified size
model.safetensors: chunk 11/93 verified size
model.safetensors: chunk 18/93 verified size
model.safetensors: chunk 14/93 verified size
model.safetensors: chunk 21/93 verified size
model.safetensors: chunk 24/93 verified size
model.safetensors: chunk 25/93 verified size
model.safetensors: chunk 23/93 verified size
model.safetensors: chunk 19/93 verified size
model.safetensors: chunk 5/93 verified size
model.safetensors: chunk 20/93 verified size
model.safetensors: chunk 1/93 verified size
model.safetensors: chunk 32/93 verified size
model.safetensors: chunk 27/93 verified size
model.safetensors: chunk 28/93 verified size
model.safetensors: chunk 29/93 verified size
model.safetensors: chunk 38/93 verified size
model.safetensors: chunk 26/93 verified size
model.safetensors: chunk 39/93 verified size
model.safetensors: chunk 36/93 verified size
model.safetensors: chunk 41/93 verified size
model.safetensors: chunk 43/93 verified size
model.safetensors: chunk 37/93 verified size
model.safetensors: chunk 46/93 verified size
model.safetensors: chunk 47/93 verified size
model.safetensors: chunk 42/93 verified size
model.safetensors: chunk 48/93 verified size
model.safetensors: chunk 49/93 verified size
model.safetensors: chunk 50/93 verified size
model.safetensors: chunk 51/93 verified size
model.safetensors: chunk 40/93 verified size
model.safetensors: chunk 54/93 verified size
model.safetensors: chunk 55/93 verified size
model.safetensors: chunk 30/93 verified size
model.safetensors: chunk 34/93 verified size
model.safetensors: chunk 59/93 verified size
model.safetensors: chunk 33/93 verified size
model.safetensors: chunk 58/93 verified size
model.safetensors: chunk 9/93 verified size
model.safetensors: chunk 61/93 verified size
model.safetensors: chunk 44/93 verified size
model.safetensors: chunk 64/93 verified size
model.safetensors: chunk 62/93 verified size
model.safetensors: chunk 65/93 verified size
model.safetensors: chunk 45/93 verified size
model.safetensors: chunk 12/93 verified size
model.safetensors: chunk 52/93 verified size
model.safetensors: chunk 53/93 verified size
model.safetensors: chunk 66/93 verified size
model.safetensors: chunk 67/93 verified size
model.safetensors: chunk 60/93 verified size
model.safetensors: chunk 69/93 verified size
model.safetensors: chunk 68/93 verified size
model.safetensors: chunk 22/93 verified size
model.safetensors: chunk 73/93 verified size
model.safetensors: chunk 76/93 verified size
model.safetensors: chunk 35/93 verified size
model.safetensors: chunk 57/93 verified size
model.safetensors: chunk 78/93 verified size
model.safetensors: chunk 71/93 verified size
model.safetensors: chunk 79/93 verified size
model.safetensors: chunk 83/93 verified size
model.safetensors: chunk 72/93 verified size
model.safetensors: chunk 84/93 verified size
model.safetensors: chunk 74/93 verified size
model.safetensors: chunk 70/93 verified size
model.safetensors: chunk 85/93 verified size
model.safetensors: chunk 77/93 verified size
model.safetensors: chunk 87/93 verified size
model.safetensors: chunk 93/93 verified size
model.safetensors: chunk 88/93 verified size
model.safetensors: chunk 80/93 verified size
model.safetensors: chunk 92/93 verified size
model.safetensors: chunk 91/93 verified size
model.safetensors: chunk 56/93 verified size
model.safetensors: chunk 75/93 verified size
model.safetensors: chunk 90/93 verified size
model.safetensors: chunk 89/93 verified size
model.safetensors: chunk 82/93 verified size
model.safetensors: chunk 86/93 verified size
model.safetensors: chunk 31/93 verified size
model.safetensors: chunk 81/93 verified size
Verified existing config.json
Verified existing generation_config.json
Verified existing merges.txt
Verified existing tokenizer_config.json
Verified existing tokenizer.json
Verified existing LICENSE
Verified existing vocab.json
Verified existing adapter_config.json
Verified existing demo_data.json
Verified existing vibration_adapter.pth
Verified existing adapter_model.safetensors
model.safetensors: chunk 63/93 verified size
Downloaded and verified model.safetensors (3,087,467,144 bytes)
All demo assets verified.
