Okay, based on the provided bearing status description:

**Selection:** Fault-Free

**Analysis of Potential Risks:**

Since the bearing is described as "Fault-Free," there are **no immediate potential risks** associated with a bearing being in this state.

**Potential Consequences of Bearing Fault (Hypothetical - since the bearing is not faulty):**

This question seems to be setting up a scenario where we discuss potential issues if the bearing were to develop a fault. However, it's important to restate that the current bearing status is *Fault-Free*. Therefore, no potential consequences apply.

**Recommended Actions to Prevent Catastrophic Failures (Despite the current fault-free status, proactive maintenance is always recommended):**

Even though the bearing is currently fault-free, preventative maintenance and monitoring are crucial to ensure continued reliable operation and avoid future failures. Here's what should be done:

1.  **Regular Monitoring:**
    *   **Vibration Analysis:** Implement a periodic vibration analysis program. This is the most effective method for detecting early signs of bearing wear and damage.  Monitor for overall vibration levels and specific frequencies associated with ball bearing defects (e.g., Ball Pass Frequency Outer race (BPFO), Ball Pass Frequency Inner race (BPFI), Ball Spin Frequency (BSF)).  Trending vibration levels over time is key to identifying developing problems.
    *   **Temperature Monitoring:** Regularly check the bearing temperature. A sudden increase in temperature can indicate a significant defect or lubrication issue.
    *   **Lubricant Analysis:** Periodically analyze the lubricant. Look for contaminants (dirt, water, metal particles) and signs of degradation.  Compare lubricant analysis results over time to establish a baseline and understand any deviations.
    *   **Visual Inspection:** Visually inspect the bearing (if accessible without disassembly) for signs of grease leakage, discoloration, or physical damage.

2.  **Proper Lubrication:**
    *   **Right Lubricant:** Ensure the correct type of lubricant is used for the bearing type and operating conditions.
    *   **Correct Amount:** Use the recommended amount of lubricant. Over- or under-lubrication can both lead to premature bearing failure.
    *   **Lubrication Intervals:** Follow a strict lubrication schedule based on the equipment manual and operating conditions. Avoid indiscriminative lubing.
    *   **Cleanliness:** Keep the lubricant clean and free of contaminants. Use proper filtration systems.

3.  **Alignment and Balancing:**
    *   **Shaft Alignment:** Verify proper shaft alignment. Misalignment can cause uneven load distribution and premature bearing wear.
    *   **Rotor Balancing:** Ensure rotating components are properly balanced. Imbalance can cause excessive vibration and friction.
    *   **Machine Tuning:** Consider machine tuning to minimize stress on the bearings.

4.  **Load Management:**
    *   **Avoid Overloading:** Operate the bearing within its rated load capacity.
    *   **Minimize Shock Loads:** Design the system to minimize shock loads and their impact on the bearings.

5.  **Environmental Control:**
    *   **Protect from Contaminants:** Use appropriate seals and enclosures to protect the bearings from dirt, dust, moisture, and other contaminants.
    *   **Temperature Controls:** Ensure the operating environment is within the bearing's thermal range.

6.  **Record Keeping:**
    *   Maintain detailed records of all inspections, measurements, and maintenance activities. This helps track bearing performance, identify trends, and improve future troubleshooting efforts.

**In summary, while the bearing is currently fault-free, proactive monitoring and adherence to best practices for lubrication, alignment, and loading are vital to maintain its health and prevent future failures. Dismissing it to just doing annual visual inspection every year will definitely lead to catastrophic failure down the road.**

