Sliding Window Attention is enabled but not implemented for `sdpa`; unexpected results may be encountered.
/home/huangyating/miniconda3/envs/m2vllm/lib/python3.12/site-packages/torch/nn/modules/conv.py:186: UserWarning: Initializing zero-element tensors is a no-op
  init.kaiming_uniform_(self.weight, a=math.sqrt(5))
Okay, based on the provided bearing status description:

**1. Bearing State Type:**

*   **Fault-Free**

**2. Potential Risks Associated with a Fault-Free Bearing:**

Since the bearing is described as "Fault-Free," there are **no immediate potential risks** directly related to a defect or malfunction.

**3. Potential Consequences of a Bearing Fault (Even though it's now Fault-Free):**

Even though the current state is fault-free, preventative measures are crucial to maintain its condition.  Continuing these measures is *strongly recommended* to prevent future faults:

*   **Regular Monitoring:** Continue to monitor the bearing's conditions through vibration analysis, temperature monitoring, and lubrication analysis at scheduled intervals. This proactive approach allows for early detection of any developing issues.
*   **Proper Lubrication:** Ensure the bearing is adequately lubricated with the correct type and amount of lubricant. Adhere to the manufacturer's recommended lubrication schedule.
*   **Maintain Operating Conditions:** Avoid overloading or operating the bearing outside its design parameters (speed, load, temperature).
*   **Contamination Control:** Prevent contamination from entering the bearing. Use appropriate seals and filters to keep out dirt, debris, and moisture.
*   **Proper Storage:** If the bearing is being stored, store it in a clean, dry environment and avoid excessive vibration.

**4. Appropriate Actions to Prevent Catastrophic Failures (Even though it's now Fault-Free):**

While the bearing is currently fault-free, the important work of preventing future failures *continues*:

*   **Continue Routine Monitoring:** This is the most critical aspect. Implement a regular monitoring schedule (e.g., weekly or bi-weekly) and document all findings.
*   **Maintain the Current Lubrication Condition:** Ensure proper lubrication according to the maintenance engineer's instructions.
*   **Preserve the Current Cleaning Condition:** Ensure the bearing is clean and free from contaminants.
*   **Avoid Introducing New Variables:** Preserver the current operating condition (load, speed, temperature, etc.) unless absolutely necessary, and then with careful consideration.

**In Summary:**

The bearing is currently in a fault-free state, but diligent preventative maintenance is vital to ensure this remains the case. Regular monitoring, proper lubrication, and adherence to operating guidelines are key to avoiding catastrophic failures and maximizing the bearing's lifespan.

