Sliding Window Attention is enabled but not implemented for `sdpa`; unexpected results may be encountered.
/home/huangyating/miniconda3/envs/m2vllm/lib/python3.12/site-packages/torch/nn/modules/conv.py:186: UserWarning: Initializing zero-element tensors is a no-op
  init.kaiming_uniform_(self.weight, a=math.sqrt(5))
Okay, based on the provided bearing status description:

**Selection:** Fault-Free

**Analysis of Potential Risks:**

Since the bearing is described as "Fault-Free," there are **no immediate potential risks** associated with a bearing being in this condition.

**Potential Consequences of Bearing Fault (Hypothetical - since the bearing is not faulty):**

This question seems to be setting up a scenario where we discuss potential issues if the bearing were to fail, rather than addressing the given fault-free situation.  However, I'll provide a general response that addresses what could happen if the bearing *were* to experience a fault:

**Recommended Actions (If the bearing *were* to fail):**

Even though the bearing is currently fault-free, it's important to have a baseline understanding and preventative measures in place.  Here's what I'd recommend doing:

1.  **Implement Regular Monitoring:** Establish a routine for monitoring the bearing's vibration, temperature, and noise levels. This is crucial for detecting future problems early.  Vibration analysis, temperature monitoring (use infrared thermography), and acoustic emission monitoring (hearing the bearing dance) are effective ways to detect faults in their early stages.

2.  **Maintain Proper Lubrication:** Ensure the bearing is properly lubricated with the correct type and amount of lubricant. Inadequate lubrication is a leading cause of bearing failure. Check lubrication schedules and ensure people remember to relubricate.

3.  **Proper Installation and Handling:** Ensure bearings are installed and handled correctly. Misalignment, improper fitting, and excessive force can damage bearings from the beginning. Look for signs of improper installation during inspection.

4.  **Load Management:** Ensure the bearing is operating within its design load capacity. Overloading a bearing will shorten its life. Consider the application's load characteristics.

5.  **Contamination Control:** Ensure the bearing is protected from contaminants such as dirt, dust, and moisture. Use appropriate seals and filters.

6.  **Shaft Alignment:** Check for shaft misalignment. Misalignment puts undue stress on the bearing and can lead to premature failure. Use laser shaft alignment tools for accurate measurements.

7.  **Balance:** Ensure rotating components are properly balanced. Imbalance generates excess vibration and noise, which can eventually damage the bearing.

8.  **Visual Inspection:** During scheduled maintenance, conduct a thorough visual inspection of the bearing and surrounding components for signs of wear, damage, or contamination.

9.  **Record Keeping:** Maintain detailed records of bearing maintenance, inspections, and any observations. This information can be valuable for identifying trends and preventing future failures.

**Response:** Since the bearing is currently in a "Fault-Free" state, no specific actions are required at this time beyond continuing with the regular maintenance and monitoring procedures mentioned above.

**In summary:** The bearing is great! Continue doing you best!

