DEBUG uv 0.9.8
DEBUG Acquired shared lock for `/media/nas_users/huangyating/.cache/uv`
DEBUG Checking for Python interpreter at path `/home/huangyating/miniconda3/envs/m2vllm/bin/python`
Using Python 3.12.14 environment at: /home/huangyating/miniconda3/envs/m2vllm
DEBUG Acquired lock for `/home/huangyating/miniconda3/envs/m2vllm`
DEBUG At least one requirement is not satisfied: torch==2.11.0+cu128
DEBUG Using request timeout of 60s
DEBUG Solving with installed Python version: 3.12.14
DEBUG Solving with target Python version: >=3.12.14
DEBUG Adding direct dependency: torch==2.11.0+cu128
DEBUG Found stale response for: https://download.pytorch.org/whl/cu128/torch/
DEBUG Sending revalidation request for: https://download.pytorch.org/whl/cu128/torch/
DEBUG Found not-modified response for: https://download.pytorch.org/whl/cu128/torch/
DEBUG Searching for a compatible version of torch (==2.11.0+cu128)
DEBUG Selecting: torch==2.11.0+cu128 [compatible] (torch-2.11.0+cu128-cp312-cp312-manylinux_2_28_x86_64.whl)
DEBUG Found fresh response for: https://download-r2.pytorch.org/whl/cu128/torch-2.11.0%2Bcu128-cp312-cp312-manylinux_2_28_x86_64.whl.metadata
DEBUG Adding transitive dependency for torch==2.11.0+cu128: filelock*
DEBUG Adding transitive dependency for torch==2.11.0+cu128: typing-extensions>=4.10.0
DEBUG Adding transitive dependency for torch==2.11.0+cu128: setuptools<82
DEBUG Adding transitive dependency for torch==2.11.0+cu128: sympy>=1.13.3
DEBUG Adding transitive dependency for torch==2.11.0+cu128: networkx>=2.5.1
DEBUG Adding transitive dependency for torch==2.11.0+cu128: jinja2*
DEBUG Adding transitive dependency for torch==2.11.0+cu128: fsspec>=0.8.5
DEBUG Adding transitive dependency for torch==2.11.0+cu128: cuda-toolkit[cublas]>=12.8.1, <12.8.1+
DEBUG Adding transitive dependency for torch==2.11.0+cu128: cuda-toolkit[cudart]>=12.8.1, <12.8.1+
DEBUG Adding transitive dependency for torch==2.11.0+cu128: cuda-toolkit[cufft]>=12.8.1, <12.8.1+
DEBUG Adding transitive dependency for torch==2.11.0+cu128: cuda-toolkit[cufile]>=12.8.1, <12.8.1+
DEBUG Adding transitive dependency for torch==2.11.0+cu128: cuda-toolkit[cupti]>=12.8.1, <12.8.1+
DEBUG Adding transitive dependency for torch==2.11.0+cu128: cuda-toolkit[curand]>=12.8.1, <12.8.1+
DEBUG Adding transitive dependency for torch==2.11.0+cu128: cuda-toolkit[cusolver]>=12.8.1, <12.8.1+
DEBUG Adding transitive dependency for torch==2.11.0+cu128: cuda-toolkit[cusparse]>=12.8.1, <12.8.1+
DEBUG Adding transitive dependency for torch==2.11.0+cu128: cuda-toolkit[nvjitlink]>=12.8.1, <12.8.1+
DEBUG Adding transitive dependency for torch==2.11.0+cu128: cuda-toolkit[nvrtc]>=12.8.1, <12.8.1+
DEBUG Adding transitive dependency for torch==2.11.0+cu128: cuda-toolkit[nvtx]>=12.8.1, <12.8.1+
DEBUG Adding transitive dependency for torch==2.11.0+cu128: cuda-bindings{sys_platform == 'linux'}>=12.9.4, <13
DEBUG Adding transitive dependency for torch==2.11.0+cu128: nvidia-cudnn-cu12{sys_platform == 'linux'}>=9.19.0.56, <9.19.0.56+
DEBUG Adding transitive dependency for torch==2.11.0+cu128: nvidia-cusparselt-cu12{sys_platform == 'linux'}>=0.7.1, <0.7.1+
DEBUG Adding transitive dependency for torch==2.11.0+cu128: nvidia-nccl-cu12{sys_platform == 'linux'}>=2.28.9, <2.28.9+
DEBUG Adding transitive dependency for torch==2.11.0+cu128: nvidia-nvshmem-cu12{sys_platform == 'linux'}>=3.4.5, <3.4.5+
DEBUG Adding transitive dependency for torch==2.11.0+cu128: triton{sys_platform == 'linux'}>=3.6.0, <3.6.0+
DEBUG No cache entry for: https://download.pytorch.org/whl/cu128/cuda-toolkit/
DEBUG No cache entry for: https://download.pytorch.org/whl/cu128/cuda-bindings/
DEBUG Found fresh response for: https://download.pytorch.org/whl/cu128/setuptools/
DEBUG Found stale response for: https://download.pytorch.org/whl/cu128/jinja2/
DEBUG Sending revalidation request for: https://download.pytorch.org/whl/cu128/jinja2/
DEBUG Found fresh response for: https://download.pytorch.org/whl/cu128/nvidia-cusparselt-cu12/
DEBUG Found stale response for: https://download.pytorch.org/whl/cu128/filelock/
DEBUG Sending revalidation request for: https://download.pytorch.org/whl/cu128/filelock/
DEBUG Found stale response for: https://download.pytorch.org/whl/cu128/typing-extensions/
DEBUG Sending revalidation request for: https://download.pytorch.org/whl/cu128/typing-extensions/
DEBUG Found stale response for: https://download.pytorch.org/whl/cu128/nvidia-nccl-cu12/
DEBUG Sending revalidation request for: https://download.pytorch.org/whl/cu128/nvidia-nccl-cu12/
DEBUG No cache entry for: https://pypi.nvidia.com/nvidia-cusparselt-cu12/nvidia_cusparselt_cu12-0.7.1-py3-none-manylinux2014_x86_64.whl
DEBUG Found fresh response for: https://download.pytorch.org/whl/cu128/nvidia-nvshmem-cu12/
DEBUG Found fresh response for: https://download.pytorch.org/whl/cu128/sympy/
DEBUG Found stale response for: https://download.pytorch.org/whl/cu128/fsspec/
DEBUG Sending revalidation request for: https://download.pytorch.org/whl/cu128/fsspec/
DEBUG Found stale response for: https://download.pytorch.org/whl/cu128/nvidia-cudnn-cu12/
DEBUG Sending revalidation request for: https://download.pytorch.org/whl/cu128/nvidia-cudnn-cu12/
DEBUG Found stale response for: https://download.pytorch.org/whl/cu128/networkx/
DEBUG Sending revalidation request for: https://download.pytorch.org/whl/cu128/networkx/
DEBUG Found stale response for: https://download.pytorch.org/whl/cu128/triton/
DEBUG Sending revalidation request for: https://download.pytorch.org/whl/cu128/triton/
DEBUG No cache entry for: https://pypi.nvidia.com/nvidia-nvshmem-cu12/nvidia_nvshmem_cu12-3.4.5-py3-none-manylinux2014_x86_64.manylinux_2_17_x86_64.whl
DEBUG Found fresh response for: https://download.pytorch.org/whl/setuptools-78.1.0-py3-none-any.whl.metadata
DEBUG Found fresh response for: https://files.pythonhosted.org/packages/a2/09/77d55d46fd61b4a135c444fc97158ef34a095e5681d0a6c10b75bf356191/sympy-1.14.0-py3-none-any.whl.metadata
DEBUG Found not-modified response for: https://download.pytorch.org/whl/cu128/jinja2/
DEBUG Found not-modified response for: https://download.pytorch.org/whl/cu128/filelock/
DEBUG Found not-modified response for: https://download.pytorch.org/whl/cu128/typing-extensions/
DEBUG Found not-modified response for: https://download.pytorch.org/whl/cu128/fsspec/
DEBUG Found not-modified response for: https://download.pytorch.org/whl/cu128/networkx/
DEBUG Found not-modified response for: https://download.pytorch.org/whl/cu128/nvidia-cudnn-cu12/
DEBUG Found not-modified response for: https://download.pytorch.org/whl/cu128/nvidia-nccl-cu12/
DEBUG Found fresh response for: https://download.pytorch.org/whl/jinja2-3.1.6-py3-none-any.whl.metadata
DEBUG No cache entry for: https://pypi.nvidia.com/nvidia-cudnn-cu12/nvidia_cudnn_cu12-9.19.0.56-py3-none-manylinux_2_27_x86_64.whl
DEBUG No cache entry for: https://pypi.nvidia.com/nvidia-nccl-cu12/nvidia_nccl_cu12-2.28.9-py3-none-manylinux_2_18_x86_64.whl
DEBUG Found fresh response for: https://files.pythonhosted.org/packages/a7/8e/50f46a9c0ce8d2861a394c1347caae037ea0431d2f67d7feb151cbc4649a/filelock-3.32.3-py3-none-any.whl.metadata
DEBUG Found fresh response for: https://files.pythonhosted.org/packages/49/d3/b8441a820a491ddfc024b0b0cf0393375b75ea13866d9c66727e54c2fc80/typing_extensions-4.16.0-py3-none-any.whl.metadata
DEBUG Found fresh response for: https://files.pythonhosted.org/packages/fd/3c/6a2bf344106328fd04963664a60b9bb6496fc25df8e962fcdc1367285fb9/fsspec-2026.7.0-py3-none-any.whl.metadata
DEBUG Found fresh response for: https://files.pythonhosted.org/packages/9e/c9/b2622292ea83fbb4ec318f5b9ab867d0a28ab43c5717bb85b0a5f6b3b0a4/networkx-3.6.1-py3-none-any.whl.metadata
DEBUG Searching for a compatible version of cuda-toolkit[cublas] (>=12.8.1, <12.8.1+)
DEBUG Selecting: cuda-toolkit==12.8.1 [compatible] (cuda_toolkit-12.8.1-py2.py3-none-any.whl)
DEBUG Adding transitive dependency for cuda-toolkit==12.8.1: cuda-toolkit==12.8.1
DEBUG Adding transitive dependency for cuda-toolkit==12.8.1: cuda-toolkit[cublas]==12.8.1
DEBUG Adding transitive dependency for cuda-toolkit==12.8.1: cuda-toolkit{sys_platform == 'linux'}==12.8.1
DEBUG Adding transitive dependency for cuda-toolkit==12.8.1: cuda-toolkit[cublas]{sys_platform == 'linux'}==12.8.1
DEBUG Searching for a compatible version of cuda-toolkit (==12.8.1)
DEBUG Selecting: cuda-toolkit==12.8.1 [compatible] (cuda_toolkit-12.8.1-py2.py3-none-any.whl)
DEBUG Found fresh response for: https://pypi.nvidia.com/cuda-toolkit/cuda_toolkit-12.8.1-py2.py3-none-any.whl
DEBUG Searching for a compatible version of cuda-toolkit[cudart] (>=12.8.1, <12.8.1+)
DEBUG Selecting: cuda-toolkit==12.8.1 [compatible] (cuda_toolkit-12.8.1-py2.py3-none-any.whl)
DEBUG Adding transitive dependency for cuda-toolkit==12.8.1: cuda-toolkit==12.8.1
DEBUG Adding transitive dependency for cuda-toolkit==12.8.1: cuda-toolkit[cudart]==12.8.1
DEBUG Adding transitive dependency for cuda-toolkit==12.8.1: cuda-toolkit{sys_platform == 'linux'}==12.8.1
DEBUG Adding transitive dependency for cuda-toolkit==12.8.1: cuda-toolkit[cudart]{sys_platform == 'linux'}==12.8.1
DEBUG Searching for a compatible version of cuda-toolkit[cufft] (>=12.8.1, <12.8.1+)
DEBUG Selecting: cuda-toolkit==12.8.1 [compatible] (cuda_toolkit-12.8.1-py2.py3-none-any.whl)
DEBUG Adding transitive dependency for cuda-toolkit==12.8.1: cuda-toolkit==12.8.1
DEBUG Adding transitive dependency for cuda-toolkit==12.8.1: cuda-toolkit[cufft]==12.8.1
DEBUG Adding transitive dependency for cuda-toolkit==12.8.1: cuda-toolkit{sys_platform == 'linux'}==12.8.1
DEBUG Adding transitive dependency for cuda-toolkit==12.8.1: cuda-toolkit[cufft]{sys_platform == 'linux'}==12.8.1
DEBUG Searching for a compatible version of cuda-toolkit[cufile] (>=12.8.1, <12.8.1+)
DEBUG Selecting: cuda-toolkit==12.8.1 [compatible] (cuda_toolkit-12.8.1-py2.py3-none-any.whl)
DEBUG Adding transitive dependency for cuda-toolkit==12.8.1: cuda-toolkit==12.8.1
DEBUG Adding transitive dependency for cuda-toolkit==12.8.1: cuda-toolkit[cufile]==12.8.1
DEBUG Adding transitive dependency for cuda-toolkit==12.8.1: cuda-toolkit{sys_platform == 'linux'}==12.8.1
DEBUG Adding transitive dependency for cuda-toolkit==12.8.1: cuda-toolkit[cufile]{sys_platform == 'linux'}==12.8.1
DEBUG Searching for a compatible version of cuda-toolkit[cupti] (>=12.8.1, <12.8.1+)
DEBUG Selecting: cuda-toolkit==12.8.1 [compatible] (cuda_toolkit-12.8.1-py2.py3-none-any.whl)
DEBUG Adding transitive dependency for cuda-toolkit==12.8.1: cuda-toolkit==12.8.1
DEBUG Adding transitive dependency for cuda-toolkit==12.8.1: cuda-toolkit[cupti]==12.8.1
DEBUG Adding transitive dependency for cuda-toolkit==12.8.1: cuda-toolkit{sys_platform == 'linux'}==12.8.1
DEBUG Adding transitive dependency for cuda-toolkit==12.8.1: cuda-toolkit[cupti]{sys_platform == 'linux'}==12.8.1
DEBUG Searching for a compatible version of cuda-toolkit[curand] (>=12.8.1, <12.8.1+)
DEBUG Selecting: cuda-toolkit==12.8.1 [compatible] (cuda_toolkit-12.8.1-py2.py3-none-any.whl)
DEBUG Adding transitive dependency for cuda-toolkit==12.8.1: cuda-toolkit==12.8.1
DEBUG Adding transitive dependency for cuda-toolkit==12.8.1: cuda-toolkit[curand]==12.8.1
DEBUG Adding transitive dependency for cuda-toolkit==12.8.1: cuda-toolkit{sys_platform == 'linux'}==12.8.1
DEBUG Adding transitive dependency for cuda-toolkit==12.8.1: cuda-toolkit[curand]{sys_platform == 'linux'}==12.8.1
DEBUG Searching for a compatible version of cuda-toolkit[cusolver] (>=12.8.1, <12.8.1+)
DEBUG Selecting: cuda-toolkit==12.8.1 [compatible] (cuda_toolkit-12.8.1-py2.py3-none-any.whl)
DEBUG Adding transitive dependency for cuda-toolkit==12.8.1: cuda-toolkit==12.8.1
DEBUG Adding transitive dependency for cuda-toolkit==12.8.1: cuda-toolkit[cusolver]==12.8.1
DEBUG Adding transitive dependency for cuda-toolkit==12.8.1: cuda-toolkit{sys_platform == 'linux'}==12.8.1
DEBUG Adding transitive dependency for cuda-toolkit==12.8.1: cuda-toolkit[cusolver]{sys_platform == 'linux'}==12.8.1
DEBUG Searching for a compatible version of cuda-toolkit[cusparse] (>=12.8.1, <12.8.1+)
DEBUG Selecting: cuda-toolkit==12.8.1 [compatible] (cuda_toolkit-12.8.1-py2.py3-none-any.whl)
DEBUG Adding transitive dependency for cuda-toolkit==12.8.1: cuda-toolkit==12.8.1
DEBUG Adding transitive dependency for cuda-toolkit==12.8.1: cuda-toolkit[cusparse]==12.8.1
DEBUG Adding transitive dependency for cuda-toolkit==12.8.1: cuda-toolkit{sys_platform == 'linux'}==12.8.1
DEBUG Adding transitive dependency for cuda-toolkit==12.8.1: cuda-toolkit[cusparse]{sys_platform == 'linux'}==12.8.1
DEBUG Searching for a compatible version of cuda-toolkit[nvjitlink] (>=12.8.1, <12.8.1+)
DEBUG Selecting: cuda-toolkit==12.8.1 [compatible] (cuda_toolkit-12.8.1-py2.py3-none-any.whl)
DEBUG Adding transitive dependency for cuda-toolkit==12.8.1: cuda-toolkit==12.8.1
DEBUG Adding transitive dependency for cuda-toolkit==12.8.1: cuda-toolkit[nvjitlink]==12.8.1
DEBUG Adding transitive dependency for cuda-toolkit==12.8.1: cuda-toolkit{sys_platform == 'linux'}==12.8.1
DEBUG Adding transitive dependency for cuda-toolkit==12.8.1: cuda-toolkit[nvjitlink]{sys_platform == 'linux'}==12.8.1
DEBUG Searching for a compatible version of cuda-toolkit[nvrtc] (>=12.8.1, <12.8.1+)
DEBUG Selecting: cuda-toolkit==12.8.1 [compatible] (cuda_toolkit-12.8.1-py2.py3-none-any.whl)
DEBUG Adding transitive dependency for cuda-toolkit==12.8.1: cuda-toolkit==12.8.1
DEBUG Adding transitive dependency for cuda-toolkit==12.8.1: cuda-toolkit[nvrtc]==12.8.1
DEBUG Adding transitive dependency for cuda-toolkit==12.8.1: cuda-toolkit{sys_platform == 'linux'}==12.8.1
DEBUG Adding transitive dependency for cuda-toolkit==12.8.1: cuda-toolkit[nvrtc]{sys_platform == 'linux'}==12.8.1
DEBUG Searching for a compatible version of cuda-toolkit[nvtx] (>=12.8.1, <12.8.1+)
DEBUG Selecting: cuda-toolkit==12.8.1 [compatible] (cuda_toolkit-12.8.1-py2.py3-none-any.whl)
DEBUG Adding transitive dependency for cuda-toolkit==12.8.1: cuda-toolkit==12.8.1
DEBUG Adding transitive dependency for cuda-toolkit==12.8.1: cuda-toolkit[nvtx]==12.8.1
DEBUG Adding transitive dependency for cuda-toolkit==12.8.1: cuda-toolkit{sys_platform == 'linux'}==12.8.1
DEBUG Adding transitive dependency for cuda-toolkit==12.8.1: cuda-toolkit[nvtx]{sys_platform == 'linux'}==12.8.1
DEBUG Searching for a compatible version of cuda-toolkit[cublas] (==12.8.1)
DEBUG Selecting: cuda-toolkit==12.8.1 [compatible] (cuda_toolkit-12.8.1-py2.py3-none-any.whl)
DEBUG Adding transitive dependency for cuda-toolkit==12.8.1: nvidia-cublas-cu12{sys_platform == 'linux' or sys_platform == 'win32'}>=12.8.4.1.dev0, <12.8.4.2.dev0
DEBUG Searching for a compatible version of cuda-toolkit{sys_platform == 'linux'} (==12.8.1)
DEBUG Selecting: cuda-toolkit==12.8.1 [compatible] (cuda_toolkit-12.8.1-py2.py3-none-any.whl)
DEBUG Searching for a compatible version of cuda-toolkit[cublas]{sys_platform == 'linux'} (==12.8.1)
DEBUG Selecting: cuda-toolkit==12.8.1 [compatible] (cuda_toolkit-12.8.1-py2.py3-none-any.whl)
DEBUG Adding transitive dependency for cuda-toolkit==12.8.1: nvidia-cublas-cu12{sys_platform == 'linux' or sys_platform == 'win32'}>=12.8.4.1.dev0, <12.8.4.2.dev0
DEBUG Searching for a compatible version of cuda-toolkit[cudart] (==12.8.1)
DEBUG Selecting: cuda-toolkit==12.8.1 [compatible] (cuda_toolkit-12.8.1-py2.py3-none-any.whl)
DEBUG Adding transitive dependency for cuda-toolkit==12.8.1: nvidia-cuda-runtime-cu12{sys_platform == 'linux' or sys_platform == 'win32'}>=12.8.90.dev0, <12.8.91.dev0
DEBUG Searching for a compatible version of cuda-toolkit[cudart]{sys_platform == 'linux'} (==12.8.1)
DEBUG Selecting: cuda-toolkit==12.8.1 [compatible] (cuda_toolkit-12.8.1-py2.py3-none-any.whl)
DEBUG Adding transitive dependency for cuda-toolkit==12.8.1: nvidia-cuda-runtime-cu12{sys_platform == 'linux' or sys_platform == 'win32'}>=12.8.90.dev0, <12.8.91.dev0
DEBUG Searching for a compatible version of cuda-toolkit[cufft] (==12.8.1)
DEBUG Selecting: cuda-toolkit==12.8.1 [compatible] (cuda_toolkit-12.8.1-py2.py3-none-any.whl)
DEBUG Adding transitive dependency for cuda-toolkit==12.8.1: nvidia-cufft-cu12{sys_platform == 'linux' or sys_platform == 'win32'}>=11.3.3.83.dev0, <11.3.3.84.dev0
DEBUG Searching for a compatible version of cuda-toolkit[cufft]{sys_platform == 'linux'} (==12.8.1)
DEBUG Selecting: cuda-toolkit==12.8.1 [compatible] (cuda_toolkit-12.8.1-py2.py3-none-any.whl)
DEBUG Adding transitive dependency for cuda-toolkit==12.8.1: nvidia-cufft-cu12{sys_platform == 'linux' or sys_platform == 'win32'}>=11.3.3.83.dev0, <11.3.3.84.dev0
DEBUG Searching for a compatible version of cuda-toolkit[cufile] (==12.8.1)
DEBUG Selecting: cuda-toolkit==12.8.1 [compatible] (cuda_toolkit-12.8.1-py2.py3-none-any.whl)
DEBUG Adding transitive dependency for cuda-toolkit==12.8.1: nvidia-cufile-cu12{sys_platform == 'linux'}>=1.13.1.3.dev0, <1.13.1.4.dev0
DEBUG Searching for a compatible version of cuda-toolkit[cufile]{sys_platform == 'linux'} (==12.8.1)
DEBUG Selecting: cuda-toolkit==12.8.1 [compatible] (cuda_toolkit-12.8.1-py2.py3-none-any.whl)
DEBUG Adding transitive dependency for cuda-toolkit==12.8.1: nvidia-cufile-cu12{sys_platform == 'linux'}>=1.13.1.3.dev0, <1.13.1.4.dev0
DEBUG Searching for a compatible version of cuda-toolkit[cupti] (==12.8.1)
DEBUG Selecting: cuda-toolkit==12.8.1 [compatible] (cuda_toolkit-12.8.1-py2.py3-none-any.whl)
DEBUG Adding transitive dependency for cuda-toolkit==12.8.1: nvidia-cuda-cupti-cu12{sys_platform == 'linux' or sys_platform == 'win32'}>=12.8.90.dev0, <12.8.91.dev0
DEBUG Searching for a compatible version of cuda-toolkit[cupti]{sys_platform == 'linux'} (==12.8.1)
DEBUG Selecting: cuda-toolkit==12.8.1 [compatible] (cuda_toolkit-12.8.1-py2.py3-none-any.whl)
DEBUG Adding transitive dependency for cuda-toolkit==12.8.1: nvidia-cuda-cupti-cu12{sys_platform == 'linux' or sys_platform == 'win32'}>=12.8.90.dev0, <12.8.91.dev0
DEBUG Searching for a compatible version of cuda-toolkit[curand] (==12.8.1)
DEBUG Selecting: cuda-toolkit==12.8.1 [compatible] (cuda_toolkit-12.8.1-py2.py3-none-any.whl)
DEBUG Adding transitive dependency for cuda-toolkit==12.8.1: nvidia-curand-cu12{sys_platform == 'linux' or sys_platform == 'win32'}>=10.3.9.90.dev0, <10.3.9.91.dev0
DEBUG Searching for a compatible version of cuda-toolkit[curand]{sys_platform == 'linux'} (==12.8.1)
DEBUG Selecting: cuda-toolkit==12.8.1 [compatible] (cuda_toolkit-12.8.1-py2.py3-none-any.whl)
DEBUG Adding transitive dependency for cuda-toolkit==12.8.1: nvidia-curand-cu12{sys_platform == 'linux' or sys_platform == 'win32'}>=10.3.9.90.dev0, <10.3.9.91.dev0
DEBUG Searching for a compatible version of cuda-toolkit[cusolver] (==12.8.1)
DEBUG Selecting: cuda-toolkit==12.8.1 [compatible] (cuda_toolkit-12.8.1-py2.py3-none-any.whl)
DEBUG Adding transitive dependency for cuda-toolkit==12.8.1: nvidia-cusolver-cu12{sys_platform == 'linux' or sys_platform == 'win32'}>=11.7.3.90.dev0, <11.7.3.91.dev0
DEBUG Searching for a compatible version of cuda-toolkit[cusolver]{sys_platform == 'linux'} (==12.8.1)
DEBUG Selecting: cuda-toolkit==12.8.1 [compatible] (cuda_toolkit-12.8.1-py2.py3-none-any.whl)
DEBUG Adding transitive dependency for cuda-toolkit==12.8.1: nvidia-cusolver-cu12{sys_platform == 'linux' or sys_platform == 'win32'}>=11.7.3.90.dev0, <11.7.3.91.dev0
DEBUG Searching for a compatible version of cuda-toolkit[cusparse] (==12.8.1)
DEBUG Selecting: cuda-toolkit==12.8.1 [compatible] (cuda_toolkit-12.8.1-py2.py3-none-any.whl)
DEBUG Adding transitive dependency for cuda-toolkit==12.8.1: nvidia-cusparse-cu12{sys_platform == 'linux' or sys_platform == 'win32'}>=12.5.8.93.dev0, <12.5.8.94.dev0
DEBUG Searching for a compatible version of cuda-toolkit[cusparse]{sys_platform == 'linux'} (==12.8.1)
DEBUG Selecting: cuda-toolkit==12.8.1 [compatible] (cuda_toolkit-12.8.1-py2.py3-none-any.whl)
DEBUG Adding transitive dependency for cuda-toolkit==12.8.1: nvidia-cusparse-cu12{sys_platform == 'linux' or sys_platform == 'win32'}>=12.5.8.93.dev0, <12.5.8.94.dev0
DEBUG Searching for a compatible version of cuda-toolkit[nvjitlink] (==12.8.1)
DEBUG Selecting: cuda-toolkit==12.8.1 [compatible] (cuda_toolkit-12.8.1-py2.py3-none-any.whl)
DEBUG Adding transitive dependency for cuda-toolkit==12.8.1: nvidia-nvjitlink-cu12{sys_platform == 'linux' or sys_platform == 'win32'}>=12.8.93.dev0, <12.8.94.dev0
DEBUG Searching for a compatible version of cuda-toolkit[nvjitlink]{sys_platform == 'linux'} (==12.8.1)
DEBUG Selecting: cuda-toolkit==12.8.1 [compatible] (cuda_toolkit-12.8.1-py2.py3-none-any.whl)
DEBUG Adding transitive dependency for cuda-toolkit==12.8.1: nvidia-nvjitlink-cu12{sys_platform == 'linux' or sys_platform == 'win32'}>=12.8.93.dev0, <12.8.94.dev0
DEBUG Searching for a compatible version of cuda-toolkit[nvrtc] (==12.8.1)
DEBUG Selecting: cuda-toolkit==12.8.1 [compatible] (cuda_toolkit-12.8.1-py2.py3-none-any.whl)
DEBUG Adding transitive dependency for cuda-toolkit==12.8.1: nvidia-cuda-nvrtc-cu12{sys_platform == 'linux' or sys_platform == 'win32'}>=12.8.93.dev0, <12.8.94.dev0
DEBUG Searching for a compatible version of cuda-toolkit[nvrtc]{sys_platform == 'linux'} (==12.8.1)
DEBUG Selecting: cuda-toolkit==12.8.1 [compatible] (cuda_toolkit-12.8.1-py2.py3-none-any.whl)
DEBUG Adding transitive dependency for cuda-toolkit==12.8.1: nvidia-cuda-nvrtc-cu12{sys_platform == 'linux' or sys_platform == 'win32'}>=12.8.93.dev0, <12.8.94.dev0
DEBUG Searching for a compatible version of cuda-toolkit[nvtx] (==12.8.1)
DEBUG Selecting: cuda-toolkit==12.8.1 [compatible] (cuda_toolkit-12.8.1-py2.py3-none-any.whl)
DEBUG Adding transitive dependency for cuda-toolkit==12.8.1: nvidia-nvtx-cu12{sys_platform == 'linux' or sys_platform == 'win32'}>=12.8.90.dev0, <12.8.91.dev0
DEBUG Searching for a compatible version of cuda-toolkit[nvtx]{sys_platform == 'linux'} (==12.8.1)
DEBUG Selecting: cuda-toolkit==12.8.1 [compatible] (cuda_toolkit-12.8.1-py2.py3-none-any.whl)
DEBUG Adding transitive dependency for cuda-toolkit==12.8.1: nvidia-nvtx-cu12{sys_platform == 'linux' or sys_platform == 'win32'}>=12.8.90.dev0, <12.8.91.dev0
DEBUG Searching for a compatible version of nvidia-cudnn-cu12{sys_platform == 'linux'} (>=9.19.0.56, <9.19.0.56+)
DEBUG Selecting: nvidia-cudnn-cu12==9.19.0.56 [compatible] (nvidia_cudnn_cu12-9.19.0.56-py3-none-manylinux_2_27_x86_64.whl)
DEBUG Adding transitive dependency for nvidia-cudnn-cu12==9.19.0.56: nvidia-cudnn-cu12==9.19.0.56
DEBUG Adding transitive dependency for nvidia-cudnn-cu12==9.19.0.56: nvidia-cudnn-cu12{sys_platform == 'linux'}==9.19.0.56
DEBUG Searching for a compatible version of nvidia-cudnn-cu12 (==9.19.0.56)
DEBUG Selecting: nvidia-cudnn-cu12==9.19.0.56 [compatible] (nvidia_cudnn_cu12-9.19.0.56-py3-none-manylinux_2_27_x86_64.whl)
DEBUG Found stale response for: https://download.pytorch.org/whl/cu128/nvidia-cufile-cu12/
DEBUG Sending revalidation request for: https://download.pytorch.org/whl/cu128/nvidia-cufile-cu12/
DEBUG Found stale response for: https://download.pytorch.org/whl/cu128/nvidia-cublas-cu12/
DEBUG Sending revalidation request for: https://download.pytorch.org/whl/cu128/nvidia-cublas-cu12/
DEBUG Found fresh response for: https://download.pytorch.org/whl/cu128/nvidia-cuda-runtime-cu12/
DEBUG Found stale response for: https://download.pytorch.org/whl/cu128/nvidia-cusparse-cu12/
DEBUG Sending revalidation request for: https://download.pytorch.org/whl/cu128/nvidia-cusparse-cu12/
DEBUG Found stale response for: https://download.pytorch.org/whl/cu128/nvidia-nvjitlink-cu12/
DEBUG Sending revalidation request for: https://download.pytorch.org/whl/cu128/nvidia-nvjitlink-cu12/
DEBUG Found stale response for: https://download.pytorch.org/whl/cu128/nvidia-cusolver-cu12/
DEBUG Sending revalidation request for: https://download.pytorch.org/whl/cu128/nvidia-cusolver-cu12/
DEBUG Found stale response for: https://download.pytorch.org/whl/cu128/nvidia-cuda-nvrtc-cu12/
DEBUG Sending revalidation request for: https://download.pytorch.org/whl/cu128/nvidia-cuda-nvrtc-cu12/
DEBUG Found stale response for: https://download.pytorch.org/whl/cu128/nvidia-cufft-cu12/
DEBUG Sending revalidation request for: https://download.pytorch.org/whl/cu128/nvidia-cufft-cu12/
DEBUG Found fresh response for: https://download.pytorch.org/whl/cu128/nvidia-cuda-cupti-cu12/
DEBUG Found stale response for: https://download.pytorch.org/whl/cu128/nvidia-nvtx-cu12/
DEBUG Sending revalidation request for: https://download.pytorch.org/whl/cu128/nvidia-nvtx-cu12/
DEBUG Found stale response for: https://download.pytorch.org/whl/cu128/nvidia-curand-cu12/
DEBUG Sending revalidation request for: https://download.pytorch.org/whl/cu128/nvidia-curand-cu12/
DEBUG Found fresh response for: https://pypi.nvidia.com/nvidia-cuda-runtime-cu12/nvidia_cuda_runtime_cu12-12.8.90-py3-none-manylinux2014_x86_64.manylinux_2_17_x86_64.whl
DEBUG Found fresh response for: https://pypi.nvidia.com/nvidia-cuda-cupti-cu12/nvidia_cuda_cupti_cu12-12.8.90-py3-none-manylinux2014_x86_64.manylinux_2_17_x86_64.whl
DEBUG Received a cross-origin redirect. Removing sensitive headers.
DEBUG Received HTTP 301 Moved Permanently. Redirecting to https://pypi.nvidia.cn/nvidia-cusparselt-cu12/nvidia_cusparselt_cu12-0.7.1-py3-none-manylinux2014_x86_64.whl
DEBUG Received a cross-origin redirect. Removing sensitive headers.
DEBUG Received HTTP 301 Moved Permanently. Redirecting to https://pypi.nvidia.cn/nvidia-cudnn-cu12/nvidia_cudnn_cu12-9.19.0.56-py3-none-manylinux_2_27_x86_64.whl
DEBUG Received a cross-origin redirect. Removing sensitive headers.
DEBUG Received HTTP 301 Moved Permanently. Redirecting to https://pypi.nvidia.cn/nvidia-nccl-cu12/nvidia_nccl_cu12-2.28.9-py3-none-manylinux_2_18_x86_64.whl
DEBUG Received a cross-origin redirect. Removing sensitive headers.
DEBUG Received HTTP 301 Moved Permanently. Redirecting to https://pypi.nvidia.cn/nvidia-nvshmem-cu12/nvidia_nvshmem_cu12-3.4.5-py3-none-manylinux2014_x86_64.manylinux_2_17_x86_64.whl
WARN Range requests not supported for nvidia_nvshmem_cu12-3.4.5-py3-none-manylinux2014_x86_64.manylinux_2_17_x86_64.whl; streaming wheel
DEBUG No cache entry for: https://pypi.nvidia.com/nvidia-nvshmem-cu12/nvidia_nvshmem_cu12-3.4.5-py3-none-manylinux2014_x86_64.manylinux_2_17_x86_64.whl
WARN Range requests not supported for nvidia_nccl_cu12-2.28.9-py3-none-manylinux_2_18_x86_64.whl; streaming wheel
DEBUG No cache entry for: https://pypi.nvidia.com/nvidia-nccl-cu12/nvidia_nccl_cu12-2.28.9-py3-none-manylinux_2_18_x86_64.whl
WARN Range requests not supported for nvidia_cudnn_cu12-9.19.0.56-py3-none-manylinux_2_27_x86_64.whl; streaming wheel
DEBUG No cache entry for: https://pypi.nvidia.com/nvidia-cudnn-cu12/nvidia_cudnn_cu12-9.19.0.56-py3-none-manylinux_2_27_x86_64.whl
WARN Range requests not supported for nvidia_cusparselt_cu12-0.7.1-py3-none-manylinux2014_x86_64.whl; streaming wheel
DEBUG No cache entry for: https://pypi.nvidia.com/nvidia-cusparselt-cu12/nvidia_cusparselt_cu12-0.7.1-py3-none-manylinux2014_x86_64.whl
DEBUG Received a cross-origin redirect. Removing sensitive headers.
DEBUG Received HTTP 301 Moved Permanently. Redirecting to https://pypi.nvidia.cn/nvidia-nvshmem-cu12/nvidia_nvshmem_cu12-3.4.5-py3-none-manylinux2014_x86_64.manylinux_2_17_x86_64.whl
DEBUG Received a cross-origin redirect. Removing sensitive headers.
DEBUG Received HTTP 301 Moved Permanently. Redirecting to https://pypi.nvidia.cn/nvidia-nccl-cu12/nvidia_nccl_cu12-2.28.9-py3-none-manylinux_2_18_x86_64.whl
DEBUG Received a cross-origin redirect. Removing sensitive headers.
DEBUG Received HTTP 301 Moved Permanently. Redirecting to https://pypi.nvidia.cn/nvidia-cudnn-cu12/nvidia_cudnn_cu12-9.19.0.56-py3-none-manylinux_2_27_x86_64.whl
DEBUG Found not-modified response for: https://download.pytorch.org/whl/cu128/triton/
DEBUG Received a cross-origin redirect. Removing sensitive headers.
DEBUG Received HTTP 301 Moved Permanently. Redirecting to https://pypi.nvidia.cn/nvidia-cusparselt-cu12/nvidia_cusparselt_cu12-0.7.1-py3-none-manylinux2014_x86_64.whl
DEBUG Found fresh response for: https://download-r2.pytorch.org/whl/triton-3.6.0-cp312-cp312-manylinux_2_27_x86_64.manylinux_2_28_x86_64.whl.metadata
DEBUG Found not-modified response for: https://download.pytorch.org/whl/cu128/nvidia-nvjitlink-cu12/
DEBUG Found not-modified response for: https://download.pytorch.org/whl/cu128/nvidia-cusparse-cu12/
DEBUG Found not-modified response for: https://download.pytorch.org/whl/cu128/nvidia-cublas-cu12/
DEBUG Found not-modified response for: https://download.pytorch.org/whl/cu128/nvidia-cusolver-cu12/
DEBUG Found not-modified response for: https://download.pytorch.org/whl/cu128/nvidia-cuda-nvrtc-cu12/
DEBUG Found not-modified response for: https://download.pytorch.org/whl/cu128/nvidia-cufile-cu12/
DEBUG Found not-modified response for: https://download.pytorch.org/whl/cu128/nvidia-cufft-cu12/
DEBUG Found not-modified response for: https://download.pytorch.org/whl/cu128/nvidia-curand-cu12/
DEBUG Found not-modified response for: https://download.pytorch.org/whl/cu128/nvidia-nvtx-cu12/
DEBUG Found fresh response for: https://files.pythonhosted.org/packages/91/97/e3c6e58ece26a053419ba0a18444b5443cfc64451bbf37f84e8143b8bdca/cuda_bindings-12.9.7-cp312-cp312-manylinux_2_24_x86_64.manylinux_2_28_x86_64.whl.metadata
DEBUG No cache entry for: https://pypi.nvidia.com/nvidia-nvjitlink-cu12/nvidia_nvjitlink_cu12-12.8.93-py3-none-manylinux2010_x86_64.manylinux_2_12_x86_64.whl
DEBUG No cache entry for: https://pypi.nvidia.com/nvidia-cusparse-cu12/nvidia_cusparse_cu12-12.5.8.93-py3-none-manylinux2014_x86_64.manylinux_2_17_x86_64.whl
DEBUG No cache entry for: https://pypi.nvidia.com/nvidia-cublas-cu12/nvidia_cublas_cu12-12.8.4.1-py3-none-manylinux_2_27_x86_64.whl
DEBUG No cache entry for: https://pypi.nvidia.com/nvidia-cuda-nvrtc-cu12/nvidia_cuda_nvrtc_cu12-12.8.93-py3-none-manylinux2010_x86_64.manylinux_2_12_x86_64.whl
DEBUG No cache entry for: https://pypi.nvidia.com/nvidia-cusolver-cu12/nvidia_cusolver_cu12-11.7.3.90-py3-none-manylinux_2_27_x86_64.whl
DEBUG No cache entry for: https://pypi.nvidia.com/nvidia-cufft-cu12/nvidia_cufft_cu12-11.3.3.83-py3-none-manylinux2014_x86_64.manylinux_2_17_x86_64.whl
DEBUG No cache entry for: https://pypi.nvidia.com/nvidia-curand-cu12/nvidia_curand_cu12-10.3.9.90-py3-none-manylinux_2_27_x86_64.whl
DEBUG Found fresh response for: https://pypi.nvidia.com/nvidia-nvtx-cu12/nvidia_nvtx_cu12-12.8.90-py3-none-manylinux2014_x86_64.manylinux_2_17_x86_64.whl
DEBUG Found fresh response for: https://pypi.nvidia.com/nvidia-cufile-cu12/nvidia_cufile_cu12-1.13.1.3-py3-none-manylinux2014_x86_64.manylinux_2_17_x86_64.whl
DEBUG Received a cross-origin redirect. Removing sensitive headers.
DEBUG Received HTTP 301 Moved Permanently. Redirecting to https://pypi.nvidia.cn/nvidia-nvjitlink-cu12/nvidia_nvjitlink_cu12-12.8.93-py3-none-manylinux2010_x86_64.manylinux_2_12_x86_64.whl
DEBUG Received a cross-origin redirect. Removing sensitive headers.
DEBUG Received HTTP 301 Moved Permanently. Redirecting to https://pypi.nvidia.cn/nvidia-cuda-nvrtc-cu12/nvidia_cuda_nvrtc_cu12-12.8.93-py3-none-manylinux2010_x86_64.manylinux_2_12_x86_64.whl
DEBUG Received a cross-origin redirect. Removing sensitive headers.
DEBUG Received HTTP 301 Moved Permanently. Redirecting to https://pypi.nvidia.cn/nvidia-cusparse-cu12/nvidia_cusparse_cu12-12.5.8.93-py3-none-manylinux2014_x86_64.manylinux_2_17_x86_64.whl
DEBUG Received a cross-origin redirect. Removing sensitive headers.
DEBUG Received HTTP 301 Moved Permanently. Redirecting to https://pypi.nvidia.cn/nvidia-cusolver-cu12/nvidia_cusolver_cu12-11.7.3.90-py3-none-manylinux_2_27_x86_64.whl
DEBUG Received a cross-origin redirect. Removing sensitive headers.
DEBUG Received HTTP 301 Moved Permanently. Redirecting to https://pypi.nvidia.cn/nvidia-curand-cu12/nvidia_curand_cu12-10.3.9.90-py3-none-manylinux_2_27_x86_64.whl
DEBUG Received a cross-origin redirect. Removing sensitive headers.
DEBUG Received HTTP 301 Moved Permanently. Redirecting to https://pypi.nvidia.cn/nvidia-cublas-cu12/nvidia_cublas_cu12-12.8.4.1-py3-none-manylinux_2_27_x86_64.whl
DEBUG Received a cross-origin redirect. Removing sensitive headers.
DEBUG Received HTTP 301 Moved Permanently. Redirecting to https://pypi.nvidia.cn/nvidia-cufft-cu12/nvidia_cufft_cu12-11.3.3.83-py3-none-manylinux2014_x86_64.manylinux_2_17_x86_64.whl
DEBUG Adding transitive dependency for nvidia-cudnn-cu12==9.19.0.56: nvidia-cublas-cu12*
DEBUG Searching for a compatible version of nvidia-cudnn-cu12{sys_platform == 'linux'} (==9.19.0.56)
DEBUG Selecting: nvidia-cudnn-cu12==9.19.0.56 [compatible] (nvidia_cudnn_cu12-9.19.0.56-py3-none-manylinux_2_27_x86_64.whl)
DEBUG Adding transitive dependency for nvidia-cudnn-cu12==9.19.0.56: nvidia-cublas-cu12*
DEBUG Searching for a compatible version of nvidia-cusparselt-cu12{sys_platform == 'linux'} (>=0.7.1, <0.7.1+)
DEBUG Selecting: nvidia-cusparselt-cu12==0.7.1 [compatible] (nvidia_cusparselt_cu12-0.7.1-py3-none-manylinux2014_x86_64.whl)
DEBUG Adding transitive dependency for nvidia-cusparselt-cu12==0.7.1: nvidia-cusparselt-cu12==0.7.1
DEBUG Adding transitive dependency for nvidia-cusparselt-cu12==0.7.1: nvidia-cusparselt-cu12{sys_platform == 'linux'}==0.7.1
DEBUG Searching for a compatible version of nvidia-cusparselt-cu12 (==0.7.1)
DEBUG Selecting: nvidia-cusparselt-cu12==0.7.1 [compatible] (nvidia_cusparselt_cu12-0.7.1-py3-none-manylinux2014_x86_64.whl)
DEBUG Searching for a compatible version of nvidia-cusparselt-cu12{sys_platform == 'linux'} (==0.7.1)
DEBUG Selecting: nvidia-cusparselt-cu12==0.7.1 [compatible] (nvidia_cusparselt_cu12-0.7.1-py3-none-manylinux2014_x86_64.whl)
DEBUG Searching for a compatible version of nvidia-nccl-cu12{sys_platform == 'linux'} (>=2.28.9, <2.28.9+)
DEBUG Selecting: nvidia-nccl-cu12==2.28.9 [compatible] (nvidia_nccl_cu12-2.28.9-py3-none-manylinux_2_18_x86_64.whl)
DEBUG Adding transitive dependency for nvidia-nccl-cu12==2.28.9: nvidia-nccl-cu12==2.28.9
DEBUG Adding transitive dependency for nvidia-nccl-cu12==2.28.9: nvidia-nccl-cu12{sys_platform == 'linux'}==2.28.9
DEBUG Searching for a compatible version of nvidia-nccl-cu12 (==2.28.9)
DEBUG Selecting: nvidia-nccl-cu12==2.28.9 [compatible] (nvidia_nccl_cu12-2.28.9-py3-none-manylinux_2_18_x86_64.whl)
DEBUG Searching for a compatible version of nvidia-nccl-cu12{sys_platform == 'linux'} (==2.28.9)
DEBUG Selecting: nvidia-nccl-cu12==2.28.9 [compatible] (nvidia_nccl_cu12-2.28.9-py3-none-manylinux_2_18_x86_64.whl)
DEBUG Searching for a compatible version of nvidia-nvshmem-cu12{sys_platform == 'linux'} (>=3.4.5, <3.4.5+)
DEBUG Selecting: nvidia-nvshmem-cu12==3.4.5 [compatible] (nvidia_nvshmem_cu12-3.4.5-py3-none-manylinux2014_x86_64.manylinux_2_17_x86_64.whl)
DEBUG Adding transitive dependency for nvidia-nvshmem-cu12==3.4.5: nvidia-nvshmem-cu12==3.4.5
DEBUG Adding transitive dependency for nvidia-nvshmem-cu12==3.4.5: nvidia-nvshmem-cu12{sys_platform == 'linux'}==3.4.5
DEBUG Searching for a compatible version of nvidia-nvshmem-cu12 (==3.4.5)
DEBUG Selecting: nvidia-nvshmem-cu12==3.4.5 [compatible] (nvidia_nvshmem_cu12-3.4.5-py3-none-manylinux2014_x86_64.manylinux_2_17_x86_64.whl)
DEBUG Searching for a compatible version of nvidia-nvshmem-cu12{sys_platform == 'linux'} (==3.4.5)
DEBUG Selecting: nvidia-nvshmem-cu12==3.4.5 [compatible] (nvidia_nvshmem_cu12-3.4.5-py3-none-manylinux2014_x86_64.manylinux_2_17_x86_64.whl)
DEBUG Searching for a compatible version of triton{sys_platform == 'linux'} (>=3.6.0, <3.6.0+)
DEBUG Selecting: triton==3.6.0 [compatible] (triton-3.6.0-cp312-cp312-manylinux_2_27_x86_64.manylinux_2_28_x86_64.whl)
DEBUG Adding transitive dependency for triton==3.6.0: triton==3.6.0
DEBUG Adding transitive dependency for triton==3.6.0: triton{sys_platform == 'linux'}==3.6.0
DEBUG Searching for a compatible version of triton (==3.6.0)
DEBUG Selecting: triton==3.6.0 [compatible] (triton-3.6.0-cp312-cp312-manylinux_2_27_x86_64.manylinux_2_28_x86_64.whl)
DEBUG Searching for a compatible version of triton{sys_platform == 'linux'} (==3.6.0)
DEBUG Selecting: triton==3.6.0 [compatible] (triton-3.6.0-cp312-cp312-manylinux_2_27_x86_64.manylinux_2_28_x86_64.whl)
DEBUG Searching for a compatible version of filelock (*)
DEBUG Selecting: filelock==3.32.3 [compatible] (filelock-3.32.3-py3-none-any.whl)
DEBUG Searching for a compatible version of typing-extensions (>=4.10.0)
DEBUG Selecting: typing-extensions==4.16.0 [compatible] (typing_extensions-4.16.0-py3-none-any.whl)
DEBUG Searching for a compatible version of setuptools (<82)
DEBUG Selecting: setuptools==78.1.0 [compatible] (setuptools-78.1.0-py3-none-any.whl)
DEBUG Searching for a compatible version of sympy (>=1.13.3)
DEBUG Selecting: sympy==1.14.0 [compatible] (sympy-1.14.0-py3-none-any.whl)
DEBUG Adding transitive dependency for sympy==1.14.0: mpmath>=1.1.0, <1.4
DEBUG Searching for a compatible version of networkx (>=2.5.1)
DEBUG Selecting: networkx==3.6.1 [compatible] (networkx-3.6.1-py3-none-any.whl)
DEBUG Searching for a compatible version of jinja2 (*)
DEBUG Selecting: jinja2==3.1.6 [compatible] (jinja2-3.1.6-py3-none-any.whl)
DEBUG Adding transitive dependency for jinja2==3.1.6: markupsafe>=2.0
DEBUG Searching for a compatible version of fsspec (>=0.8.5)
DEBUG Selecting: fsspec==2026.7.0 [compatible] (fsspec-2026.7.0-py3-none-any.whl)
DEBUG Searching for a compatible version of cuda-bindings{sys_platform == 'linux'} (>=12.9.4, <13)
DEBUG Selecting: cuda-bindings==12.9.7 [compatible] (cuda_bindings-12.9.7-cp312-cp312-manylinux_2_24_x86_64.manylinux_2_28_x86_64.whl)
DEBUG Adding transitive dependency for cuda-bindings==12.9.7: cuda-bindings==12.9.7
DEBUG Adding transitive dependency for cuda-bindings==12.9.7: cuda-bindings{sys_platform == 'linux'}==12.9.7
DEBUG Searching for a compatible version of cuda-bindings (==12.9.7)
DEBUG Selecting: cuda-bindings==12.9.7 [compatible] (cuda_bindings-12.9.7-cp312-cp312-manylinux_2_24_x86_64.manylinux_2_28_x86_64.whl)
DEBUG Adding transitive dependency for cuda-bindings==12.9.7: cuda-pathfinder>=1.1, <2.dev0
DEBUG Searching for a compatible version of cuda-bindings{sys_platform == 'linux'} (==12.9.7)
DEBUG Selecting: cuda-bindings==12.9.7 [compatible] (cuda_bindings-12.9.7-cp312-cp312-manylinux_2_24_x86_64.manylinux_2_28_x86_64.whl)
DEBUG Adding transitive dependency for cuda-bindings==12.9.7: cuda-pathfinder>=1.1, <2.dev0
DEBUG Searching for a compatible version of nvidia-cublas-cu12{sys_platform == 'linux' or sys_platform == 'win32'} (>=12.8.4.1.dev0, <12.8.4.2.dev0)
DEBUG Selecting: nvidia-cublas-cu12==12.8.4.1 [compatible] (nvidia_cublas_cu12-12.8.4.1-py3-none-manylinux_2_27_x86_64.whl)
DEBUG Adding transitive dependency for nvidia-cublas-cu12==12.8.4.1: nvidia-cublas-cu12==12.8.4.1
DEBUG Adding transitive dependency for nvidia-cublas-cu12==12.8.4.1: nvidia-cublas-cu12{sys_platform == 'linux' or sys_platform == 'win32'}==12.8.4.1
DEBUG Searching for a compatible version of nvidia-cublas-cu12 (==12.8.4.1)
DEBUG Selecting: nvidia-cublas-cu12==12.8.4.1 [compatible] (nvidia_cublas_cu12-12.8.4.1-py3-none-manylinux_2_27_x86_64.whl)
DEBUG Searching for a compatible version of nvidia-cublas-cu12{sys_platform == 'linux' or sys_platform == 'win32'} (==12.8.4.1)
DEBUG Selecting: nvidia-cublas-cu12==12.8.4.1 [compatible] (nvidia_cublas_cu12-12.8.4.1-py3-none-manylinux_2_27_x86_64.whl)
DEBUG Searching for a compatible version of nvidia-cuda-runtime-cu12{sys_platform == 'linux' or sys_platform == 'win32'} (>=12.8.90.dev0, <12.8.91.dev0)
DEBUG Selecting: nvidia-cuda-runtime-cu12==12.8.90 [compatible] (nvidia_cuda_runtime_cu12-12.8.90-py3-none-manylinux2014_x86_64.manylinux_2_17_x86_64.whl)
DEBUG Adding transitive dependency for nvidia-cuda-runtime-cu12==12.8.90: nvidia-cuda-runtime-cu12==12.8.90
DEBUG Adding transitive dependency for nvidia-cuda-runtime-cu12==12.8.90: nvidia-cuda-runtime-cu12{sys_platform == 'linux' or sys_platform == 'win32'}==12.8.90
DEBUG Searching for a compatible version of nvidia-cuda-runtime-cu12 (==12.8.90)
DEBUG Selecting: nvidia-cuda-runtime-cu12==12.8.90 [compatible] (nvidia_cuda_runtime_cu12-12.8.90-py3-none-manylinux2014_x86_64.manylinux_2_17_x86_64.whl)
DEBUG Searching for a compatible version of nvidia-cuda-runtime-cu12{sys_platform == 'linux' or sys_platform == 'win32'} (==12.8.90)
DEBUG Selecting: nvidia-cuda-runtime-cu12==12.8.90 [compatible] (nvidia_cuda_runtime_cu12-12.8.90-py3-none-manylinux2014_x86_64.manylinux_2_17_x86_64.whl)
DEBUG Searching for a compatible version of nvidia-cufft-cu12{sys_platform == 'linux' or sys_platform == 'win32'} (>=11.3.3.83.dev0, <11.3.3.84.dev0)
DEBUG Selecting: nvidia-cufft-cu12==11.3.3.83 [compatible] (nvidia_cufft_cu12-11.3.3.83-py3-none-manylinux2014_x86_64.manylinux_2_17_x86_64.whl)
DEBUG Adding transitive dependency for nvidia-cufft-cu12==11.3.3.83: nvidia-cufft-cu12==11.3.3.83
DEBUG Adding transitive dependency for nvidia-cufft-cu12==11.3.3.83: nvidia-cufft-cu12{sys_platform == 'linux' or sys_platform == 'win32'}==11.3.3.83
DEBUG Searching for a compatible version of nvidia-cufft-cu12 (==11.3.3.83)
DEBUG Selecting: nvidia-cufft-cu12==11.3.3.83 [compatible] (nvidia_cufft_cu12-11.3.3.83-py3-none-manylinux2014_x86_64.manylinux_2_17_x86_64.whl)
DEBUG Adding transitive dependency for nvidia-cufft-cu12==11.3.3.83: nvidia-nvjitlink-cu12*
DEBUG Searching for a compatible version of nvidia-cufft-cu12{sys_platform == 'linux' or sys_platform == 'win32'} (==11.3.3.83)
DEBUG Selecting: nvidia-cufft-cu12==11.3.3.83 [compatible] (nvidia_cufft_cu12-11.3.3.83-py3-none-manylinux2014_x86_64.manylinux_2_17_x86_64.whl)
DEBUG Adding transitive dependency for nvidia-cufft-cu12==11.3.3.83: nvidia-nvjitlink-cu12*
DEBUG Searching for a compatible version of nvidia-cufile-cu12{sys_platform == 'linux'} (>=1.13.1.3.dev0, <1.13.1.4.dev0)
DEBUG Selecting: nvidia-cufile-cu12==1.13.1.3 [compatible] (nvidia_cufile_cu12-1.13.1.3-py3-none-manylinux2014_x86_64.manylinux_2_17_x86_64.whl)
DEBUG Adding transitive dependency for nvidia-cufile-cu12==1.13.1.3: nvidia-cufile-cu12==1.13.1.3
DEBUG Adding transitive dependency for nvidia-cufile-cu12==1.13.1.3: nvidia-cufile-cu12{sys_platform == 'linux'}==1.13.1.3
DEBUG Searching for a compatible version of nvidia-cufile-cu12 (==1.13.1.3)
DEBUG Selecting: nvidia-cufile-cu12==1.13.1.3 [compatible] (nvidia_cufile_cu12-1.13.1.3-py3-none-manylinux2014_x86_64.manylinux_2_17_x86_64.whl)
DEBUG Searching for a compatible version of nvidia-cufile-cu12{sys_platform == 'linux'} (==1.13.1.3)
DEBUG Selecting: nvidia-cufile-cu12==1.13.1.3 [compatible] (nvidia_cufile_cu12-1.13.1.3-py3-none-manylinux2014_x86_64.manylinux_2_17_x86_64.whl)
DEBUG Searching for a compatible version of nvidia-cuda-cupti-cu12{sys_platform == 'linux' or sys_platform == 'win32'} (>=12.8.90.dev0, <12.8.91.dev0)
DEBUG Selecting: nvidia-cuda-cupti-cu12==12.8.90 [compatible] (nvidia_cuda_cupti_cu12-12.8.90-py3-none-manylinux2014_x86_64.manylinux_2_17_x86_64.whl)
DEBUG Adding transitive dependency for nvidia-cuda-cupti-cu12==12.8.90: nvidia-cuda-cupti-cu12==12.8.90
DEBUG Adding transitive dependency for nvidia-cuda-cupti-cu12==12.8.90: nvidia-cuda-cupti-cu12{sys_platform == 'linux' or sys_platform == 'win32'}==12.8.90
DEBUG Searching for a compatible version of nvidia-cuda-cupti-cu12 (==12.8.90)
DEBUG Selecting: nvidia-cuda-cupti-cu12==12.8.90 [compatible] (nvidia_cuda_cupti_cu12-12.8.90-py3-none-manylinux2014_x86_64.manylinux_2_17_x86_64.whl)
DEBUG Searching for a compatible version of nvidia-cuda-cupti-cu12{sys_platform == 'linux' or sys_platform == 'win32'} (==12.8.90)
DEBUG Selecting: nvidia-cuda-cupti-cu12==12.8.90 [compatible] (nvidia_cuda_cupti_cu12-12.8.90-py3-none-manylinux2014_x86_64.manylinux_2_17_x86_64.whl)
DEBUG Searching for a compatible version of nvidia-curand-cu12{sys_platform == 'linux' or sys_platform == 'win32'} (>=10.3.9.90.dev0, <10.3.9.91.dev0)
DEBUG Selecting: nvidia-curand-cu12==10.3.9.90 [compatible] (nvidia_curand_cu12-10.3.9.90-py3-none-manylinux_2_27_x86_64.whl)
DEBUG Adding transitive dependency for nvidia-curand-cu12==10.3.9.90: nvidia-curand-cu12==10.3.9.90
DEBUG Adding transitive dependency for nvidia-curand-cu12==10.3.9.90: nvidia-curand-cu12{sys_platform == 'linux' or sys_platform == 'win32'}==10.3.9.90
DEBUG Searching for a compatible version of nvidia-curand-cu12 (==10.3.9.90)
DEBUG Selecting: nvidia-curand-cu12==10.3.9.90 [compatible] (nvidia_curand_cu12-10.3.9.90-py3-none-manylinux_2_27_x86_64.whl)
DEBUG Searching for a compatible version of nvidia-curand-cu12{sys_platform == 'linux' or sys_platform == 'win32'} (==10.3.9.90)
DEBUG Selecting: nvidia-curand-cu12==10.3.9.90 [compatible] (nvidia_curand_cu12-10.3.9.90-py3-none-manylinux_2_27_x86_64.whl)
DEBUG Searching for a compatible version of nvidia-cusolver-cu12{sys_platform == 'linux' or sys_platform == 'win32'} (>=11.7.3.90.dev0, <11.7.3.91.dev0)
DEBUG Selecting: nvidia-cusolver-cu12==11.7.3.90 [compatible] (nvidia_cusolver_cu12-11.7.3.90-py3-none-manylinux_2_27_x86_64.whl)
DEBUG Adding transitive dependency for nvidia-cusolver-cu12==11.7.3.90: nvidia-cusolver-cu12==11.7.3.90
DEBUG Adding transitive dependency for nvidia-cusolver-cu12==11.7.3.90: nvidia-cusolver-cu12{sys_platform == 'linux' or sys_platform == 'win32'}==11.7.3.90
DEBUG Searching for a compatible version of nvidia-cusolver-cu12 (==11.7.3.90)
DEBUG Selecting: nvidia-cusolver-cu12==11.7.3.90 [compatible] (nvidia_cusolver_cu12-11.7.3.90-py3-none-manylinux_2_27_x86_64.whl)
DEBUG Adding transitive dependency for nvidia-cusolver-cu12==11.7.3.90: nvidia-cublas-cu12*
DEBUG Adding transitive dependency for nvidia-cusolver-cu12==11.7.3.90: nvidia-nvjitlink-cu12*
DEBUG Adding transitive dependency for nvidia-cusolver-cu12==11.7.3.90: nvidia-cusparse-cu12*
DEBUG Searching for a compatible version of nvidia-cusolver-cu12{sys_platform == 'linux' or sys_platform == 'win32'} (==11.7.3.90)
DEBUG Selecting: nvidia-cusolver-cu12==11.7.3.90 [compatible] (nvidia_cusolver_cu12-11.7.3.90-py3-none-manylinux_2_27_x86_64.whl)
DEBUG Adding transitive dependency for nvidia-cusolver-cu12==11.7.3.90: nvidia-cublas-cu12*
DEBUG Adding transitive dependency for nvidia-cusolver-cu12==11.7.3.90: nvidia-nvjitlink-cu12*
DEBUG Adding transitive dependency for nvidia-cusolver-cu12==11.7.3.90: nvidia-cusparse-cu12*
DEBUG Searching for a compatible version of nvidia-cusparse-cu12{sys_platform == 'linux' or sys_platform == 'win32'} (>=12.5.8.93.dev0, <12.5.8.94.dev0)
DEBUG Selecting: nvidia-cusparse-cu12==12.5.8.93 [compatible] (nvidia_cusparse_cu12-12.5.8.93-py3-none-manylinux2014_x86_64.manylinux_2_17_x86_64.whl)
DEBUG Adding transitive dependency for nvidia-cusparse-cu12==12.5.8.93: nvidia-cusparse-cu12==12.5.8.93
DEBUG Adding transitive dependency for nvidia-cusparse-cu12==12.5.8.93: nvidia-cusparse-cu12{sys_platform == 'linux' or sys_platform == 'win32'}==12.5.8.93
DEBUG Searching for a compatible version of nvidia-cusparse-cu12 (==12.5.8.93)
DEBUG Selecting: nvidia-cusparse-cu12==12.5.8.93 [compatible] (nvidia_cusparse_cu12-12.5.8.93-py3-none-manylinux2014_x86_64.manylinux_2_17_x86_64.whl)
DEBUG Adding transitive dependency for nvidia-cusparse-cu12==12.5.8.93: nvidia-nvjitlink-cu12*
DEBUG Searching for a compatible version of nvidia-cusparse-cu12{sys_platform == 'linux' or sys_platform == 'win32'} (==12.5.8.93)
DEBUG Selecting: nvidia-cusparse-cu12==12.5.8.93 [compatible] (nvidia_cusparse_cu12-12.5.8.93-py3-none-manylinux2014_x86_64.manylinux_2_17_x86_64.whl)
DEBUG Adding transitive dependency for nvidia-cusparse-cu12==12.5.8.93: nvidia-nvjitlink-cu12*
DEBUG Searching for a compatible version of nvidia-nvjitlink-cu12{sys_platform == 'linux' or sys_platform == 'win32'} (>=12.8.93.dev0, <12.8.94.dev0)
DEBUG Selecting: nvidia-nvjitlink-cu12==12.8.93 [compatible] (nvidia_nvjitlink_cu12-12.8.93-py3-none-manylinux2010_x86_64.manylinux_2_12_x86_64.whl)
DEBUG Adding transitive dependency for nvidia-nvjitlink-cu12==12.8.93: nvidia-nvjitlink-cu12==12.8.93
DEBUG Adding transitive dependency for nvidia-nvjitlink-cu12==12.8.93: nvidia-nvjitlink-cu12{sys_platform == 'linux' or sys_platform == 'win32'}==12.8.93
DEBUG Searching for a compatible version of nvidia-nvjitlink-cu12 (==12.8.93)
DEBUG Selecting: nvidia-nvjitlink-cu12==12.8.93 [compatible] (nvidia_nvjitlink_cu12-12.8.93-py3-none-manylinux2010_x86_64.manylinux_2_12_x86_64.whl)
DEBUG Searching for a compatible version of nvidia-nvjitlink-cu12{sys_platform == 'linux' or sys_platform == 'win32'} (==12.8.93)
DEBUG Selecting: nvidia-nvjitlink-cu12==12.8.93 [compatible] (nvidia_nvjitlink_cu12-12.8.93-py3-none-manylinux2010_x86_64.manylinux_2_12_x86_64.whl)
DEBUG Searching for a compatible version of nvidia-cuda-nvrtc-cu12{sys_platform == 'linux' or sys_platform == 'win32'} (>=12.8.93.dev0, <12.8.94.dev0)
DEBUG Selecting: nvidia-cuda-nvrtc-cu12==12.8.93 [compatible] (nvidia_cuda_nvrtc_cu12-12.8.93-py3-none-manylinux2010_x86_64.manylinux_2_12_x86_64.whl)
DEBUG Adding transitive dependency for nvidia-cuda-nvrtc-cu12==12.8.93: nvidia-cuda-nvrtc-cu12==12.8.93
DEBUG Adding transitive dependency for nvidia-cuda-nvrtc-cu12==12.8.93: nvidia-cuda-nvrtc-cu12{sys_platform == 'linux' or sys_platform == 'win32'}==12.8.93
DEBUG Searching for a compatible version of nvidia-cuda-nvrtc-cu12 (==12.8.93)
DEBUG Selecting: nvidia-cuda-nvrtc-cu12==12.8.93 [compatible] (nvidia_cuda_nvrtc_cu12-12.8.93-py3-none-manylinux2010_x86_64.manylinux_2_12_x86_64.whl)
DEBUG Searching for a compatible version of nvidia-cuda-nvrtc-cu12{sys_platform == 'linux' or sys_platform == 'win32'} (==12.8.93)
DEBUG Selecting: nvidia-cuda-nvrtc-cu12==12.8.93 [compatible] (nvidia_cuda_nvrtc_cu12-12.8.93-py3-none-manylinux2010_x86_64.manylinux_2_12_x86_64.whl)
DEBUG Searching for a compatible version of nvidia-nvtx-cu12{sys_platform == 'linux' or sys_platform == 'win32'} (>=12.8.90.dev0, <12.8.91.dev0)
DEBUG Selecting: nvidia-nvtx-cu12==12.8.90 [compatible] (nvidia_nvtx_cu12-12.8.90-py3-none-manylinux2014_x86_64.manylinux_2_17_x86_64.whl)
DEBUG Adding transitive dependency for nvidia-nvtx-cu12==12.8.90: nvidia-nvtx-cu12==12.8.90
DEBUG Adding transitive dependency for nvidia-nvtx-cu12==12.8.90: nvidia-nvtx-cu12{sys_platform == 'linux' or sys_platform == 'win32'}==12.8.90
DEBUG Searching for a compatible version of nvidia-nvtx-cu12 (==12.8.90)
DEBUG Selecting: nvidia-nvtx-cu12==12.8.90 [compatible] (nvidia_nvtx_cu12-12.8.90-py3-none-manylinux2014_x86_64.manylinux_2_17_x86_64.whl)
DEBUG Searching for a compatible version of nvidia-nvtx-cu12{sys_platform == 'linux' or sys_platform == 'win32'} (==12.8.90)
DEBUG Selecting: nvidia-nvtx-cu12==12.8.90 [compatible] (nvidia_nvtx_cu12-12.8.90-py3-none-manylinux2014_x86_64.manylinux_2_17_x86_64.whl)
DEBUG No cache entry for: https://download.pytorch.org/whl/cu128/mpmath/
DEBUG No cache entry for: https://download.pytorch.org/whl/cu128/cuda-pathfinder/
DEBUG No cache entry for: https://download.pytorch.org/whl/cu128/markupsafe/
WARN Skipping file for mpmath: mpmath-0.10.win32.exe
WARN Skipping file for mpmath: mpmath-0.11.win32.exe
WARN Skipping file for mpmath: mpmath-0.12.win32.exe
WARN Skipping file for mpmath: mpmath-0.13.win32.exe
WARN Skipping file for mpmath: mpmath-0.14.win32.exe
WARN Skipping file for mpmath: mpmath-0.15.win32.exe
WARN Skipping file for mpmath: mpmath-0.16.win32-py2.6.msi
WARN Skipping file for mpmath: mpmath-0.17.win32.exe
WARN Skipping file for mpmath: mpmath-0.2.win32.exe
WARN Skipping file for mpmath: mpmath-0.3.win32.exe
WARN Skipping file for mpmath: mpmath-0.4.src.zip
WARN Skipping file for mpmath: mpmath-0.4.win32.exe
WARN Skipping file for mpmath: mpmath-0.5.win32.exe
WARN Skipping file for mpmath: mpmath-0.6.win32.exe
WARN Skipping file for mpmath: mpmath-0.7.win32.exe
WARN Skipping file for mpmath: mpmath-0.8.win32.exe
WARN Skipping file for mpmath: mpmath-0.9.win32.exe
WARN Skipping file for mpmath: mpmath-all-0.17.tar.gz
WARN Skipping file for mpmath: mpmath-all-0.18.tar.gz
WARN Skipping file for mpmath: mpmath-all-0.19.tar.gz
WARN Skipping file for mpmath: mpmath-docsrc-0.16.tar.gz
DEBUG Searching for a compatible version of mpmath (>=1.1.0, <1.4)
DEBUG Selecting: mpmath==1.3.0 [compatible] (mpmath-1.3.0-py3-none-any.whl)
DEBUG No cache entry for: https://files.pythonhosted.org/packages/43/e3/7d92a15f894aa0c9c4b49b8ee9ac9850d6e63b03c9c32c0367a13ae62209/mpmath-1.3.0-py3-none-any.whl.metadata
DEBUG No cache entry for: https://files.pythonhosted.org/packages/fc/b4/d088047afe39827556df21118cac9ffd20cc3f968c99a7681494d1eb333c/cuda_pathfinder-1.6.0-py3-none-any.whl.metadata
DEBUG No cache entry for: https://download.pytorch.org/whl/markupsafe-3.0.3-cp312-cp312-manylinux2014_x86_64.manylinux_2_17_x86_64.manylinux_2_28_x86_64.whl.metadata
DEBUG Searching for a compatible version of markupsafe (>=2.0)
DEBUG Selecting: markupsafe==3.0.3 [compatible] (markupsafe-3.0.3-cp312-cp312-manylinux2014_x86_64.manylinux_2_17_x86_64.manylinux_2_28_x86_64.whl)
DEBUG Searching for a compatible version of cuda-pathfinder (>=1.1, <2.dev0)
DEBUG Selecting: cuda-pathfinder==1.6.0 [compatible] (cuda_pathfinder-1.6.0-py3-none-any.whl)
DEBUG Tried 29 versions: cuda-bindings 1, cuda-pathfinder 1, cuda-toolkit 1, filelock 1, fsspec 1, jinja2 1, markupsafe 1, mpmath 1, networkx 1, nvidia-cublas-cu12 1, nvidia-cuda-cupti-cu12 1, nvidia-cuda-nvrtc-cu12 1, nvidia-cuda-runtime-cu12 1, nvidia-cudnn-cu12 1, nvidia-cufft-cu12 1, nvidia-cufile-cu12 1, nvidia-curand-cu12 1, nvidia-cusolver-cu12 1, nvidia-cusparse-cu12 1, nvidia-cusparselt-cu12 1, nvidia-nccl-cu12 1, nvidia-nvjitlink-cu12 1, nvidia-nvshmem-cu12 1, nvidia-nvtx-cu12 1, setuptools 1, sympy 1, torch 1, triton 1, typing-extensions 1
DEBUG marker environment resolution took 143.327s
Resolved 29 packages in 2m 23s
DEBUG Identified uncached distribution: nvidia-nccl-cu12==2.28.9
DEBUG Identified uncached distribution: nvidia-cuda-nvrtc-cu12==12.8.93
DEBUG Identified uncached distribution: mpmath==1.3.0
DEBUG Identified uncached distribution: nvidia-cusparse-cu12==12.5.8.93
DEBUG Identified uncached distribution: sympy==1.14.0
DEBUG Identified uncached distribution: nvidia-cuda-runtime-cu12==12.8.90
DEBUG Identified uncached distribution: nvidia-cublas-cu12==12.8.4.1
DEBUG Identified uncached distribution: jinja2==3.1.6
DEBUG Identified uncached distribution: nvidia-cufile-cu12==1.13.1.3
DEBUG Identified uncached distribution: triton==3.6.0
DEBUG Identified uncached distribution: cuda-bindings==12.9.7
DEBUG Identified uncached distribution: cuda-toolkit==12.8.1
DEBUG Identified uncached distribution: filelock==3.32.3
DEBUG Identified uncached distribution: nvidia-cusparselt-cu12==0.7.1
DEBUG Identified uncached distribution: networkx==3.6.1
DEBUG Identified uncached distribution: cuda-pathfinder==1.6.0
DEBUG Identified uncached distribution: markupsafe==3.0.3
DEBUG Identified uncached distribution: nvidia-nvjitlink-cu12==12.8.93
DEBUG Identified uncached distribution: nvidia-cudnn-cu12==9.19.0.56
DEBUG Identified uncached distribution: nvidia-cufft-cu12==11.3.3.83
DEBUG Identified uncached distribution: typing-extensions==4.16.0
DEBUG Identified uncached distribution: nvidia-nvshmem-cu12==3.4.5
DEBUG Identified uncached distribution: fsspec==2026.7.0
DEBUG Identified uncached distribution: torch==2.11.0+cu128
DEBUG Identified uncached distribution: nvidia-cuda-cupti-cu12==12.8.90
DEBUG Identified uncached distribution: nvidia-cusolver-cu12==11.7.3.90
DEBUG Identified uncached distribution: nvidia-nvtx-cu12==12.8.90
DEBUG Requirement installed, but mismatched:
  Installed: InstalledDist { kind: EggInfoDirectory(InstalledEggInfoDirectory { name: PackageName("setuptools"), version: "84.0.0", path: "/home/huangyating/miniconda3/envs/m2vllm/lib/python3.12/site-packages/setuptools-84.0.0-py3.10.egg-info" }), metadata_cache: OnceLock(<uninit>), tags_cache: OnceLock(<uninit>) }
  Requested: Registry { specifier: VersionSpecifiers([VersionSpecifier { operator: Equal, version: "78.1.0" }]), index: Some(IndexMetadata { url: Url(VerbatimUrl { url: DisplaySafeUrl { scheme: "https", cannot_be_a_base: false, username: "", password: None, host: Some(Domain("download.pytorch.org")), port: None, path: "/whl/cu128", query: None, fragment: None }, given: Some("https://download.pytorch.org/whl/cu128") }), format: Simple }), conflict: None }
DEBUG Identified uncached distribution: setuptools==78.1.0
DEBUG Identified uncached distribution: nvidia-curand-cu12==10.3.9.90
DEBUG Unnecessary package: packaging==26.3 (from file:///home/conda/feedstock_root/build_artifacts/bld/rattler-build_packaging_1785888127/work)
DEBUG Preserving seed package: pip==26.2.1 (from file:///home/conda/feedstock_root/build_artifacts/pip_1785914405025/work)
DEBUG Unnecessary package: wheel==0.48.0
DEBUG No cache entry for: https://pypi.nvidia.com/nvidia-nccl-cu12/nvidia_nccl_cu12-2.28.9-py3-none-manylinux_2_18_x86_64.whl
DEBUG No cache entry for: https://files.pythonhosted.org/packages/43/e3/7d92a15f894aa0c9c4b49b8ee9ac9850d6e63b03c9c32c0367a13ae62209/mpmath-1.3.0-py3-none-any.whl
DEBUG No cache entry for: https://pypi.nvidia.com/nvidia-cuda-nvrtc-cu12/nvidia_cuda_nvrtc_cu12-12.8.93-py3-none-manylinux2010_x86_64.manylinux_2_12_x86_64.whl
DEBUG No cache entry for: https://files.pythonhosted.org/packages/a2/09/77d55d46fd61b4a135c444fc97158ef34a095e5681d0a6c10b75bf356191/sympy-1.14.0-py3-none-any.whl
DEBUG No cache entry for: https://pypi.nvidia.com/nvidia-cuda-runtime-cu12/nvidia_cuda_runtime_cu12-12.8.90-py3-none-manylinux2014_x86_64.manylinux_2_17_x86_64.whl
DEBUG No cache entry for: https://pypi.nvidia.com/nvidia-cublas-cu12/nvidia_cublas_cu12-12.8.4.1-py3-none-manylinux_2_27_x86_64.whl
DEBUG No cache entry for: https://pypi.nvidia.com/nvidia-cusparse-cu12/nvidia_cusparse_cu12-12.5.8.93-py3-none-manylinux2014_x86_64.manylinux_2_17_x86_64.whl
DEBUG No cache entry for: https://pypi.nvidia.com/nvidia-cufile-cu12/nvidia_cufile_cu12-1.13.1.3-py3-none-manylinux2014_x86_64.manylinux_2_17_x86_64.whl
DEBUG No cache entry for: https://download.pytorch.org/whl/jinja2-3.1.6-py3-none-any.whl
DEBUG No cache entry for: https://download-r2.pytorch.org/whl/triton-3.6.0-cp312-cp312-manylinux_2_27_x86_64.manylinux_2_28_x86_64.whl
DEBUG No cache entry for: https://files.pythonhosted.org/packages/91/97/e3c6e58ece26a053419ba0a18444b5443cfc64451bbf37f84e8143b8bdca/cuda_bindings-12.9.7-cp312-cp312-manylinux_2_24_x86_64.manylinux_2_28_x86_64.whl
DEBUG No cache entry for: https://pypi.nvidia.com/cuda-toolkit/cuda_toolkit-12.8.1-py2.py3-none-any.whl
DEBUG No cache entry for: https://files.pythonhosted.org/packages/a7/8e/50f46a9c0ce8d2861a394c1347caae037ea0431d2f67d7feb151cbc4649a/filelock-3.32.3-py3-none-any.whl
DEBUG No cache entry for: https://pypi.nvidia.com/nvidia-cusparselt-cu12/nvidia_cusparselt_cu12-0.7.1-py3-none-manylinux2014_x86_64.whl
DEBUG No cache entry for: https://files.pythonhosted.org/packages/9e/c9/b2622292ea83fbb4ec318f5b9ab867d0a28ab43c5717bb85b0a5f6b3b0a4/networkx-3.6.1-py3-none-any.whl
DEBUG No cache entry for: https://files.pythonhosted.org/packages/fc/b4/d088047afe39827556df21118cac9ffd20cc3f968c99a7681494d1eb333c/cuda_pathfinder-1.6.0-py3-none-any.whl
DEBUG No cache entry for: https://files.pythonhosted.org/packages/49/d3/b8441a820a491ddfc024b0b0cf0393375b75ea13866d9c66727e54c2fc80/typing_extensions-4.16.0-py3-none-any.whl
DEBUG No cache entry for: https://pypi.nvidia.com/nvidia-cufft-cu12/nvidia_cufft_cu12-11.3.3.83-py3-none-manylinux2014_x86_64.manylinux_2_17_x86_64.whl
DEBUG No cache entry for: https://pypi.nvidia.com/nvidia-nvshmem-cu12/nvidia_nvshmem_cu12-3.4.5-py3-none-manylinux2014_x86_64.manylinux_2_17_x86_64.whl
DEBUG No cache entry for: https://download.pytorch.org/whl/markupsafe-3.0.3-cp312-cp312-manylinux2014_x86_64.manylinux_2_17_x86_64.manylinux_2_28_x86_64.whl
DEBUG No cache entry for: https://pypi.nvidia.com/nvidia-nvjitlink-cu12/nvidia_nvjitlink_cu12-12.8.93-py3-none-manylinux2010_x86_64.manylinux_2_12_x86_64.whl
DEBUG No cache entry for: https://pypi.nvidia.com/nvidia-cudnn-cu12/nvidia_cudnn_cu12-9.19.0.56-py3-none-manylinux_2_27_x86_64.whl
DEBUG No cache entry for: https://files.pythonhosted.org/packages/fd/3c/6a2bf344106328fd04963664a60b9bb6496fc25df8e962fcdc1367285fb9/fsspec-2026.7.0-py3-none-any.whl
DEBUG No cache entry for: https://download-r2.pytorch.org/whl/cu128/torch-2.11.0%2Bcu128-cp312-cp312-manylinux_2_28_x86_64.whl
DEBUG No cache entry for: https://pypi.nvidia.com/nvidia-cuda-cupti-cu12/nvidia_cuda_cupti_cu12-12.8.90-py3-none-manylinux2014_x86_64.manylinux_2_17_x86_64.whl
DEBUG No cache entry for: https://pypi.nvidia.com/nvidia-curand-cu12/nvidia_curand_cu12-10.3.9.90-py3-none-manylinux_2_27_x86_64.whl
DEBUG No cache entry for: https://pypi.nvidia.com/nvidia-cusolver-cu12/nvidia_cusolver_cu12-11.7.3.90-py3-none-manylinux_2_27_x86_64.whl
DEBUG No cache entry for: https://download.pytorch.org/whl/setuptools-78.1.0-py3-none-any.whl
DEBUG No cache entry for: https://pypi.nvidia.com/nvidia-nvtx-cu12/nvidia_nvtx_cu12-12.8.90-py3-none-manylinux2014_x86_64.manylinux_2_17_x86_64.whl
Downloading triton (179.6MiB)
Downloading setuptools (1.2MiB)
Downloading torch (782.3MiB)
DEBUG Received a cross-origin redirect. Removing sensitive headers.
DEBUG Received HTTP 301 Moved Permanently. Redirecting to https://pypi.nvidia.cn/nvidia-nvtx-cu12/nvidia_nvtx_cu12-12.8.90-py3-none-manylinux2014_x86_64.manylinux_2_17_x86_64.whl
DEBUG Received a cross-origin redirect. Removing sensitive headers.
DEBUG Received HTTP 301 Moved Permanently. Redirecting to https://pypi.nvidia.cn/nvidia-nccl-cu12/nvidia_nccl_cu12-2.28.9-py3-none-manylinux_2_18_x86_64.whl
DEBUG Received a cross-origin redirect. Removing sensitive headers.
DEBUG Received HTTP 301 Moved Permanently. Redirecting to https://pypi.nvidia.cn/nvidia-cuda-nvrtc-cu12/nvidia_cuda_nvrtc_cu12-12.8.93-py3-none-manylinux2010_x86_64.manylinux_2_12_x86_64.whl
DEBUG Received a cross-origin redirect. Removing sensitive headers.
DEBUG Received HTTP 301 Moved Permanently. Redirecting to https://pypi.nvidia.cn/nvidia-cublas-cu12/nvidia_cublas_cu12-12.8.4.1-py3-none-manylinux_2_27_x86_64.whl
DEBUG Received a cross-origin redirect. Removing sensitive headers.
DEBUG Received HTTP 301 Moved Permanently. Redirecting to https://pypi.nvidia.cn/nvidia-cusparse-cu12/nvidia_cusparse_cu12-12.5.8.93-py3-none-manylinux2014_x86_64.manylinux_2_17_x86_64.whl
DEBUG Received a cross-origin redirect. Removing sensitive headers.
DEBUG Received HTTP 301 Moved Permanently. Redirecting to https://pypi.nvidia.cn/nvidia-cufile-cu12/nvidia_cufile_cu12-1.13.1.3-py3-none-manylinux2014_x86_64.manylinux_2_17_x86_64.whl
DEBUG Received a cross-origin redirect. Removing sensitive headers.
DEBUG Received HTTP 301 Moved Permanently. Redirecting to https://pypi.nvidia.cn/cuda-toolkit/cuda_toolkit-12.8.1-py2.py3-none-any.whl
DEBUG Received a cross-origin redirect. Removing sensitive headers.
DEBUG Received HTTP 301 Moved Permanently. Redirecting to https://pypi.nvidia.cn/nvidia-cufft-cu12/nvidia_cufft_cu12-11.3.3.83-py3-none-manylinux2014_x86_64.manylinux_2_17_x86_64.whl
DEBUG Received a cross-origin redirect. Removing sensitive headers.
DEBUG Received HTTP 301 Moved Permanently. Redirecting to https://pypi.nvidia.cn/nvidia-nvshmem-cu12/nvidia_nvshmem_cu12-3.4.5-py3-none-manylinux2014_x86_64.manylinux_2_17_x86_64.whl
DEBUG Received a cross-origin redirect. Removing sensitive headers.
DEBUG Received HTTP 301 Moved Permanently. Redirecting to https://pypi.nvidia.cn/nvidia-nvjitlink-cu12/nvidia_nvjitlink_cu12-12.8.93-py3-none-manylinux2010_x86_64.manylinux_2_12_x86_64.whl
DEBUG Received a cross-origin redirect. Removing sensitive headers.
DEBUG Received HTTP 301 Moved Permanently. Redirecting to https://pypi.nvidia.cn/nvidia-cudnn-cu12/nvidia_cudnn_cu12-9.19.0.56-py3-none-manylinux_2_27_x86_64.whl
DEBUG Received a cross-origin redirect. Removing sensitive headers.
DEBUG Received HTTP 301 Moved Permanently. Redirecting to https://pypi.nvidia.cn/nvidia-cuda-cupti-cu12/nvidia_cuda_cupti_cu12-12.8.90-py3-none-manylinux2014_x86_64.manylinux_2_17_x86_64.whl
DEBUG Received a cross-origin redirect. Removing sensitive headers.
DEBUG Received HTTP 301 Moved Permanently. Redirecting to https://pypi.nvidia.cn/nvidia-curand-cu12/nvidia_curand_cu12-10.3.9.90-py3-none-manylinux_2_27_x86_64.whl
DEBUG Received a cross-origin redirect. Removing sensitive headers.
DEBUG Received HTTP 301 Moved Permanently. Redirecting to https://pypi.nvidia.cn/nvidia-cusolver-cu12/nvidia_cusolver_cu12-11.7.3.90-py3-none-manylinux_2_27_x86_64.whl
DEBUG Received a cross-origin redirect. Removing sensitive headers.
DEBUG Received HTTP 301 Moved Permanently. Redirecting to https://pypi.nvidia.cn/nvidia-cuda-runtime-cu12/nvidia_cuda_runtime_cu12-12.8.90-py3-none-manylinux2014_x86_64.manylinux_2_17_x86_64.whl
DEBUG Received a cross-origin redirect. Removing sensitive headers.
DEBUG Received HTTP 301 Moved Permanently. Redirecting to https://pypi.nvidia.cn/nvidia-cusparselt-cu12/nvidia_cusparselt_cu12-0.7.1-py3-none-manylinux2014_x86_64.whl
Downloading nvidia-nccl-cu12 (283.0MiB)
Downloading nvidia-cublas-cu12 (566.8MiB)
Downloading nvidia-cufft-cu12 (184.2MiB)
Downloading nvidia-cuda-nvrtc-cu12 (84.0MiB)
Downloading nvidia-cufile-cu12 (1.1MiB)
Downloading nvidia-cusparse-cu12 (274.9MiB)
Downloading nvidia-nvjitlink-cu12 (37.4MiB)
Downloading nvidia-cusparselt-cu12 (273.9MiB)
Downloading nvidia-cusolver-cu12 (255.1MiB)
Downloading nvidia-cuda-cupti-cu12 (9.8MiB)
Downloading nvidia-curand-cu12 (60.7MiB)
Downloading nvidia-cudnn-cu12 (627.4MiB)
Downloading nvidia-nvshmem-cu12 (132.7MiB)
Downloading networkx (2.0MiB)
Downloading sympy (6.0MiB)
Downloading cuda-bindings (7.3MiB)
 Downloading nvidia-cufile-cu12
