/home/huangyating/miniconda3/envs/m2vllm/lib/python3.12/site-packages/torch/nn/modules/conv.py:186: UserWarning: Initializing zero-element tensors is a no-op
  init.kaiming_uniform_(self.weight, a=math.sqrt(5))
          model source     n  accuracy10  accuracy4  macro_f1_10  macro_f1_4  delta_acc10_pp  delta_acc4_pp  meets_half_pp
       original    ALL 85955    1.000000   1.000000     1.000000    1.000000        0.000000       0.000000           True
       original   CWRU    49    1.000000   1.000000     0.100000    0.250000        0.000000       0.000000           True
       original   DIRG   714    1.000000   1.000000     0.100000    0.250000        0.000000       0.000000           True
       original    HIT  6755    1.000000   1.000000     0.300000    0.750000        0.000000       0.000000           True
       original    IMS 32536    1.000000   1.000000     0.700000    1.000000        0.000000       0.000000           True
       original   JUST 30790    1.000000   1.000000     0.400000    1.000000        0.000000       0.000000           True
       original   MFPT    24    1.000000   1.000000     0.200000    0.500000        0.000000       0.000000           True
       original  NCEPU   630    1.000000   1.000000     0.100000    0.250000        0.000000       0.000000           True
       original     PU  5123    1.000000   1.000000     0.500000    0.750000        0.000000       0.000000           True
       original   XJTU  9334    1.000000   1.000000     1.000000    1.000000        0.000000       0.000000           True
             v0    ALL 85955    0.999930   0.999942     0.999791    0.999932       -0.006980      -0.005817           True
             v0   CWRU    49    1.000000   1.000000     0.100000    0.250000        0.000000       0.000000           True
             v0   DIRG   714    1.000000   1.000000     0.100000    0.250000        0.000000       0.000000           True
             v0    HIT  6755    0.999704   0.999704     0.299963    0.749706       -0.029608      -0.029608           True
             v0    IMS 32536    1.000000   1.000000     0.700000    1.000000        0.000000       0.000000           True
             v0   JUST 30790    0.999870   0.999903     0.399954    0.999902       -0.012991      -0.009743           True
             v0   MFPT    24    1.000000   1.000000     0.200000    0.500000        0.000000       0.000000           True
             v0  NCEPU   630    1.000000   1.000000     0.100000    0.250000        0.000000       0.000000           True
             v0     PU  5123    1.000000   1.000000     0.500000    0.750000        0.000000       0.000000           True
             v0   XJTU  9334    1.000000   1.000000     1.000000    1.000000        0.000000       0.000000           True
query_no_demean    ALL 85955    1.000000   1.000000     1.000000    1.000000        0.000000       0.000000           True
query_no_demean   CWRU    49    1.000000   1.000000     0.100000    0.250000        0.000000       0.000000           True
query_no_demean   DIRG   714    1.000000   1.000000     0.100000    0.250000        0.000000       0.000000           True
query_no_demean    HIT  6755    1.000000   1.000000     0.300000    0.750000        0.000000       0.000000           True
query_no_demean    IMS 32536    1.000000   1.000000     0.700000    1.000000        0.000000       0.000000           True
query_no_demean   JUST 30790    1.000000   1.000000     0.400000    1.000000        0.000000       0.000000           True
query_no_demean   MFPT    24    1.000000   1.000000     0.200000    0.500000        0.000000       0.000000           True
query_no_demean  NCEPU   630    1.000000   1.000000     0.100000    0.250000        0.000000       0.000000           True
query_no_demean     PU  5123    1.000000   1.000000     0.500000    0.750000        0.000000       0.000000           True
query_no_demean   XJTU  9334    1.000000   1.000000     1.000000    1.000000        0.000000       0.000000           True
